2025-04-16T05:13:12.479Z - SUCCESS: Lead push scheduler started at 2025-04-16T05:13:12.478Z with schedule "*/1 * * * *" and URL: http://localhost:5001/api/PushLeads
2025-04-16T05:13:12.481Z - SUCCESS: Lead push scheduler started at 2025-04-16T05:13:12.481Z with schedule "*/1 * * * *" and URL: http://localhost:5001/api/getSheetData?spreadsheetId=1f3Rk4tCszNRsnnClRNI26UB8qPFtTUjAHD0sFglMJf4
2025-04-16T05:13:12.484Z - SUCCESS: Lead push scheduler started at 2025-04-16T05:13:12.484Z with schedule "*/1 * * * *" and URL: http://localhost:5001/api/getSheetData?spreadsheetId=1_J6mcwcZfxhUpjsOcQ2HORlynWa8IuBMA3uAHdSGbEY
2025-04-16T05:14:01.091Z - SUCCESS: Successfully ran scheduler at 2025-04-16T05:14:01.091Z with schedule "*/1 * * * *" and URL: http://localhost:5001/api/PushLeads
2025-04-16T05:14:01.092Z - SUCCESS: Successfully ran scheduler at 2025-04-16T05:14:01.092Z with schedule "*/1 * * * *" and URL: http://localhost:5001/api/PushLeads
2025-04-16T05:15:00.563Z - SUCCESS: Successfully ran scheduler at 2025-04-16T05:15:00.562Z with schedule "*/1 * * * *" and URL: http://localhost:5001/api/PushLeads
2025-04-16T05:15:00.565Z - SUCCESS: Successfully ran scheduler at 2025-04-16T05:15:00.564Z with schedule "*/1 * * * *" and URL: http://localhost:5001/api/PushLeads
2025-04-16T05:15:26.023Z - SUCCESS: Lead push scheduler started at 2025-04-16T05:15:26.022Z with schedule "*/1 * * * *" and URL: http://localhost:5001/api/PushLeads
2025-04-16T05:15:26.025Z - SUCCESS: Lead push scheduler started at 2025-04-16T05:15:26.024Z with schedule "*/1 * * * *" and URL: http://localhost:5001/api/getSheetData?spreadsheetId=1f3Rk4tCszNRsnnClRNI26UB8qPFtTUjAHD0sFglMJf4
2025-04-16T05:15:26.027Z - SUCCESS: Lead push scheduler started at 2025-04-16T05:15:26.027Z with schedule "*/1 * * * *" and URL: http://localhost:5001/api/getSheetData?spreadsheetId=1_J6mcwcZfxhUpjsOcQ2HORlynWa8IuBMA3uAHdSGbEY
2025-04-16T05:16:00.387Z - SUCCESS: Successfully ran scheduler at 2025-04-16T05:16:00.387Z with schedule "*/1 * * * *" and URL: http://localhost:5001/api/PushLeads
2025-04-16T05:16:00.388Z - SUCCESS: Successfully ran scheduler at 2025-04-16T05:16:00.387Z with schedule "*/1 * * * *" and URL: http://localhost:5001/api/PushLeads
2025-04-16T05:17:02.137Z - SUCCESS: Lead push scheduler started at 2025-04-16T05:17:02.136Z with schedule "*/1 * * * *" and URL: http://localhost:5001/api/PushLeads
2025-04-16T05:17:02.139Z - SUCCESS: Lead push scheduler started at 2025-04-16T05:17:02.139Z with schedule "*/1 * * * *" and URL: http://localhost:5001/api/getSheetData?spreadsheetId=1f3Rk4tCszNRsnnClRNI26UB8qPFtTUjAHD0sFglMJf4
2025-04-16T05:17:02.141Z - SUCCESS: Lead push scheduler started at 2025-04-16T05:17:02.141Z with schedule "*/1 * * * *" and URL: http://localhost:5001/api/getSheetData?spreadsheetId=1_J6mcwcZfxhUpjsOcQ2HORlynWa8IuBMA3uAHdSGbEY
2025-04-16T05:18:00.782Z - SUCCESS: Successfully ran scheduler at 2025-04-16T05:18:00.781Z with schedule "*/1 * * * *" and URL: http://localhost:5001/api/PushLeads
2025-04-16T05:18:00.782Z - SUCCESS: Successfully ran scheduler at 2025-04-16T05:18:00.782Z with schedule "*/1 * * * *" and URL: http://localhost:5001/api/PushLeads
2025-04-16T05:18:24.640Z - SUCCESS: Lead push scheduler started at 2025-04-16T05:18:24.639Z with schedule "*/1 * * * *" and URL: http://localhost:5001/api/PushLeads
2025-04-16T05:18:24.642Z - SUCCESS: Lead push scheduler started at 2025-04-16T05:18:24.641Z with schedule "*/1 * * * *" and URL: http://localhost:5001/api/getSheetData?spreadsheetId=1f3Rk4tCszNRsnnClRNI26UB8qPFtTUjAHD0sFglMJf4
2025-04-16T05:18:24.644Z - SUCCESS: Lead push scheduler started at 2025-04-16T05:18:24.644Z with schedule "*/1 * * * *" and URL: http://localhost:5001/api/getSheetData?spreadsheetId=1_J6mcwcZfxhUpjsOcQ2HORlynWa8IuBMA3uAHdSGbEY
2025-04-16T05:19:22.763Z - SUCCESS: Lead push scheduler started at 2025-04-16T05:19:22.762Z with schedule "*/1 * * * *" and URL: http://localhost:5001/api/PushLeads
2025-04-16T05:19:22.764Z - SUCCESS: Lead push scheduler started at 2025-04-16T05:19:22.764Z with schedule "*/1 * * * *" and URL: http://localhost:5001/api/getSheetData?spreadsheetId=1f3Rk4tCszNRsnnClRNI26UB8qPFtTUjAHD0sFglMJf4
2025-04-16T05:19:22.766Z - SUCCESS: Lead push scheduler started at 2025-04-16T05:19:22.766Z with schedule "*/1 * * * *" and URL: http://localhost:5001/api/getSheetData?spreadsheetId=1_J6mcwcZfxhUpjsOcQ2HORlynWa8IuBMA3uAHdSGbEY
2025-04-16T05:20:00.299Z - SUCCESS: Successfully ran scheduler at 2025-04-16T05:20:00.298Z with schedule "*/1 * * * *" and URL: http://localhost:5001/api/PushLeads
2025-04-16T05:20:00.299Z - SUCCESS: Successfully ran scheduler at 2025-04-16T05:20:00.299Z with schedule "*/1 * * * *" and URL: http://localhost:5001/api/PushLeads
2025-04-16T05:20:02.326Z - SUCCESS: Successfully ran scheduler at 2025-04-16T05:20:02.325Z with schedule "*/1 * * * *" and URL: http://localhost:5001/api/getSheetData?spreadsheetId=1_J6mcwcZfxhUpjsOcQ2HORlynWa8IuBMA3uAHdSGbEY
2025-04-16T05:20:02.332Z - SUCCESS: Successfully ran scheduler at 2025-04-16T05:20:02.328Z with schedule "*/1 * * * *" and URL: http://localhost:5001/api/getSheetData?spreadsheetId=1_J6mcwcZfxhUpjsOcQ2HORlynWa8IuBMA3uAHdSGbEY
2025-04-16T05:21:01.634Z - SUCCESS: Successfully ran scheduler at 2025-04-16T05:21:01.632Z with schedule "*/1 * * * *" and URL: http://localhost:5001/api/PushLeads
2025-04-16T05:21:01.639Z - SUCCESS: Successfully ran scheduler at 2025-04-16T05:21:01.635Z with schedule "*/1 * * * *" and URL: http://localhost:5001/api/PushLeads
2025-04-16T05:22:19.750Z - SUCCESS: Lead push scheduler started at 2025-04-16T05:22:19.749Z with schedule "*/1 * * * *" and URL: http://localhost:5001/api/PushLeads
2025-04-16T05:22:19.751Z - SUCCESS: Lead push scheduler started at 2025-04-16T05:22:19.751Z with schedule "*/1 * * * *" and URL: http://localhost:5001/api/getSheetData?spreadsheetId=1f3Rk4tCszNRsnnClRNI26UB8qPFtTUjAHD0sFglMJf4
2025-04-16T05:22:19.754Z - SUCCESS: Lead push scheduler started at 2025-04-16T05:22:19.754Z with schedule "*/1 * * * *" and URL: http://localhost:5001/api/getSheetData?spreadsheetId=1_J6mcwcZfxhUpjsOcQ2HORlynWa8IuBMA3uAHdSGbEY
2025-04-16T05:23:00.154Z - SUCCESS: Successfully ran scheduler at 2025-04-16T05:23:00.154Z with schedule "*/1 * * * *" and URL: http://localhost:5001/api/PushLeads
2025-04-16T05:23:00.155Z - SUCCESS: Successfully ran scheduler at 2025-04-16T05:23:00.155Z with schedule "*/1 * * * *" and URL: http://localhost:5001/api/PushLeads
2025-04-16T05:23:02.035Z - SUCCESS: Successfully ran scheduler at 2025-04-16T05:23:02.034Z with schedule "*/1 * * * *" and URL: http://localhost:5001/api/getSheetData?spreadsheetId=1_J6mcwcZfxhUpjsOcQ2HORlynWa8IuBMA3uAHdSGbEY
2025-04-16T05:23:02.039Z - SUCCESS: Successfully ran scheduler at 2025-04-16T05:23:02.037Z with schedule "*/1 * * * *" and URL: http://localhost:5001/api/getSheetData?spreadsheetId=1_J6mcwcZfxhUpjsOcQ2HORlynWa8IuBMA3uAHdSGbEY
2025-04-16T05:24:00.647Z - SUCCESS: Successfully ran scheduler at 2025-04-16T05:24:00.646Z with schedule "*/1 * * * *" and URL: http://localhost:5001/api/PushLeads
2025-04-16T05:24:00.650Z - SUCCESS: Successfully ran scheduler at 2025-04-16T05:24:00.648Z with schedule "*/1 * * * *" and URL: http://localhost:5001/api/PushLeads
2025-04-16T05:25:01.056Z - SUCCESS: Successfully ran scheduler at 2025-04-16T05:25:01.055Z with schedule "*/1 * * * *" and URL: http://localhost:5001/api/PushLeads
2025-04-16T05:25:01.058Z - SUCCESS: Successfully ran scheduler at 2025-04-16T05:25:01.058Z with schedule "*/1 * * * *" and URL: http://localhost:5001/api/PushLeads
2025-04-16T05:34:42.862Z - SUCCESS: Lead push scheduler started at 2025-04-16T05:34:42.861Z with schedule "*/1 * * * *" and URL: http://localhost:5001/api/PushLeads
2025-04-16T05:34:42.864Z - SUCCESS: Lead push scheduler started at 2025-04-16T05:34:42.863Z with schedule "*/1 * * * *" and URL: http://localhost:5001/api/getSheetData?spreadsheetId=1f3Rk4tCszNRsnnClRNI26UB8qPFtTUjAHD0sFglMJf4
2025-04-16T05:34:42.866Z - SUCCESS: Lead push scheduler started at 2025-04-16T05:34:42.866Z with schedule "*/1 * * * *" and URL: http://localhost:5001/api/getSheetData?spreadsheetId=1_J6mcwcZfxhUpjsOcQ2HORlynWa8IuBMA3uAHdSGbEY
2025-04-16T05:35:00.176Z - SUCCESS: Successfully ran scheduler at 2025-04-16T05:35:00.175Z with schedule "*/1 * * * *" and URL: http://localhost:5001/api/PushLeads
2025-04-16T05:35:00.176Z - SUCCESS: Successfully ran scheduler at 2025-04-16T05:35:00.176Z with schedule "*/1 * * * *" and URL: http://localhost:5001/api/PushLeads
2025-04-16T05:35:02.435Z - SUCCESS: Successfully ran scheduler at 2025-04-16T05:35:02.433Z with schedule "*/1 * * * *" and URL: http://localhost:5001/api/getSheetData?spreadsheetId=1_J6mcwcZfxhUpjsOcQ2HORlynWa8IuBMA3uAHdSGbEY
2025-04-16T05:35:02.439Z - SUCCESS: Successfully ran scheduler at 2025-04-16T05:35:02.437Z with schedule "*/1 * * * *" and URL: http://localhost:5001/api/getSheetData?spreadsheetId=1_J6mcwcZfxhUpjsOcQ2HORlynWa8IuBMA3uAHdSGbEY
2025-04-16T06:28:52.348Z - SUCCESS: Lead push scheduler started at 2025-04-16T06:28:52.347Z with schedule "*/1 * * * *" and URL: http://localhost:5001/api/PushLeads
2025-04-16T06:28:52.350Z - SUCCESS: Lead push scheduler started at 2025-04-16T06:28:52.350Z with schedule "*/1 * * * *" and URL: http://localhost:5001/api/getSheetData?spreadsheetId=1f3Rk4tCszNRsnnClRNI26UB8qPFtTUjAHD0sFglMJf4
2025-04-16T06:28:52.352Z - SUCCESS: Lead push scheduler started at 2025-04-16T06:28:52.352Z with schedule "*/1 * * * *" and URL: http://localhost:5001/api/getSheetData?spreadsheetId=1_J6mcwcZfxhUpjsOcQ2HORlynWa8IuBMA3uAHdSGbEY
2025-04-16T06:29:00.639Z - SUCCESS: Successfully ran scheduler at 2025-04-16T06:29:00.638Z with schedule "*/1 * * * *" and URL: http://localhost:5001/api/PushLeads
2025-04-16T06:29:00.649Z - SUCCESS: Successfully ran scheduler at 2025-04-16T06:29:00.640Z with schedule "*/1 * * * *" and URL: http://localhost:5001/api/PushLeads
2025-04-16T06:29:02.581Z - SUCCESS: Successfully ran scheduler at 2025-04-16T06:29:02.580Z with schedule "*/1 * * * *" and URL: http://localhost:5001/api/getSheetData?spreadsheetId=1_J6mcwcZfxhUpjsOcQ2HORlynWa8IuBMA3uAHdSGbEY
2025-04-16T06:29:02.584Z - SUCCESS: Successfully ran scheduler at 2025-04-16T06:29:02.583Z with schedule "*/1 * * * *" and URL: http://localhost:5001/api/getSheetData?spreadsheetId=1_J6mcwcZfxhUpjsOcQ2HORlynWa8IuBMA3uAHdSGbEY
2025-04-16T06:29:57.904Z - SUCCESS: Lead push scheduler started at 2025-04-16T06:29:57.903Z with schedule "*/1 * * * *" and URL: http://localhost:5001/api/PushLeads
2025-04-16T06:29:57.906Z - SUCCESS: Lead push scheduler started at 2025-04-16T06:29:57.905Z with schedule "*/1 * * * *" and URL: http://localhost:5001/api/getSheetData?spreadsheetId=1f3Rk4tCszNRsnnClRNI26UB8qPFtTUjAHD0sFglMJf4
2025-04-16T06:29:57.909Z - SUCCESS: Lead push scheduler started at 2025-04-16T06:29:57.908Z with schedule "*/1 * * * *" and URL: http://localhost:5001/api/getSheetData?spreadsheetId=1_J6mcwcZfxhUpjsOcQ2HORlynWa8IuBMA3uAHdSGbEY
2025-04-16T06:30:01.124Z - SUCCESS: Successfully ran scheduler at 2025-04-16T06:30:01.124Z with schedule "*/1 * * * *" and URL: http://localhost:5001/api/PushLeads
2025-04-16T06:30:01.125Z - SUCCESS: Successfully ran scheduler at 2025-04-16T06:30:01.125Z with schedule "*/1 * * * *" and URL: http://localhost:5001/api/PushLeads
2025-04-16T06:30:02.585Z - SUCCESS: Successfully ran scheduler at 2025-04-16T06:30:02.584Z with schedule "*/1 * * * *" and URL: http://localhost:5001/api/getSheetData?spreadsheetId=1_J6mcwcZfxhUpjsOcQ2HORlynWa8IuBMA3uAHdSGbEY
2025-04-16T06:30:02.588Z - SUCCESS: Successfully ran scheduler at 2025-04-16T06:30:02.587Z with schedule "*/1 * * * *" and URL: http://localhost:5001/api/getSheetData?spreadsheetId=1_J6mcwcZfxhUpjsOcQ2HORlynWa8IuBMA3uAHdSGbEY
2025-04-16T06:31:00.667Z - SUCCESS: Successfully ran scheduler at 2025-04-16T06:31:00.664Z with schedule "*/1 * * * *" and URL: http://localhost:5001/api/PushLeads
2025-04-16T06:31:00.678Z - SUCCESS: Successfully ran scheduler at 2025-04-16T06:31:00.668Z with schedule "*/1 * * * *" and URL: http://localhost:5001/api/PushLeads
2025-04-16T06:31:01.771Z - SUCCESS: Successfully ran scheduler at 2025-04-16T06:31:01.770Z with schedule "*/1 * * * *" and URL: http://localhost:5001/api/getSheetData?spreadsheetId=1_J6mcwcZfxhUpjsOcQ2HORlynWa8IuBMA3uAHdSGbEY
2025-04-16T06:31:01.773Z - SUCCESS: Successfully ran scheduler at 2025-04-16T06:31:01.772Z with schedule "*/1 * * * *" and URL: http://localhost:5001/api/getSheetData?spreadsheetId=1_J6mcwcZfxhUpjsOcQ2HORlynWa8IuBMA3uAHdSGbEY
2025-04-16T06:32:18.426Z - SUCCESS: Lead push scheduler started at 2025-04-16T06:32:18.425Z with schedule "*/1 * * * *" and URL: http://localhost:5001/api/PushLeads
2025-04-16T06:32:18.428Z - SUCCESS: Lead push scheduler started at 2025-04-16T06:32:18.427Z with schedule "*/1 * * * *" and URL: http://localhost:5001/api/getSheetData?spreadsheetId=1f3Rk4tCszNRsnnClRNI26UB8qPFtTUjAHD0sFglMJf4
2025-04-16T06:32:18.431Z - SUCCESS: Lead push scheduler started at 2025-04-16T06:32:18.431Z with schedule "*/1 * * * *" and URL: http://localhost:5001/api/getSheetData?spreadsheetId=1_J6mcwcZfxhUpjsOcQ2HORlynWa8IuBMA3uAHdSGbEY
2025-04-16T06:33:00.983Z - SUCCESS: Successfully ran scheduler at 2025-04-16T06:33:00.982Z with schedule "*/1 * * * *" and URL: http://localhost:5001/api/PushLeads
2025-04-16T06:33:00.985Z - SUCCESS: Successfully ran scheduler at 2025-04-16T06:33:00.983Z with schedule "*/1 * * * *" and URL: http://localhost:5001/api/PushLeads
2025-04-16T06:33:02.704Z - SUCCESS: Successfully ran scheduler at 2025-04-16T06:33:02.702Z with schedule "*/1 * * * *" and URL: http://localhost:5001/api/getSheetData?spreadsheetId=1_J6mcwcZfxhUpjsOcQ2HORlynWa8IuBMA3uAHdSGbEY
2025-04-16T06:33:02.707Z - SUCCESS: Successfully ran scheduler at 2025-04-16T06:33:02.705Z with schedule "*/1 * * * *" and URL: http://localhost:5001/api/getSheetData?spreadsheetId=1_J6mcwcZfxhUpjsOcQ2HORlynWa8IuBMA3uAHdSGbEY
2025-04-16T06:48:15.716Z - SUCCESS: Lead push scheduler started at 2025-04-16T06:48:15.715Z with schedule "*/1 * * * *" and URL: http://localhost:5001/api/PushLeads
2025-04-16T06:48:15.717Z - SUCCESS: Lead push scheduler started at 2025-04-16T06:48:15.717Z with schedule "*/1 * * * *" and URL: http://localhost:5001/api/getSheetData?spreadsheetId=1f3Rk4tCszNRsnnClRNI26UB8qPFtTUjAHD0sFglMJf4
2025-04-16T06:48:15.720Z - SUCCESS: Lead push scheduler started at 2025-04-16T06:48:15.719Z with schedule "*/1 * * * *" and URL: http://localhost:5001/api/getSheetData?spreadsheetId=1_J6mcwcZfxhUpjsOcQ2HORlynWa8IuBMA3uAHdSGbEY
2025-04-16T06:49:00.168Z - SUCCESS: Successfully ran scheduler at 2025-04-16T06:49:00.167Z with schedule "*/1 * * * *" and URL: http://localhost:5001/api/PushLeads
2025-04-16T06:49:00.170Z - SUCCESS: Successfully ran scheduler at 2025-04-16T06:49:00.169Z with schedule "*/1 * * * *" and URL: http://localhost:5001/api/PushLeads
2025-04-16T06:49:01.979Z - SUCCESS: Successfully ran scheduler at 2025-04-16T06:49:01.977Z with schedule "*/1 * * * *" and URL: http://localhost:5001/api/getSheetData?spreadsheetId=1_J6mcwcZfxhUpjsOcQ2HORlynWa8IuBMA3uAHdSGbEY
2025-04-16T06:49:01.981Z - SUCCESS: Successfully ran scheduler at 2025-04-16T06:49:01.980Z with schedule "*/1 * * * *" and URL: http://localhost:5001/api/getSheetData?spreadsheetId=1_J6mcwcZfxhUpjsOcQ2HORlynWa8IuBMA3uAHdSGbEY
2025-04-16T06:50:00.964Z - SUCCESS: Successfully ran scheduler at 2025-04-16T06:50:00.963Z with schedule "*/1 * * * *" and URL: http://localhost:5001/api/PushLeads
2025-04-16T06:50:00.967Z - SUCCESS: Successfully ran scheduler at 2025-04-16T06:50:00.965Z with schedule "*/1 * * * *" and URL: http://localhost:5001/api/PushLeads
2025-04-16T06:51:01.043Z - SUCCESS: Successfully ran scheduler at 2025-04-16T06:51:01.042Z with schedule "*/1 * * * *" and URL: http://localhost:5001/api/PushLeads
2025-04-16T06:51:01.044Z - SUCCESS: Successfully ran scheduler at 2025-04-16T06:51:01.043Z with schedule "*/1 * * * *" and URL: http://localhost:5001/api/PushLeads
2025-04-16T06:52:00.490Z - SUCCESS: Successfully ran scheduler at 2025-04-16T06:52:00.490Z with schedule "*/1 * * * *" and URL: http://localhost:5001/api/PushLeads
2025-04-16T06:52:00.490Z - SUCCESS: Successfully ran scheduler at 2025-04-16T06:52:00.490Z with schedule "*/1 * * * *" and URL: http://localhost:5001/api/PushLeads
2025-04-16T06:53:00.869Z - SUCCESS: Successfully ran scheduler at 2025-04-16T06:53:00.868Z with schedule "*/1 * * * *" and URL: http://localhost:5001/api/PushLeads
2025-04-16T06:53:00.869Z - SUCCESS: Successfully ran scheduler at 2025-04-16T06:53:00.869Z with schedule "*/1 * * * *" and URL: http://localhost:5001/api/PushLeads
2025-04-16T06:54:00.248Z - SUCCESS: Successfully ran scheduler at 2025-04-16T06:54:00.247Z with schedule "*/1 * * * *" and URL: http://localhost:5001/api/PushLeads
2025-04-16T06:54:00.249Z - SUCCESS: Successfully ran scheduler at 2025-04-16T06:54:00.248Z with schedule "*/1 * * * *" and URL: http://localhost:5001/api/PushLeads
2025-04-16T06:55:00.629Z - SUCCESS: Successfully ran scheduler at 2025-04-16T06:55:00.629Z with schedule "*/1 * * * *" and URL: http://localhost:5001/api/PushLeads
2025-04-16T06:55:00.630Z - SUCCESS: Successfully ran scheduler at 2025-04-16T06:55:00.630Z with schedule "*/1 * * * *" and URL: http://localhost:5001/api/PushLeads
2025-04-16T06:56:00.048Z - SUCCESS: Successfully ran scheduler at 2025-04-16T06:56:00.047Z with schedule "*/1 * * * *" and URL: http://localhost:5001/api/PushLeads
2025-04-16T06:56:00.049Z - SUCCESS: Successfully ran scheduler at 2025-04-16T06:56:00.048Z with schedule "*/1 * * * *" and URL: http://localhost:5001/api/PushLeads
2025-04-16T07:22:44.859Z - SUCCESS: Lead push scheduler started at 2025-04-16T07:22:44.858Z with schedule "*/1 * * * *" and URL: http://localhost:5001/api/getSheetData?spreadsheetId=1f3Rk4tCszNRsnnClRNI26UB8qPFtTUjAHD0sFglMJf4
2025-04-16T07:22:44.862Z - SUCCESS: Lead push scheduler started at 2025-04-16T07:22:44.862Z with schedule "*/1 * * * *" and URL: http://localhost:5001/api/getSheetData?spreadsheetId=1_J6mcwcZfxhUpjsOcQ2HORlynWa8IuBMA3uAHdSGbEY
2025-04-16T07:24:44.275Z - SUCCESS: Lead push scheduler started at 2025-04-16T07:24:44.274Z with schedule "*/1 * * * *" and URL: http://localhost:5001/api/getSheetData?spreadsheetId=1f3Rk4tCszNRsnnClRNI26UB8qPFtTUjAHD0sFglMJf4
2025-04-16T07:24:44.279Z - SUCCESS: Lead push scheduler started at 2025-04-16T07:24:44.278Z with schedule "*/1 * * * *" and URL: http://localhost:5001/api/getSheetData?spreadsheetId=1_J6mcwcZfxhUpjsOcQ2HORlynWa8IuBMA3uAHdSGbEY
2025-04-16T07:27:03.843Z - SUCCESS: Lead push scheduler started at 2025-04-16T07:27:03.842Z with schedule "*/1 * * * *" and URL: http://localhost:5001/api/getSheetData?spreadsheetId=1f3Rk4tCszNRsnnClRNI26UB8qPFtTUjAHD0sFglMJf4
2025-04-16T07:27:03.846Z - SUCCESS: Lead push scheduler started at 2025-04-16T07:27:03.845Z with schedule "*/1 * * * *" and URL: http://localhost:5001/api/getSheetData?spreadsheetId=1_J6mcwcZfxhUpjsOcQ2HORlynWa8IuBMA3uAHdSGbEY
2025-04-16T07:29:46.928Z - SUCCESS: Lead push scheduler started at 2025-04-16T07:29:46.927Z with schedule "*/1 * * * *" and URL: http://localhost:5001/api/getSheetData?spreadsheetId=1f3Rk4tCszNRsnnClRNI26UB8qPFtTUjAHD0sFglMJf4
2025-04-16T07:29:46.931Z - SUCCESS: Lead push scheduler started at 2025-04-16T07:29:46.931Z with schedule "*/1 * * * *" and URL: http://localhost:5001/api/getSheetData?spreadsheetId=1_J6mcwcZfxhUpjsOcQ2HORlynWa8IuBMA3uAHdSGbEY
2025-04-16T07:30:01.568Z - SUCCESS: Successfully ran scheduler at 2025-04-16T07:30:01.568Z with schedule "*/1 * * * *" and URL: http://localhost:5001/api/getSheetData?spreadsheetId=1f3Rk4tCszNRsnnClRNI26UB8qPFtTUjAHD0sFglMJf4
2025-04-16T07:30:01.570Z - SUCCESS: Successfully ran scheduler at 2025-04-16T07:30:01.569Z with schedule "*/1 * * * *" and URL: http://localhost:5001/api/getSheetData?spreadsheetId=1f3Rk4tCszNRsnnClRNI26UB8qPFtTUjAHD0sFglMJf4
2025-04-16T07:30:01.675Z - SUCCESS: Successfully ran scheduler at 2025-04-16T07:30:01.674Z with schedule "*/1 * * * *" and URL: http://localhost:5001/api/getSheetData?spreadsheetId=1_J6mcwcZfxhUpjsOcQ2HORlynWa8IuBMA3uAHdSGbEY
2025-04-16T07:30:01.677Z - SUCCESS: Successfully ran scheduler at 2025-04-16T07:30:01.676Z with schedule "*/1 * * * *" and URL: http://localhost:5001/api/getSheetData?spreadsheetId=1_J6mcwcZfxhUpjsOcQ2HORlynWa8IuBMA3uAHdSGbEY
2025-04-16T07:31:28.645Z - SUCCESS: Lead push scheduler started at 2025-04-16T07:31:28.644Z with schedule "*/1 * * * *" and URL: http://localhost:5001/api/getSheetData?spreadsheetId=1f3Rk4tCszNRsnnClRNI26UB8qPFtTUjAHD0sFglMJf4
2025-04-16T07:31:28.648Z - SUCCESS: Lead push scheduler started at 2025-04-16T07:31:28.648Z with schedule "*/1 * * * *" and URL: http://localhost:5001/api/getSheetData?spreadsheetId=1_J6mcwcZfxhUpjsOcQ2HORlynWa8IuBMA3uAHdSGbEY
2025-04-16T07:32:02.517Z - SUCCESS: Successfully ran scheduler at 2025-04-16T07:32:02.517Z with schedule "*/1 * * * *" and URL: http://localhost:5001/api/getSheetData?spreadsheetId=1_J6mcwcZfxhUpjsOcQ2HORlynWa8IuBMA3uAHdSGbEY
2025-04-16T07:32:02.519Z - SUCCESS: Successfully ran scheduler at 2025-04-16T07:32:02.518Z with schedule "*/1 * * * *" and URL: http://localhost:5001/api/getSheetData?spreadsheetId=1_J6mcwcZfxhUpjsOcQ2HORlynWa8IuBMA3uAHdSGbEY
2025-04-16T07:32:02.581Z - SUCCESS: Successfully ran scheduler at 2025-04-16T07:32:02.580Z with schedule "*/1 * * * *" and URL: http://localhost:5001/api/getSheetData?spreadsheetId=1f3Rk4tCszNRsnnClRNI26UB8qPFtTUjAHD0sFglMJf4
2025-04-16T07:32:02.582Z - SUCCESS: Successfully ran scheduler at 2025-04-16T07:32:02.581Z with schedule "*/1 * * * *" and URL: http://localhost:5001/api/getSheetData?spreadsheetId=1f3Rk4tCszNRsnnClRNI26UB8qPFtTUjAHD0sFglMJf4
2025-04-16T07:33:35.496Z - SUCCESS: Lead push scheduler started at 2025-04-16T07:33:35.495Z with schedule "*/1 * * * *" and URL: http://localhost:5001/api/getSheetData?spreadsheetId=1f3Rk4tCszNRsnnClRNI26UB8qPFtTUjAHD0sFglMJf4
2025-04-16T07:33:35.499Z - SUCCESS: Lead push scheduler started at 2025-04-16T07:33:35.499Z with schedule "*/1 * * * *" and URL: http://localhost:5001/api/getSheetData?spreadsheetId=1_J6mcwcZfxhUpjsOcQ2HORlynWa8IuBMA3uAHdSGbEY
2025-04-16T07:35:47.152Z - SUCCESS: Lead push scheduler started at 2025-04-16T07:35:47.151Z with schedule "*/1 * * * *" and URL: http://localhost:5001/api/getSheetData?spreadsheetId=1f3Rk4tCszNRsnnClRNI26UB8qPFtTUjAHD0sFglMJf4
2025-04-16T07:35:47.155Z - SUCCESS: Lead push scheduler started at 2025-04-16T07:35:47.155Z with schedule "*/1 * * * *" and URL: http://localhost:5001/api/getSheetData?spreadsheetId=1_J6mcwcZfxhUpjsOcQ2HORlynWa8IuBMA3uAHdSGbEY
2025-04-16T07:36:01.810Z - SUCCESS: Successfully ran scheduler at 2025-04-16T07:36:01.809Z with schedule "*/1 * * * *" and URL: http://localhost:5001/api/getSheetData?spreadsheetId=1_J6mcwcZfxhUpjsOcQ2HORlynWa8IuBMA3uAHdSGbEY
2025-04-16T07:36:01.811Z - SUCCESS: Successfully ran scheduler at 2025-04-16T07:36:01.810Z with schedule "*/1 * * * *" and URL: http://localhost:5001/api/getSheetData?spreadsheetId=1_J6mcwcZfxhUpjsOcQ2HORlynWa8IuBMA3uAHdSGbEY
2025-04-16T07:39:01.686Z - SUCCESS: Lead push scheduler started at 2025-04-16T07:39:01.684Z with schedule "*/1 * * * *" and URL: http://localhost:5001/api/getSheetData?spreadsheetId=1f3Rk4tCszNRsnnClRNI26UB8qPFtTUjAHD0sFglMJf4
2025-04-16T07:39:01.689Z - SUCCESS: Lead push scheduler started at 2025-04-16T07:39:01.689Z with schedule "*/1 * * * *" and URL: http://localhost:5001/api/getSheetData?spreadsheetId=1_J6mcwcZfxhUpjsOcQ2HORlynWa8IuBMA3uAHdSGbEY
2025-04-16T07:41:32.690Z - SUCCESS: Lead push scheduler started at 2025-04-16T07:41:32.689Z with schedule "*/1 * * * *" and URL: http://localhost:5001/api/getSheetData?spreadsheetId=1f3Rk4tCszNRsnnClRNI26UB8qPFtTUjAHD0sFglMJf4
2025-04-16T07:41:32.693Z - SUCCESS: Lead push scheduler started at 2025-04-16T07:41:32.693Z with schedule "*/1 * * * *" and URL: http://localhost:5001/api/getSheetData?spreadsheetId=1_J6mcwcZfxhUpjsOcQ2HORlynWa8IuBMA3uAHdSGbEY
2025-04-16T07:41:48.062Z - SUCCESS: Lead push scheduler started at 2025-04-16T07:41:48.061Z with schedule "*/1 * * * *" and URL: http://localhost:5001/api/getSheetData?spreadsheetId=1f3Rk4tCszNRsnnClRNI26UB8qPFtTUjAHD0sFglMJf4
2025-04-16T07:41:48.065Z - SUCCESS: Lead push scheduler started at 2025-04-16T07:41:48.064Z with schedule "*/1 * * * *" and URL: http://localhost:5001/api/getSheetData?spreadsheetId=1_J6mcwcZfxhUpjsOcQ2HORlynWa8IuBMA3uAHdSGbEY
2025-04-16T07:43:01.746Z - SUCCESS: Lead push scheduler started at 2025-04-16T07:43:01.745Z with schedule "*/1 * * * *" and URL: http://localhost:5001/api/getSheetData?spreadsheetId=1f3Rk4tCszNRsnnClRNI26UB8qPFtTUjAHD0sFglMJf4
2025-04-16T07:43:01.749Z - SUCCESS: Lead push scheduler started at 2025-04-16T07:43:01.749Z with schedule "*/1 * * * *" and URL: http://localhost:5001/api/getSheetData?spreadsheetId=1_J6mcwcZfxhUpjsOcQ2HORlynWa8IuBMA3uAHdSGbEY
2025-04-16T07:47:03.839Z - SUCCESS: Lead push scheduler started at 2025-04-16T07:47:03.838Z with schedule "*/1 * * * *" and URL: http://localhost:5001/api/getSheetData?spreadsheetId=1f3Rk4tCszNRsnnClRNI26UB8qPFtTUjAHD0sFglMJf4
2025-04-16T07:47:03.842Z - SUCCESS: Lead push scheduler started at 2025-04-16T07:47:03.842Z with schedule "*/1 * * * *" and URL: http://localhost:5001/api/getSheetData?spreadsheetId=1_J6mcwcZfxhUpjsOcQ2HORlynWa8IuBMA3uAHdSGbEY
2025-04-16T07:51:39.452Z - SUCCESS: Lead push scheduler started at 2025-04-16T07:51:39.451Z with schedule "*/1 * * * *" and URL: http://localhost:5001/api/getSheetData?spreadsheetId=1f3Rk4tCszNRsnnClRNI26UB8qPFtTUjAHD0sFglMJf4
2025-04-16T07:51:39.455Z - SUCCESS: Lead push scheduler started at 2025-04-16T07:51:39.454Z with schedule "*/1 * * * *" and URL: http://localhost:5001/api/getSheetData?spreadsheetId=1_J6mcwcZfxhUpjsOcQ2HORlynWa8IuBMA3uAHdSGbEY
2025-04-16T07:52:02.159Z - SUCCESS: Successfully ran scheduler at 2025-04-16T07:52:02.159Z with schedule "*/1 * * * *" and URL: http://localhost:5001/api/getSheetData?spreadsheetId=1_J6mcwcZfxhUpjsOcQ2HORlynWa8IuBMA3uAHdSGbEY
2025-04-16T07:52:02.160Z - SUCCESS: Successfully ran scheduler at 2025-04-16T07:52:02.160Z with schedule "*/1 * * * *" and URL: http://localhost:5001/api/getSheetData?spreadsheetId=1_J6mcwcZfxhUpjsOcQ2HORlynWa8IuBMA3uAHdSGbEY
2025-04-16T07:54:36.075Z - SUCCESS: Lead push scheduler started at 2025-04-16T07:54:36.074Z with schedule "*/1 * * * *" and URL: http://localhost:5001/api/getSheetData?spreadsheetId=1f3Rk4tCszNRsnnClRNI26UB8qPFtTUjAHD0sFglMJf4
2025-04-16T07:54:36.078Z - SUCCESS: Lead push scheduler started at 2025-04-16T07:54:36.078Z with schedule "*/1 * * * *" and URL: http://localhost:5001/api/getSheetData?spreadsheetId=1_J6mcwcZfxhUpjsOcQ2HORlynWa8IuBMA3uAHdSGbEY
2025-04-16T07:55:01.786Z - SUCCESS: Successfully ran scheduler at 2025-04-16T07:55:01.785Z with schedule "*/1 * * * *" and URL: http://localhost:5001/api/getSheetData?spreadsheetId=1f3Rk4tCszNRsnnClRNI26UB8qPFtTUjAHD0sFglMJf4
2025-04-16T07:55:01.786Z - SUCCESS: Successfully ran scheduler at 2025-04-16T07:55:01.786Z with schedule "*/1 * * * *" and URL: http://localhost:5001/api/getSheetData?spreadsheetId=1f3Rk4tCszNRsnnClRNI26UB8qPFtTUjAHD0sFglMJf4
2025-04-16T07:55:02.056Z - SUCCESS: Successfully ran scheduler at 2025-04-16T07:55:02.055Z with schedule "*/1 * * * *" and URL: http://localhost:5001/api/getSheetData?spreadsheetId=1_J6mcwcZfxhUpjsOcQ2HORlynWa8IuBMA3uAHdSGbEY
2025-04-16T07:55:02.058Z - SUCCESS: Successfully ran scheduler at 2025-04-16T07:55:02.057Z with schedule "*/1 * * * *" and URL: http://localhost:5001/api/getSheetData?spreadsheetId=1_J6mcwcZfxhUpjsOcQ2HORlynWa8IuBMA3uAHdSGbEY
2025-04-16T07:59:21.612Z - SUCCESS: Lead push scheduler started at 2025-04-16T07:59:21.611Z with schedule "*/1 * * * *" and URL: http://localhost:5001/api/getSheetData?spreadsheetId=1f3Rk4tCszNRsnnClRNI26UB8qPFtTUjAHD0sFglMJf4
2025-04-16T07:59:21.615Z - SUCCESS: Lead push scheduler started at 2025-04-16T07:59:21.615Z with schedule "*/1 * * * *" and URL: http://localhost:5001/api/getSheetData?spreadsheetId=1_J6mcwcZfxhUpjsOcQ2HORlynWa8IuBMA3uAHdSGbEY
2025-04-16T08:05:01.864Z - SUCCESS: Lead push scheduler started at 2025-04-16T08:05:01.862Z with schedule "*/1 * * * *" and URL: http://localhost:5001/api/getSheetData?spreadsheetId=1f3Rk4tCszNRsnnClRNI26UB8qPFtTUjAHD0sFglMJf4
2025-04-16T08:05:01.867Z - SUCCESS: Lead push scheduler started at 2025-04-16T08:05:01.866Z with schedule "*/1 * * * *" and URL: http://localhost:5001/api/getSheetData?spreadsheetId=1_J6mcwcZfxhUpjsOcQ2HORlynWa8IuBMA3uAHdSGbEY
2025-04-16T08:08:00.712Z - SUCCESS: Lead push scheduler started at 2025-04-16T08:08:00.711Z with schedule "*/1 * * * *" and URL: http://localhost:5001/api/getSheetData?spreadsheetId=1f3Rk4tCszNRsnnClRNI26UB8qPFtTUjAHD0sFglMJf4
2025-04-16T08:08:00.715Z - SUCCESS: Lead push scheduler started at 2025-04-16T08:08:00.715Z with schedule "*/1 * * * *" and URL: http://localhost:5001/api/getSheetData?spreadsheetId=1_J6mcwcZfxhUpjsOcQ2HORlynWa8IuBMA3uAHdSGbEY
2025-04-16T08:11:37.952Z - SUCCESS: Lead push scheduler started at 2025-04-16T08:11:37.950Z with schedule "*/1 * * * *" and URL: http://localhost:5001/api/getSheetData?spreadsheetId=1f3Rk4tCszNRsnnClRNI26UB8qPFtTUjAHD0sFglMJf4
2025-04-16T08:11:37.954Z - SUCCESS: Lead push scheduler started at 2025-04-16T08:11:37.954Z with schedule "*/1 * * * *" and URL: http://localhost:5001/api/getSheetData?spreadsheetId=1_J6mcwcZfxhUpjsOcQ2HORlynWa8IuBMA3uAHdSGbEY
2025-04-16T08:12:56.665Z - SUCCESS: Lead push scheduler started at 2025-04-16T08:12:56.663Z with schedule "*/1 * * * *" and URL: http://localhost:5001/api/getSheetData?spreadsheetId=1f3Rk4tCszNRsnnClRNI26UB8qPFtTUjAHD0sFglMJf4
2025-04-16T08:12:56.668Z - SUCCESS: Lead push scheduler started at 2025-04-16T08:12:56.668Z with schedule "*/1 * * * *" and URL: http://localhost:5001/api/getSheetData?spreadsheetId=1_J6mcwcZfxhUpjsOcQ2HORlynWa8IuBMA3uAHdSGbEY
2025-04-16T08:15:04.069Z - SUCCESS: Lead push scheduler started at 2025-04-16T08:15:04.067Z with schedule "*/1 * * * *" and URL: http://localhost:5001/api/getSheetData?spreadsheetId=1f3Rk4tCszNRsnnClRNI26UB8qPFtTUjAHD0sFglMJf4
2025-04-16T08:15:04.072Z - SUCCESS: Lead push scheduler started at 2025-04-16T08:15:04.071Z with schedule "*/1 * * * *" and URL: http://localhost:5001/api/getSheetData?spreadsheetId=1_J6mcwcZfxhUpjsOcQ2HORlynWa8IuBMA3uAHdSGbEY
2025-04-16T08:16:44.485Z - SUCCESS: Lead push scheduler started at 2025-04-16T08:16:44.483Z with schedule "*/1 * * * *" and URL: http://localhost:5001/api/getSheetData?spreadsheetId=1f3Rk4tCszNRsnnClRNI26UB8qPFtTUjAHD0sFglMJf4
2025-04-16T08:16:44.488Z - SUCCESS: Lead push scheduler started at 2025-04-16T08:16:44.488Z with schedule "*/1 * * * *" and URL: http://localhost:5001/api/getSheetData?spreadsheetId=1_J6mcwcZfxhUpjsOcQ2HORlynWa8IuBMA3uAHdSGbEY
2025-04-16T08:17:36.153Z - SUCCESS: Lead push scheduler started at 2025-04-16T08:17:36.151Z with schedule "*/1 * * * *" and URL: http://localhost:5001/api/getSheetData?spreadsheetId=1f3Rk4tCszNRsnnClRNI26UB8qPFtTUjAHD0sFglMJf4
2025-04-16T08:17:36.156Z - SUCCESS: Lead push scheduler started at 2025-04-16T08:17:36.156Z with schedule "*/1 * * * *" and URL: http://localhost:5001/api/getSheetData?spreadsheetId=1_J6mcwcZfxhUpjsOcQ2HORlynWa8IuBMA3uAHdSGbEY
2025-04-16T09:15:56.907Z - SUCCESS: Lead push scheduler started at 2025-04-16T09:15:56.905Z with schedule "*/1 * * * *" and URL: http://localhost:5001/api/getSheetData?spreadsheetId=1f3Rk4tCszNRsnnClRNI26UB8qPFtTUjAHD0sFglMJf4
2025-04-16T09:15:56.912Z - SUCCESS: Lead push scheduler started at 2025-04-16T09:15:56.911Z with schedule "*/1 * * * *" and URL: http://localhost:5001/api/getSheetData?spreadsheetId=1_J6mcwcZfxhUpjsOcQ2HORlynWa8IuBMA3uAHdSGbEY
2025-04-16T09:17:12.942Z - SUCCESS: Lead push scheduler started at 2025-04-16T09:17:12.940Z with schedule "*/1 * * * *" and URL: http://localhost:5001/api/getSheetData?spreadsheetId=1f3Rk4tCszNRsnnClRNI26UB8qPFtTUjAHD0sFglMJf4
2025-04-16T09:17:12.944Z - SUCCESS: Lead push scheduler started at 2025-04-16T09:17:12.944Z with schedule "*/1 * * * *" and URL: http://localhost:5001/api/getSheetData?spreadsheetId=1_J6mcwcZfxhUpjsOcQ2HORlynWa8IuBMA3uAHdSGbEY
2025-04-16T09:18:41.417Z - SUCCESS: Lead push scheduler started at 2025-04-16T09:18:41.415Z with schedule "*/1 * * * *" and URL: http://localhost:5001/api/getSheetData?spreadsheetId=1f3Rk4tCszNRsnnClRNI26UB8qPFtTUjAHD0sFglMJf4
2025-04-16T09:18:41.420Z - SUCCESS: Lead push scheduler started at 2025-04-16T09:18:41.420Z with schedule "*/1 * * * *" and URL: http://localhost:5001/api/getSheetData?spreadsheetId=1_J6mcwcZfxhUpjsOcQ2HORlynWa8IuBMA3uAHdSGbEY
2025-04-16T09:19:01.598Z - SUCCESS: Error triggering webhook Request failed with status code 500  2025-04-16T09:19:01.598Z with schedule "*/1 * * * *" and URL: http://localhost:5001/api/getSheetData?spreadsheetId=1_J6mcwcZfxhUpjsOcQ2HORlynWa8IuBMA3uAHdSGbEY
2025-04-16T09:19:01.603Z - SUCCESS: Error triggering webhook Request failed with status code 500  2025-04-16T09:19:01.602Z with schedule "*/1 * * * *" and URL: http://localhost:5001/api/getSheetData?spreadsheetId=1f3Rk4tCszNRsnnClRNI26UB8qPFtTUjAHD0sFglMJf4
2025-04-16T09:20:02.093Z - SUCCESS: Error triggering webhook Request failed with status code 500  2025-04-16T09:20:02.092Z with schedule "*/1 * * * *" and URL: http://localhost:5001/api/getSheetData?spreadsheetId=1f3Rk4tCszNRsnnClRNI26UB8qPFtTUjAHD0sFglMJf4
2025-04-16T09:20:02.098Z - SUCCESS: Error triggering webhook Request failed with status code 500  2025-04-16T09:20:02.098Z with schedule "*/1 * * * *" and URL: http://localhost:5001/api/getSheetData?spreadsheetId=1_J6mcwcZfxhUpjsOcQ2HORlynWa8IuBMA3uAHdSGbEY
2025-04-16T09:20:12.740Z - SUCCESS: Lead push scheduler started at 2025-04-16T09:20:12.738Z with schedule "*/1 * * * *" and URL: http://localhost:5001/api/getSheetData?spreadsheetId=1f3Rk4tCszNRsnnClRNI26UB8qPFtTUjAHD0sFglMJf4
2025-04-16T09:20:12.742Z - SUCCESS: Lead push scheduler started at 2025-04-16T09:20:12.742Z with schedule "*/1 * * * *" and URL: http://localhost:5001/api/getSheetData?spreadsheetId=1_J6mcwcZfxhUpjsOcQ2HORlynWa8IuBMA3uAHdSGbEY
2025-04-16T09:21:01.305Z - SUCCESS: Triggering webhook not started becaues of data is not exist in excel  2025-04-16T09:21:01.305Z with schedule "*/1 * * * *" and URL: http://localhost:5001/api/getSheetData?spreadsheetId=1_J6mcwcZfxhUpjsOcQ2HORlynWa8IuBMA3uAHdSGbEY
2025-04-16T09:21:01.310Z - SUCCESS: Triggering webhook not started becaues of data is not exist in excel  2025-04-16T09:21:01.309Z with schedule "*/1 * * * *" and URL: http://localhost:5001/api/getSheetData?spreadsheetId=1f3Rk4tCszNRsnnClRNI26UB8qPFtTUjAHD0sFglMJf4
2025-04-16T09:22:01.494Z - SUCCESS: Triggering webhook not started becaues of data is not exist in excel  2025-04-16T09:22:01.493Z with schedule "*/1 * * * *" and URL: http://localhost:5001/api/getSheetData?spreadsheetId=1f3Rk4tCszNRsnnClRNI26UB8qPFtTUjAHD0sFglMJf4
2025-04-16T09:22:01.522Z - SUCCESS: Triggering webhook not started becaues of data is not exist in excel  2025-04-16T09:22:01.522Z with schedule "*/1 * * * *" and URL: http://localhost:5001/api/getSheetData?spreadsheetId=1_J6mcwcZfxhUpjsOcQ2HORlynWa8IuBMA3uAHdSGbEY
2025-04-16T09:23:05.216Z - SUCCESS: Lead push scheduler started at 2025-04-16T09:23:05.213Z with schedule "*/1 * * * *" and URL: http://localhost:5001/api/getSheetData?spreadsheetId=1f3Rk4tCszNRsnnClRNI26UB8qPFtTUjAHD0sFglMJf4
2025-04-16T09:23:05.220Z - SUCCESS: Lead push scheduler started at 2025-04-16T09:23:05.219Z with schedule "*/1 * * * *" and URL: http://localhost:5001/api/getSheetData?spreadsheetId=1_J6mcwcZfxhUpjsOcQ2HORlynWa8IuBMA3uAHdSGbEY
2025-04-16T09:24:01.920Z - SUCCESS: Triggering webhook not started becaues of data is not exist in excel  2025-04-16T09:24:01.920Z with this URL: http://localhost:5001/api/getSheetData?spreadsheetId=1f3Rk4tCszNRsnnClRNI26UB8qPFtTUjAHD0sFglMJf4
2025-04-16T09:24:01.925Z - SUCCESS: Triggering webhook not started becaues of data is not exist in excel  2025-04-16T09:24:01.924Z with this URL: http://localhost:5001/api/getSheetData?spreadsheetId=1_J6mcwcZfxhUpjsOcQ2HORlynWa8IuBMA3uAHdSGbEY
2025-04-16T09:30:41.561Z - SUCCESS: Lead push scheduler started at 2025-04-16T09:30:41.559Z with schedule "*/1 * * * *" and URL: http://localhost:5001/api/getSheetData?spreadsheetId=1f3Rk4tCszNRsnnClRNI26UB8qPFtTUjAHD0sFglMJf4
2025-04-16T09:30:41.564Z - SUCCESS: Lead push scheduler started at 2025-04-16T09:30:41.564Z with schedule "*/1 * * * *" and URL: http://localhost:5001/api/getSheetData?spreadsheetId=1_J6mcwcZfxhUpjsOcQ2HORlynWa8IuBMA3uAHdSGbEY
2025-04-16T09:31:03.187Z - SUCCESS: Successfully ran scheduler at 2025-04-16T09:31:03.186Z with schedule "*/1 * * * *" and URL: http://localhost:5001/api/getSheetData?spreadsheetId=1f3Rk4tCszNRsnnClRNI26UB8qPFtTUjAHD0sFglMJf4
2025-04-16T09:31:03.188Z - SUCCESS: Successfully ran scheduler at 2025-04-16T09:31:03.188Z with this URL: http://localhost:5001/api/getSheetData?spreadsheetId=1f3Rk4tCszNRsnnClRNI26UB8qPFtTUjAHD0sFglMJf4
2025-04-16T09:31:03.300Z - SUCCESS: Successfully ran scheduler at 2025-04-16T09:31:03.299Z with schedule "*/1 * * * *" and URL: http://localhost:5001/api/getSheetData?spreadsheetId=1_J6mcwcZfxhUpjsOcQ2HORlynWa8IuBMA3uAHdSGbEY
2025-04-16T09:31:03.302Z - SUCCESS: Successfully ran scheduler at 2025-04-16T09:31:03.301Z with this URL: http://localhost:5001/api/getSheetData?spreadsheetId=1_J6mcwcZfxhUpjsOcQ2HORlynWa8IuBMA3uAHdSGbEY
2025-04-16T09:32:01.074Z - SUCCESS: Triggering webhook not started becaues of data is not exist in excel  2025-04-16T09:32:01.073Z with this URL: http://localhost:5001/api/getSheetData?spreadsheetId=1_J6mcwcZfxhUpjsOcQ2HORlynWa8IuBMA3uAHdSGbEY
2025-04-16T09:32:01.134Z - SUCCESS: Triggering webhook not started becaues of data is not exist in excel  2025-04-16T09:32:01.134Z with this URL: http://localhost:5001/api/getSheetData?spreadsheetId=1f3Rk4tCszNRsnnClRNI26UB8qPFtTUjAHD0sFglMJf4
2025-04-16T09:34:27.475Z - SUCCESS: Lead push scheduler started at 2025-04-16T09:34:27.473Z with schedule "*/1 * * * *" and URL: http://localhost:5001/api/getSheetData?spreadsheetId=1f3Rk4tCszNRsnnClRNI26UB8qPFtTUjAHD0sFglMJf4
2025-04-16T09:34:27.478Z - SUCCESS: Lead push scheduler started at 2025-04-16T09:34:27.477Z with schedule "*/1 * * * *" and URL: http://localhost:5001/api/getSheetData?spreadsheetId=1_J6mcwcZfxhUpjsOcQ2HORlynWa8IuBMA3uAHdSGbEY
2025-04-16T09:34:46.704Z - SUCCESS: Lead push scheduler started at 2025-04-16T09:34:46.703Z with schedule "*/1 * * * *" and URL: http://localhost:5001/api/PushLeads
2025-04-16T09:34:46.705Z - SUCCESS: Lead push scheduler started at 2025-04-16T09:34:46.705Z with schedule "*/1 * * * *" and URL: http://localhost:5001/api/getSheetData?spreadsheetId=1f3Rk4tCszNRsnnClRNI26UB8qPFtTUjAHD0sFglMJf4
2025-04-16T09:34:46.709Z - SUCCESS: Lead push scheduler started at 2025-04-16T09:34:46.708Z with schedule "*/1 * * * *" and URL: http://localhost:5001/api/getSheetData?spreadsheetId=1_J6mcwcZfxhUpjsOcQ2HORlynWa8IuBMA3uAHdSGbEY
2025-04-16T09:35:01.677Z - SUCCESS: Successfully ran scheduler at 2025-04-16T09:35:01.677Z with schedule "*/1 * * * *" and URL: http://localhost:5001/api/PushLeads
2025-04-16T09:35:01.679Z - SUCCESS: Successfully ran scheduler at 2025-04-16T09:35:01.678Z with this URL: http://localhost:5001/api/PushLeads
2025-04-16T09:35:02.079Z - SUCCESS: Triggering webhook not started becaues of data is not exist in excel  2025-04-16T09:35:02.078Z with this URL: http://localhost:5001/api/getSheetData?spreadsheetId=1_J6mcwcZfxhUpjsOcQ2HORlynWa8IuBMA3uAHdSGbEY
2025-04-16T09:35:02.081Z - SUCCESS: Triggering webhook not started becaues of data is not exist in excel  2025-04-16T09:35:02.080Z with this URL: http://localhost:5001/api/getSheetData?spreadsheetId=1f3Rk4tCszNRsnnClRNI26UB8qPFtTUjAHD0sFglMJf4
2025-04-16T09:36:00.367Z - SUCCESS: Successfully ran scheduler at 2025-04-16T09:36:00.366Z with schedule "*/1 * * * *" and URL: http://localhost:5001/api/PushLeads
2025-04-16T09:36:00.368Z - SUCCESS: Successfully ran scheduler at 2025-04-16T09:36:00.367Z with this URL: http://localhost:5001/api/PushLeads
2025-04-16T09:36:01.163Z - SUCCESS: Triggering webhook not started becaues of data is not exist in excel  2025-04-16T09:36:01.163Z with this URL: http://localhost:5001/api/getSheetData?spreadsheetId=1f3Rk4tCszNRsnnClRNI26UB8qPFtTUjAHD0sFglMJf4
2025-04-16T09:36:01.168Z - SUCCESS: Triggering webhook not started becaues of data is not exist in excel  2025-04-16T09:36:01.167Z with this URL: http://localhost:5001/api/getSheetData?spreadsheetId=1_J6mcwcZfxhUpjsOcQ2HORlynWa8IuBMA3uAHdSGbEY
2025-04-16T09:36:31.003Z - SUCCESS: Lead push scheduler started at 2025-04-16T09:36:31.002Z with schedule "*/1 * * * *" and URL: http://localhost:5001/api/PushLeads
2025-04-16T09:36:31.004Z - SUCCESS: Lead push scheduler started at 2025-04-16T09:36:31.004Z with schedule "*/1 * * * *" and URL: http://localhost:5001/api/getSheetData?spreadsheetId=1f3Rk4tCszNRsnnClRNI26UB8qPFtTUjAHD0sFglMJf4
2025-04-16T09:36:31.007Z - SUCCESS: Lead push scheduler started at 2025-04-16T09:36:31.006Z with schedule "*/1 * * * *" and URL: http://localhost:5001/api/getSheetData?spreadsheetId=1_J6mcwcZfxhUpjsOcQ2HORlynWa8IuBMA3uAHdSGbEY
2025-04-16T11:27:46.897Z - SUCCESS: Lead push scheduler started at 2025-04-16T11:27:46.895Z with schedule "*/1 * * * *" and URL: http://localhost:5001/api/PushLeads
2025-04-16T11:27:46.900Z - SUCCESS: Lead push scheduler started at 2025-04-16T11:27:46.899Z with schedule "*/1 * * * *" and URL: http://localhost:5001/api/getSheetData?spreadsheetId=1f3Rk4tCszNRsnnClRNI26UB8qPFtTUjAHD0sFglMJf4
2025-04-16T11:27:46.903Z - SUCCESS: Lead push scheduler started at 2025-04-16T11:27:46.902Z with schedule "*/1 * * * *" and URL: http://localhost:5001/api/getSheetData?spreadsheetId=1_J6mcwcZfxhUpjsOcQ2HORlynWa8IuBMA3uAHdSGbEY
2025-04-16T11:28:00.327Z - SUCCESS: Successfully ran scheduler at 2025-04-16T11:28:00.326Z with schedule "*/1 * * * *" and URL: http://localhost:5001/api/PushLeads
2025-04-16T11:28:00.329Z - SUCCESS: Successfully ran scheduler at 2025-04-16T11:28:00.328Z with this URL: http://localhost:5001/api/PushLeads
2025-04-16T11:28:01.459Z - SUCCESS: Triggering webhook not started becaues of data is not exist in excel  2025-04-16T11:28:01.458Z with this URL: http://localhost:5001/api/getSheetData?spreadsheetId=1f3Rk4tCszNRsnnClRNI26UB8qPFtTUjAHD0sFglMJf4
2025-04-16T11:28:01.564Z - SUCCESS: Triggering webhook not started becaues of data is not exist in excel  2025-04-16T11:28:01.562Z with this URL: http://localhost:5001/api/getSheetData?spreadsheetId=1_J6mcwcZfxhUpjsOcQ2HORlynWa8IuBMA3uAHdSGbEY
2025-04-16T11:29:00.715Z - SUCCESS: Successfully ran scheduler at 2025-04-16T11:29:00.704Z with schedule "*/1 * * * *" and URL: http://localhost:5001/api/PushLeads
2025-04-16T11:29:00.719Z - SUCCESS: Successfully ran scheduler at 2025-04-16T11:29:00.717Z with this URL: http://localhost:5001/api/PushLeads
2025-04-16T11:29:01.270Z - SUCCESS: Triggering webhook not started becaues of data is not exist in excel  2025-04-16T11:29:01.269Z with this URL: http://localhost:5001/api/getSheetData?spreadsheetId=1f3Rk4tCszNRsnnClRNI26UB8qPFtTUjAHD0sFglMJf4
2025-04-16T11:29:01.278Z - SUCCESS: Triggering webhook not started becaues of data is not exist in excel  2025-04-16T11:29:01.277Z with this URL: http://localhost:5001/api/getSheetData?spreadsheetId=1_J6mcwcZfxhUpjsOcQ2HORlynWa8IuBMA3uAHdSGbEY
2025-04-16T11:30:00.986Z - SUCCESS: Successfully ran scheduler at 2025-04-16T11:30:00.985Z with schedule "*/1 * * * *" and URL: http://localhost:5001/api/PushLeads
2025-04-16T11:30:00.988Z - SUCCESS: Successfully ran scheduler at 2025-04-16T11:30:00.987Z with this URL: http://localhost:5001/api/PushLeads
2025-04-16T11:30:01.572Z - SUCCESS: Triggering webhook not started becaues of data is not exist in excel  2025-04-16T11:30:01.570Z with this URL: http://localhost:5001/api/getSheetData?spreadsheetId=1f3Rk4tCszNRsnnClRNI26UB8qPFtTUjAHD0sFglMJf4
2025-04-16T11:30:01.580Z - SUCCESS: Triggering webhook not started becaues of data is not exist in excel  2025-04-16T11:30:01.579Z with this URL: http://localhost:5001/api/getSheetData?spreadsheetId=1_J6mcwcZfxhUpjsOcQ2HORlynWa8IuBMA3uAHdSGbEY
2025-04-16T11:31:00.481Z - SUCCESS: Successfully ran scheduler at 2025-04-16T11:31:00.480Z with schedule "*/1 * * * *" and URL: http://localhost:5001/api/PushLeads
2025-04-16T11:31:00.483Z - SUCCESS: Successfully ran scheduler at 2025-04-16T11:31:00.482Z with this URL: http://localhost:5001/api/PushLeads
2025-04-16T11:31:01.176Z - SUCCESS: Triggering webhook not started becaues of data is not exist in excel  2025-04-16T11:31:01.174Z with this URL: http://localhost:5001/api/getSheetData?spreadsheetId=1f3Rk4tCszNRsnnClRNI26UB8qPFtTUjAHD0sFglMJf4
2025-04-16T11:31:01.179Z - SUCCESS: Triggering webhook not started becaues of data is not exist in excel  2025-04-16T11:31:01.178Z with this URL: http://localhost:5001/api/getSheetData?spreadsheetId=1_J6mcwcZfxhUpjsOcQ2HORlynWa8IuBMA3uAHdSGbEY
2025-04-16T11:32:00.898Z - SUCCESS: Successfully ran scheduler at 2025-04-16T11:32:00.897Z with schedule "*/1 * * * *" and URL: http://localhost:5001/api/PushLeads
2025-04-16T11:32:00.900Z - SUCCESS: Successfully ran scheduler at 2025-04-16T11:32:00.899Z with this URL: http://localhost:5001/api/PushLeads
2025-04-16T11:32:01.583Z - SUCCESS: Triggering webhook not started becaues of data is not exist in excel  2025-04-16T11:32:01.582Z with this URL: http://localhost:5001/api/getSheetData?spreadsheetId=1f3Rk4tCszNRsnnClRNI26UB8qPFtTUjAHD0sFglMJf4
2025-04-16T11:32:01.682Z - SUCCESS: Triggering webhook not started becaues of data is not exist in excel  2025-04-16T11:32:01.681Z with this URL: http://localhost:5001/api/getSheetData?spreadsheetId=1_J6mcwcZfxhUpjsOcQ2HORlynWa8IuBMA3uAHdSGbEY
2025-04-16T11:33:00.380Z - SUCCESS: Successfully ran scheduler at 2025-04-16T11:33:00.379Z with schedule "*/1 * * * *" and URL: http://localhost:5001/api/PushLeads
2025-04-16T11:33:00.381Z - SUCCESS: Successfully ran scheduler at 2025-04-16T11:33:00.380Z with this URL: http://localhost:5001/api/PushLeads
2025-04-16T11:33:01.001Z - SUCCESS: Triggering webhook not started becaues of data is not exist in excel  2025-04-16T11:33:01.001Z with this URL: http://localhost:5001/api/getSheetData?spreadsheetId=1_J6mcwcZfxhUpjsOcQ2HORlynWa8IuBMA3uAHdSGbEY
2025-04-16T11:33:01.075Z - SUCCESS: Triggering webhook not started becaues of data is not exist in excel  2025-04-16T11:33:01.074Z with this URL: http://localhost:5001/api/getSheetData?spreadsheetId=1f3Rk4tCszNRsnnClRNI26UB8qPFtTUjAHD0sFglMJf4
2025-04-16T11:34:00.795Z - SUCCESS: Successfully ran scheduler at 2025-04-16T11:34:00.795Z with schedule "*/1 * * * *" and URL: http://localhost:5001/api/PushLeads
2025-04-16T11:34:00.796Z - SUCCESS: Successfully ran scheduler at 2025-04-16T11:34:00.796Z with this URL: http://localhost:5001/api/PushLeads
2025-04-16T11:34:01.596Z - SUCCESS: Triggering webhook not started becaues of data is not exist in excel  2025-04-16T11:34:01.594Z with this URL: http://localhost:5001/api/getSheetData?spreadsheetId=1f3Rk4tCszNRsnnClRNI26UB8qPFtTUjAHD0sFglMJf4
2025-04-16T11:34:01.605Z - SUCCESS: Triggering webhook not started becaues of data is not exist in excel  2025-04-16T11:34:01.604Z with this URL: http://localhost:5001/api/getSheetData?spreadsheetId=1_J6mcwcZfxhUpjsOcQ2HORlynWa8IuBMA3uAHdSGbEY
2025-04-16T11:35:00.192Z - SUCCESS: Successfully ran scheduler at 2025-04-16T11:35:00.192Z with schedule "*/1 * * * *" and URL: http://localhost:5001/api/PushLeads
2025-04-16T11:35:00.194Z - SUCCESS: Successfully ran scheduler at 2025-04-16T11:35:00.193Z with this URL: http://localhost:5001/api/PushLeads
2025-04-16T11:35:00.901Z - SUCCESS: Triggering webhook not started becaues of data is not exist in excel  2025-04-16T11:35:00.891Z with this URL: http://localhost:5001/api/getSheetData?spreadsheetId=1f3Rk4tCszNRsnnClRNI26UB8qPFtTUjAHD0sFglMJf4
2025-04-16T11:35:00.913Z - SUCCESS: Triggering webhook not started becaues of data is not exist in excel  2025-04-16T11:35:00.912Z with this URL: http://localhost:5001/api/getSheetData?spreadsheetId=1_J6mcwcZfxhUpjsOcQ2HORlynWa8IuBMA3uAHdSGbEY
2025-04-16T11:36:00.705Z - SUCCESS: Successfully ran scheduler at 2025-04-16T11:36:00.705Z with schedule "*/1 * * * *" and URL: http://localhost:5001/api/PushLeads
2025-04-16T11:36:00.706Z - SUCCESS: Successfully ran scheduler at 2025-04-16T11:36:00.706Z with this URL: http://localhost:5001/api/PushLeads
2025-04-16T11:36:01.307Z - SUCCESS: Triggering webhook not started becaues of data is not exist in excel  2025-04-16T11:36:01.306Z with this URL: http://localhost:5001/api/getSheetData?spreadsheetId=1f3Rk4tCszNRsnnClRNI26UB8qPFtTUjAHD0sFglMJf4
2025-04-16T11:36:01.321Z - SUCCESS: Triggering webhook not started becaues of data is not exist in excel  2025-04-16T11:36:01.320Z with this URL: http://localhost:5001/api/getSheetData?spreadsheetId=1_J6mcwcZfxhUpjsOcQ2HORlynWa8IuBMA3uAHdSGbEY
2025-04-16T11:37:00.111Z - SUCCESS: Successfully ran scheduler at 2025-04-16T11:37:00.110Z with schedule "*/1 * * * *" and URL: http://localhost:5001/api/PushLeads
2025-04-16T11:37:00.113Z - SUCCESS: Successfully ran scheduler at 2025-04-16T11:37:00.112Z with this URL: http://localhost:5001/api/PushLeads
2025-04-16T11:37:00.903Z - SUCCESS: Triggering webhook not started becaues of data is not exist in excel  2025-04-16T11:37:00.902Z with this URL: http://localhost:5001/api/getSheetData?spreadsheetId=1_J6mcwcZfxhUpjsOcQ2HORlynWa8IuBMA3uAHdSGbEY
2025-04-16T11:37:00.912Z - SUCCESS: Triggering webhook not started becaues of data is not exist in excel  2025-04-16T11:37:00.911Z with this URL: http://localhost:5001/api/getSheetData?spreadsheetId=1f3Rk4tCszNRsnnClRNI26UB8qPFtTUjAHD0sFglMJf4
2025-04-16T11:38:00.626Z - SUCCESS: Successfully ran scheduler at 2025-04-16T11:38:00.625Z with schedule "*/1 * * * *" and URL: http://localhost:5001/api/PushLeads
2025-04-16T11:38:00.627Z - SUCCESS: Successfully ran scheduler at 2025-04-16T11:38:00.626Z with this URL: http://localhost:5001/api/PushLeads
2025-04-16T11:38:01.219Z - SUCCESS: Triggering webhook not started becaues of data is not exist in excel  2025-04-16T11:38:01.214Z with this URL: http://localhost:5001/api/getSheetData?spreadsheetId=1_J6mcwcZfxhUpjsOcQ2HORlynWa8IuBMA3uAHdSGbEY
2025-04-16T11:38:01.227Z - SUCCESS: Triggering webhook not started becaues of data is not exist in excel  2025-04-16T11:38:01.226Z with this URL: http://localhost:5001/api/getSheetData?spreadsheetId=1f3Rk4tCszNRsnnClRNI26UB8qPFtTUjAHD0sFglMJf4
2025-04-16T11:39:01.075Z - SUCCESS: Successfully ran scheduler at 2025-04-16T11:39:01.049Z with schedule "*/1 * * * *" and URL: http://localhost:5001/api/PushLeads
2025-04-16T11:39:01.080Z - SUCCESS: Successfully ran scheduler at 2025-04-16T11:39:01.076Z with this URL: http://localhost:5001/api/PushLeads
2025-04-16T11:39:01.940Z - SUCCESS: Triggering webhook not started becaues of data is not exist in excel  2025-04-16T11:39:01.938Z with this URL: http://localhost:5001/api/getSheetData?spreadsheetId=1_J6mcwcZfxhUpjsOcQ2HORlynWa8IuBMA3uAHdSGbEY
2025-04-16T11:39:01.948Z - SUCCESS: Triggering webhook not started becaues of data is not exist in excel  2025-04-16T11:39:01.947Z with this URL: http://localhost:5001/api/getSheetData?spreadsheetId=1f3Rk4tCszNRsnnClRNI26UB8qPFtTUjAHD0sFglMJf4
2025-04-16T11:40:00.549Z - SUCCESS: Successfully ran scheduler at 2025-04-16T11:40:00.548Z with schedule "*/1 * * * *" and URL: http://localhost:5001/api/PushLeads
2025-04-16T11:40:00.552Z - SUCCESS: Successfully ran scheduler at 2025-04-16T11:40:00.550Z with this URL: http://localhost:5001/api/PushLeads
2025-04-16T11:40:01.240Z - SUCCESS: Triggering webhook not started becaues of data is not exist in excel  2025-04-16T11:40:01.238Z with this URL: http://localhost:5001/api/getSheetData?spreadsheetId=1_J6mcwcZfxhUpjsOcQ2HORlynWa8IuBMA3uAHdSGbEY
2025-04-16T11:40:01.247Z - SUCCESS: Triggering webhook not started becaues of data is not exist in excel  2025-04-16T11:40:01.246Z with this URL: http://localhost:5001/api/getSheetData?spreadsheetId=1f3Rk4tCszNRsnnClRNI26UB8qPFtTUjAHD0sFglMJf4
2025-04-16T11:41:00.951Z - SUCCESS: Successfully ran scheduler at 2025-04-16T11:41:00.950Z with schedule "*/1 * * * *" and URL: http://localhost:5001/api/PushLeads
2025-04-16T11:41:00.952Z - SUCCESS: Successfully ran scheduler at 2025-04-16T11:41:00.951Z with this URL: http://localhost:5001/api/PushLeads
2025-04-16T11:42:00.454Z - SUCCESS: Successfully ran scheduler at 2025-04-16T11:42:00.454Z with schedule "*/1 * * * *" and URL: http://localhost:5001/api/PushLeads
2025-04-16T11:42:00.456Z - SUCCESS: Successfully ran scheduler at 2025-04-16T11:42:00.455Z with this URL: http://localhost:5001/api/PushLeads
2025-04-16T11:42:01.482Z - SUCCESS: Triggering webhook not started becaues of data is not exist in excel  2025-04-16T11:42:01.481Z with this URL: http://localhost:5001/api/getSheetData?spreadsheetId=1f3Rk4tCszNRsnnClRNI26UB8qPFtTUjAHD0sFglMJf4
2025-04-16T11:42:01.565Z - SUCCESS: Triggering webhook not started becaues of data is not exist in excel  2025-04-16T11:42:01.564Z with this URL: http://localhost:5001/api/getSheetData?spreadsheetId=1_J6mcwcZfxhUpjsOcQ2HORlynWa8IuBMA3uAHdSGbEY
2025-04-16T11:43:00.762Z - SUCCESS: Triggering webhook not started becaues of data is not exist in excel  2025-04-16T11:43:00.761Z with this URL: http://localhost:5001/api/getSheetData?spreadsheetId=1f3Rk4tCszNRsnnClRNI26UB8qPFtTUjAHD0sFglMJf4
2025-04-16T11:43:00.834Z - SUCCESS: Triggering webhook not started becaues of data is not exist in excel  2025-04-16T11:43:00.833Z with this URL: http://localhost:5001/api/getSheetData?spreadsheetId=1_J6mcwcZfxhUpjsOcQ2HORlynWa8IuBMA3uAHdSGbEY
2025-04-16T11:43:00.952Z - SUCCESS: Successfully ran scheduler at 2025-04-16T11:43:00.951Z with schedule "*/1 * * * *" and URL: http://localhost:5001/api/PushLeads
2025-04-16T11:43:00.954Z - SUCCESS: Successfully ran scheduler at 2025-04-16T11:43:00.953Z with this URL: http://localhost:5001/api/PushLeads
2025-04-16T11:44:00.439Z - SUCCESS: Successfully ran scheduler at 2025-04-16T11:44:00.436Z with schedule "*/1 * * * *" and URL: http://localhost:5001/api/PushLeads
2025-04-16T11:44:00.443Z - SUCCESS: Successfully ran scheduler at 2025-04-16T11:44:00.441Z with this URL: http://localhost:5001/api/PushLeads
2025-04-16T11:44:01.210Z - SUCCESS: Triggering webhook not started becaues of data is not exist in excel  2025-04-16T11:44:01.170Z with this URL: http://localhost:5001/api/getSheetData?spreadsheetId=1_J6mcwcZfxhUpjsOcQ2HORlynWa8IuBMA3uAHdSGbEY
2025-04-16T11:44:01.285Z - SUCCESS: Triggering webhook not started becaues of data is not exist in excel  2025-04-16T11:44:01.284Z with this URL: http://localhost:5001/api/getSheetData?spreadsheetId=1f3Rk4tCszNRsnnClRNI26UB8qPFtTUjAHD0sFglMJf4
2025-04-16T11:45:00.879Z - SUCCESS: Successfully ran scheduler at 2025-04-16T11:45:00.879Z with schedule "*/1 * * * *" and URL: http://localhost:5001/api/PushLeads
2025-04-16T11:45:00.882Z - SUCCESS: Successfully ran scheduler at 2025-04-16T11:45:00.881Z with this URL: http://localhost:5001/api/PushLeads
2025-04-16T11:45:01.912Z - SUCCESS: Triggering webhook not started becaues of data is not exist in excel  2025-04-16T11:45:01.909Z with this URL: http://localhost:5001/api/getSheetData?spreadsheetId=1_J6mcwcZfxhUpjsOcQ2HORlynWa8IuBMA3uAHdSGbEY
2025-04-16T11:45:01.975Z - SUCCESS: Triggering webhook not started becaues of data is not exist in excel  2025-04-16T11:45:01.974Z with this URL: http://localhost:5001/api/getSheetData?spreadsheetId=1f3Rk4tCszNRsnnClRNI26UB8qPFtTUjAHD0sFglMJf4
2025-04-16T11:46:00.453Z - SUCCESS: Successfully ran scheduler at 2025-04-16T11:46:00.452Z with schedule "*/1 * * * *" and URL: http://localhost:5001/api/PushLeads
2025-04-16T11:46:00.459Z - SUCCESS: Successfully ran scheduler at 2025-04-16T11:46:00.454Z with this URL: http://localhost:5001/api/PushLeads
2025-04-16T11:46:01.162Z - SUCCESS: Triggering webhook not started becaues of data is not exist in excel  2025-04-16T11:46:01.162Z with this URL: http://localhost:5001/api/getSheetData?spreadsheetId=1f3Rk4tCszNRsnnClRNI26UB8qPFtTUjAHD0sFglMJf4
2025-04-16T11:46:01.173Z - SUCCESS: Triggering webhook not started becaues of data is not exist in excel  2025-04-16T11:46:01.172Z with this URL: http://localhost:5001/api/getSheetData?spreadsheetId=1_J6mcwcZfxhUpjsOcQ2HORlynWa8IuBMA3uAHdSGbEY
2025-04-16T11:47:00.888Z - SUCCESS: Successfully ran scheduler at 2025-04-16T11:47:00.887Z with schedule "*/1 * * * *" and URL: http://localhost:5001/api/PushLeads
2025-04-16T11:47:00.890Z - SUCCESS: Successfully ran scheduler at 2025-04-16T11:47:00.888Z with this URL: http://localhost:5001/api/PushLeads
2025-04-16T11:47:01.587Z - SUCCESS: Triggering webhook not started becaues of data is not exist in excel  2025-04-16T11:47:01.585Z with this URL: http://localhost:5001/api/getSheetData?spreadsheetId=1f3Rk4tCszNRsnnClRNI26UB8qPFtTUjAHD0sFglMJf4
2025-04-16T11:47:01.596Z - SUCCESS: Triggering webhook not started becaues of data is not exist in excel  2025-04-16T11:47:01.595Z with this URL: http://localhost:5001/api/getSheetData?spreadsheetId=1_J6mcwcZfxhUpjsOcQ2HORlynWa8IuBMA3uAHdSGbEY
2025-04-16T11:48:00.384Z - SUCCESS: Successfully ran scheduler at 2025-04-16T11:48:00.384Z with schedule "*/1 * * * *" and URL: http://localhost:5001/api/PushLeads
2025-04-16T11:48:00.385Z - SUCCESS: Successfully ran scheduler at 2025-04-16T11:48:00.384Z with this URL: http://localhost:5001/api/PushLeads
2025-04-16T11:48:01.080Z - SUCCESS: Triggering webhook not started becaues of data is not exist in excel  2025-04-16T11:48:01.079Z with this URL: http://localhost:5001/api/getSheetData?spreadsheetId=1_J6mcwcZfxhUpjsOcQ2HORlynWa8IuBMA3uAHdSGbEY
2025-04-16T11:48:01.087Z - SUCCESS: Triggering webhook not started becaues of data is not exist in excel  2025-04-16T11:48:01.086Z with this URL: http://localhost:5001/api/getSheetData?spreadsheetId=1f3Rk4tCszNRsnnClRNI26UB8qPFtTUjAHD0sFglMJf4
2025-04-16T11:49:00.798Z - SUCCESS: Successfully ran scheduler at 2025-04-16T11:49:00.798Z with schedule "*/1 * * * *" and URL: http://localhost:5001/api/PushLeads
2025-04-16T11:49:00.800Z - SUCCESS: Successfully ran scheduler at 2025-04-16T11:49:00.800Z with this URL: http://localhost:5001/api/PushLeads
2025-04-16T11:49:01.490Z - SUCCESS: Triggering webhook not started becaues of data is not exist in excel  2025-04-16T11:49:01.489Z with this URL: http://localhost:5001/api/getSheetData?spreadsheetId=1f3Rk4tCszNRsnnClRNI26UB8qPFtTUjAHD0sFglMJf4
2025-04-16T11:49:01.798Z - SUCCESS: Triggering webhook not started becaues of data is not exist in excel  2025-04-16T11:49:01.797Z with this URL: http://localhost:5001/api/getSheetData?spreadsheetId=1_J6mcwcZfxhUpjsOcQ2HORlynWa8IuBMA3uAHdSGbEY
2025-04-16T11:50:00.300Z - SUCCESS: Successfully ran scheduler at 2025-04-16T11:50:00.300Z with schedule "*/1 * * * *" and URL: http://localhost:5001/api/PushLeads
2025-04-16T11:50:00.302Z - SUCCESS: Successfully ran scheduler at 2025-04-16T11:50:00.301Z with this URL: http://localhost:5001/api/PushLeads
2025-04-16T11:50:01.089Z - SUCCESS: Triggering webhook not started becaues of data is not exist in excel  2025-04-16T11:50:01.088Z with this URL: http://localhost:5001/api/getSheetData?spreadsheetId=1f3Rk4tCszNRsnnClRNI26UB8qPFtTUjAHD0sFglMJf4
2025-04-16T11:50:01.599Z - SUCCESS: Triggering webhook not started becaues of data is not exist in excel  2025-04-16T11:50:01.598Z with this URL: http://localhost:5001/api/getSheetData?spreadsheetId=1_J6mcwcZfxhUpjsOcQ2HORlynWa8IuBMA3uAHdSGbEY
2025-04-16T11:51:00.807Z - SUCCESS: Successfully ran scheduler at 2025-04-16T11:51:00.806Z with schedule "*/1 * * * *" and URL: http://localhost:5001/api/PushLeads
2025-04-16T11:51:00.809Z - SUCCESS: Successfully ran scheduler at 2025-04-16T11:51:00.808Z with this URL: http://localhost:5001/api/PushLeads
2025-04-16T11:51:01.736Z - SUCCESS: Triggering webhook not started becaues of data is not exist in excel  2025-04-16T11:51:01.735Z with this URL: http://localhost:5001/api/getSheetData?spreadsheetId=1f3Rk4tCszNRsnnClRNI26UB8qPFtTUjAHD0sFglMJf4
2025-04-16T11:51:01.745Z - SUCCESS: Triggering webhook not started becaues of data is not exist in excel  2025-04-16T11:51:01.744Z with this URL: http://localhost:5001/api/getSheetData?spreadsheetId=1_J6mcwcZfxhUpjsOcQ2HORlynWa8IuBMA3uAHdSGbEY
2025-04-16T11:52:00.204Z - SUCCESS: Successfully ran scheduler at 2025-04-16T11:52:00.204Z with schedule "*/1 * * * *" and URL: http://localhost:5001/api/PushLeads
2025-04-16T11:52:00.206Z - SUCCESS: Successfully ran scheduler at 2025-04-16T11:52:00.205Z with this URL: http://localhost:5001/api/PushLeads
2025-04-16T11:52:00.999Z - SUCCESS: Triggering webhook not started becaues of data is not exist in excel  2025-04-16T11:52:00.998Z with this URL: http://localhost:5001/api/getSheetData?spreadsheetId=1f3Rk4tCszNRsnnClRNI26UB8qPFtTUjAHD0sFglMJf4
2025-04-16T11:52:01.112Z - SUCCESS: Triggering webhook not started becaues of data is not exist in excel  2025-04-16T11:52:01.111Z with this URL: http://localhost:5001/api/getSheetData?spreadsheetId=1_J6mcwcZfxhUpjsOcQ2HORlynWa8IuBMA3uAHdSGbEY
2025-04-16T11:53:00.700Z - SUCCESS: Successfully ran scheduler at 2025-04-16T11:53:00.692Z with schedule "*/1 * * * *" and URL: http://localhost:5001/api/PushLeads
2025-04-16T11:53:00.702Z - SUCCESS: Successfully ran scheduler at 2025-04-16T11:53:00.701Z with this URL: http://localhost:5001/api/PushLeads
2025-04-16T11:53:01.532Z - SUCCESS: Triggering webhook not started becaues of data is not exist in excel  2025-04-16T11:53:01.528Z with this URL: http://localhost:5001/api/getSheetData?spreadsheetId=1f3Rk4tCszNRsnnClRNI26UB8qPFtTUjAHD0sFglMJf4
2025-04-16T11:53:01.617Z - SUCCESS: Triggering webhook not started becaues of data is not exist in excel  2025-04-16T11:53:01.616Z with this URL: http://localhost:5001/api/getSheetData?spreadsheetId=1_J6mcwcZfxhUpjsOcQ2HORlynWa8IuBMA3uAHdSGbEY
2025-04-16T11:54:00.114Z - SUCCESS: Successfully ran scheduler at 2025-04-16T11:54:00.113Z with schedule "*/1 * * * *" and URL: http://localhost:5001/api/PushLeads
2025-04-16T11:54:00.116Z - SUCCESS: Successfully ran scheduler at 2025-04-16T11:54:00.115Z with this URL: http://localhost:5001/api/PushLeads
2025-04-16T11:54:01.116Z - SUCCESS: Triggering webhook not started becaues of data is not exist in excel  2025-04-16T11:54:01.115Z with this URL: http://localhost:5001/api/getSheetData?spreadsheetId=1f3Rk4tCszNRsnnClRNI26UB8qPFtTUjAHD0sFglMJf4
2025-04-16T11:54:01.128Z - SUCCESS: Triggering webhook not started becaues of data is not exist in excel  2025-04-16T11:54:01.127Z with this URL: http://localhost:5001/api/getSheetData?spreadsheetId=1_J6mcwcZfxhUpjsOcQ2HORlynWa8IuBMA3uAHdSGbEY
2025-04-16T11:55:00.538Z - SUCCESS: Successfully ran scheduler at 2025-04-16T11:55:00.535Z with schedule "*/1 * * * *" and URL: http://localhost:5001/api/PushLeads
2025-04-16T11:55:00.541Z - SUCCESS: Successfully ran scheduler at 2025-04-16T11:55:00.539Z with this URL: http://localhost:5001/api/PushLeads
2025-04-16T11:55:01.529Z - SUCCESS: Triggering webhook not started becaues of data is not exist in excel  2025-04-16T11:55:01.528Z with this URL: http://localhost:5001/api/getSheetData?spreadsheetId=1f3Rk4tCszNRsnnClRNI26UB8qPFtTUjAHD0sFglMJf4
2025-04-16T11:55:01.533Z - SUCCESS: Triggering webhook not started becaues of data is not exist in excel  2025-04-16T11:55:01.533Z with this URL: http://localhost:5001/api/getSheetData?spreadsheetId=1_J6mcwcZfxhUpjsOcQ2HORlynWa8IuBMA3uAHdSGbEY
2025-04-16T11:56:00.928Z - SUCCESS: Triggering webhook not started becaues of data is not exist in excel  2025-04-16T11:56:00.924Z with this URL: http://localhost:5001/api/getSheetData?spreadsheetId=1f3Rk4tCszNRsnnClRNI26UB8qPFtTUjAHD0sFglMJf4
2025-04-16T11:56:00.943Z - SUCCESS: Triggering webhook not started becaues of data is not exist in excel  2025-04-16T11:56:00.936Z with this URL: http://localhost:5001/api/getSheetData?spreadsheetId=1_J6mcwcZfxhUpjsOcQ2HORlynWa8IuBMA3uAHdSGbEY
2025-04-16T11:57:00.547Z - SUCCESS: Successfully ran scheduler at 2025-04-16T11:57:00.546Z with schedule "*/1 * * * *" and URL: http://localhost:5001/api/PushLeads
2025-04-16T11:57:00.549Z - SUCCESS: Successfully ran scheduler at 2025-04-16T11:57:00.548Z with this URL: http://localhost:5001/api/PushLeads
2025-04-16T11:57:01.438Z - SUCCESS: Triggering webhook not started becaues of data is not exist in excel  2025-04-16T11:57:01.437Z with this URL: http://localhost:5001/api/getSheetData?spreadsheetId=1f3Rk4tCszNRsnnClRNI26UB8qPFtTUjAHD0sFglMJf4
2025-04-16T11:57:01.453Z - SUCCESS: Triggering webhook not started becaues of data is not exist in excel  2025-04-16T11:57:01.452Z with this URL: http://localhost:5001/api/getSheetData?spreadsheetId=1_J6mcwcZfxhUpjsOcQ2HORlynWa8IuBMA3uAHdSGbEY
2025-04-16T11:58:00.146Z - SUCCESS: Successfully ran scheduler at 2025-04-16T11:58:00.145Z with schedule "*/1 * * * *" and URL: http://localhost:5001/api/PushLeads
2025-04-16T11:58:00.147Z - SUCCESS: Successfully ran scheduler at 2025-04-16T11:58:00.147Z with this URL: http://localhost:5001/api/PushLeads
2025-04-16T11:58:00.741Z - SUCCESS: Triggering webhook not started becaues of data is not exist in excel  2025-04-16T11:58:00.736Z with this URL: http://localhost:5001/api/getSheetData?spreadsheetId=1_J6mcwcZfxhUpjsOcQ2HORlynWa8IuBMA3uAHdSGbEY
2025-04-16T11:58:00.797Z - SUCCESS: Triggering webhook not started becaues of data is not exist in excel  2025-04-16T11:58:00.749Z with this URL: http://localhost:5001/api/getSheetData?spreadsheetId=1f3Rk4tCszNRsnnClRNI26UB8qPFtTUjAHD0sFglMJf4
2025-04-16T11:59:00.547Z - SUCCESS: Successfully ran scheduler at 2025-04-16T11:59:00.546Z with schedule "*/1 * * * *" and URL: http://localhost:5001/api/PushLeads
2025-04-16T11:59:00.550Z - SUCCESS: Successfully ran scheduler at 2025-04-16T11:59:00.549Z with this URL: http://localhost:5001/api/PushLeads
2025-04-16T11:59:01.270Z - SUCCESS: Triggering webhook not started becaues of data is not exist in excel  2025-04-16T11:59:01.269Z with this URL: http://localhost:5001/api/getSheetData?spreadsheetId=1f3Rk4tCszNRsnnClRNI26UB8qPFtTUjAHD0sFglMJf4
2025-04-16T11:59:01.358Z - SUCCESS: Triggering webhook not started becaues of data is not exist in excel  2025-04-16T11:59:01.353Z with this URL: http://localhost:5001/api/getSheetData?spreadsheetId=1_J6mcwcZfxhUpjsOcQ2HORlynWa8IuBMA3uAHdSGbEY
2025-04-16T12:00:00.641Z - SUCCESS: Triggering webhook not started becaues of data is not exist in excel  2025-04-16T12:00:00.641Z with this URL: http://localhost:5001/api/getSheetData?spreadsheetId=1f3Rk4tCszNRsnnClRNI26UB8qPFtTUjAHD0sFglMJf4
2025-04-16T12:00:00.743Z - SUCCESS: Triggering webhook not started becaues of data is not exist in excel  2025-04-16T12:00:00.743Z with this URL: http://localhost:5001/api/getSheetData?spreadsheetId=1_J6mcwcZfxhUpjsOcQ2HORlynWa8IuBMA3uAHdSGbEY
2025-04-16T12:00:00.960Z - SUCCESS: Successfully ran scheduler at 2025-04-16T12:00:00.959Z with schedule "*/1 * * * *" and URL: http://localhost:5001/api/PushLeads
2025-04-16T12:00:00.961Z - SUCCESS: Successfully ran scheduler at 2025-04-16T12:00:00.960Z with this URL: http://localhost:5001/api/PushLeads
2025-04-16T12:01:00.377Z - SUCCESS: Successfully ran scheduler at 2025-04-16T12:01:00.375Z with schedule "*/1 * * * *" and URL: http://localhost:5001/api/PushLeads
2025-04-16T12:01:00.380Z - SUCCESS: Successfully ran scheduler at 2025-04-16T12:01:00.379Z with this URL: http://localhost:5001/api/PushLeads
2025-04-16T12:01:01.269Z - SUCCESS: Triggering webhook not started becaues of data is not exist in excel  2025-04-16T12:01:01.268Z with this URL: http://localhost:5001/api/getSheetData?spreadsheetId=1f3Rk4tCszNRsnnClRNI26UB8qPFtTUjAHD0sFglMJf4
2025-04-16T12:01:01.276Z - SUCCESS: Triggering webhook not started becaues of data is not exist in excel  2025-04-16T12:01:01.275Z with this URL: http://localhost:5001/api/getSheetData?spreadsheetId=1_J6mcwcZfxhUpjsOcQ2HORlynWa8IuBMA3uAHdSGbEY
2025-04-16T12:02:00.888Z - SUCCESS: Successfully ran scheduler at 2025-04-16T12:02:00.888Z with schedule "*/1 * * * *" and URL: http://localhost:5001/api/PushLeads
2025-04-16T12:02:00.890Z - SUCCESS: Successfully ran scheduler at 2025-04-16T12:02:00.889Z with this URL: http://localhost:5001/api/PushLeads
2025-04-16T12:02:01.786Z - SUCCESS: Triggering webhook not started becaues of data is not exist in excel  2025-04-16T12:02:01.785Z with this URL: http://localhost:5001/api/getSheetData?spreadsheetId=1f3Rk4tCszNRsnnClRNI26UB8qPFtTUjAHD0sFglMJf4
2025-04-16T12:02:01.797Z - SUCCESS: Triggering webhook not started becaues of data is not exist in excel  2025-04-16T12:02:01.796Z with this URL: http://localhost:5001/api/getSheetData?spreadsheetId=1_J6mcwcZfxhUpjsOcQ2HORlynWa8IuBMA3uAHdSGbEY
2025-04-16T12:03:00.280Z - SUCCESS: Successfully ran scheduler at 2025-04-16T12:03:00.280Z with schedule "*/1 * * * *" and URL: http://localhost:5001/api/PushLeads
2025-04-16T12:03:00.281Z - SUCCESS: Successfully ran scheduler at 2025-04-16T12:03:00.281Z with this URL: http://localhost:5001/api/PushLeads
2025-04-16T12:03:01.073Z - SUCCESS: Triggering webhook not started becaues of data is not exist in excel  2025-04-16T12:03:01.072Z with this URL: http://localhost:5001/api/getSheetData?spreadsheetId=1_J6mcwcZfxhUpjsOcQ2HORlynWa8IuBMA3uAHdSGbEY
2025-04-16T12:03:01.086Z - SUCCESS: Triggering webhook not started becaues of data is not exist in excel  2025-04-16T12:03:01.084Z with this URL: http://localhost:5001/api/getSheetData?spreadsheetId=1f3Rk4tCszNRsnnClRNI26UB8qPFtTUjAHD0sFglMJf4
2025-04-16T12:04:00.784Z - SUCCESS: Successfully ran scheduler at 2025-04-16T12:04:00.783Z with schedule "*/1 * * * *" and URL: http://localhost:5001/api/PushLeads
2025-04-16T12:04:00.785Z - SUCCESS: Successfully ran scheduler at 2025-04-16T12:04:00.785Z with this URL: http://localhost:5001/api/PushLeads
2025-04-16T12:04:01.696Z - SUCCESS: Triggering webhook not started becaues of data is not exist in excel  2025-04-16T12:04:01.695Z with this URL: http://localhost:5001/api/getSheetData?spreadsheetId=1f3Rk4tCszNRsnnClRNI26UB8qPFtTUjAHD0sFglMJf4
2025-04-16T12:04:01.707Z - SUCCESS: Triggering webhook not started becaues of data is not exist in excel  2025-04-16T12:04:01.705Z with this URL: http://localhost:5001/api/getSheetData?spreadsheetId=1_J6mcwcZfxhUpjsOcQ2HORlynWa8IuBMA3uAHdSGbEY
2025-04-16T12:05:00.386Z - SUCCESS: Successfully ran scheduler at 2025-04-16T12:05:00.385Z with schedule "*/1 * * * *" and URL: http://localhost:5001/api/PushLeads
2025-04-16T12:05:00.388Z - SUCCESS: Successfully ran scheduler at 2025-04-16T12:05:00.387Z with this URL: http://localhost:5001/api/PushLeads
2025-04-16T12:05:00.988Z - SUCCESS: Triggering webhook not started becaues of data is not exist in excel  2025-04-16T12:05:00.982Z with this URL: http://localhost:5001/api/getSheetData?spreadsheetId=1f3Rk4tCszNRsnnClRNI26UB8qPFtTUjAHD0sFglMJf4
2025-04-16T12:05:01.075Z - SUCCESS: Triggering webhook not started becaues of data is not exist in excel  2025-04-16T12:05:01.075Z with this URL: http://localhost:5001/api/getSheetData?spreadsheetId=1_J6mcwcZfxhUpjsOcQ2HORlynWa8IuBMA3uAHdSGbEY
2025-04-16T12:06:00.713Z - SUCCESS: Successfully ran scheduler at 2025-04-16T12:06:00.713Z with schedule "*/1 * * * *" and URL: http://localhost:5001/api/PushLeads
2025-04-16T12:06:00.715Z - SUCCESS: Successfully ran scheduler at 2025-04-16T12:06:00.714Z with this URL: http://localhost:5001/api/PushLeads
2025-04-16T12:06:01.411Z - SUCCESS: Triggering webhook not started becaues of data is not exist in excel  2025-04-16T12:06:01.410Z with this URL: http://localhost:5001/api/getSheetData?spreadsheetId=1f3Rk4tCszNRsnnClRNI26UB8qPFtTUjAHD0sFglMJf4
2025-04-16T12:06:01.501Z - SUCCESS: Triggering webhook not started becaues of data is not exist in excel  2025-04-16T12:06:01.500Z with this URL: http://localhost:5001/api/getSheetData?spreadsheetId=1_J6mcwcZfxhUpjsOcQ2HORlynWa8IuBMA3uAHdSGbEY
2025-04-16T12:07:00.211Z - SUCCESS: Successfully ran scheduler at 2025-04-16T12:07:00.210Z with schedule "*/1 * * * *" and URL: http://localhost:5001/api/PushLeads
2025-04-16T12:07:00.219Z - SUCCESS: Successfully ran scheduler at 2025-04-16T12:07:00.212Z with this URL: http://localhost:5001/api/PushLeads
2025-04-16T12:07:00.799Z - SUCCESS: Triggering webhook not started becaues of data is not exist in excel  2025-04-16T12:07:00.797Z with this URL: http://localhost:5001/api/getSheetData?spreadsheetId=1f3Rk4tCszNRsnnClRNI26UB8qPFtTUjAHD0sFglMJf4
2025-04-16T12:07:00.895Z - SUCCESS: Triggering webhook not started becaues of data is not exist in excel  2025-04-16T12:07:00.894Z with this URL: http://localhost:5001/api/getSheetData?spreadsheetId=1_J6mcwcZfxhUpjsOcQ2HORlynWa8IuBMA3uAHdSGbEY
2025-04-16T12:08:00.706Z - SUCCESS: Successfully ran scheduler at 2025-04-16T12:08:00.705Z with schedule "*/1 * * * *" and URL: http://localhost:5001/api/PushLeads
2025-04-16T12:08:00.708Z - SUCCESS: Successfully ran scheduler at 2025-04-16T12:08:00.706Z with this URL: http://localhost:5001/api/PushLeads
2025-04-16T12:08:01.418Z - SUCCESS: Triggering webhook not started becaues of data is not exist in excel  2025-04-16T12:08:01.417Z with this URL: http://localhost:5001/api/getSheetData?spreadsheetId=1_J6mcwcZfxhUpjsOcQ2HORlynWa8IuBMA3uAHdSGbEY
2025-04-16T12:08:01.434Z - SUCCESS: Triggering webhook not started becaues of data is not exist in excel  2025-04-16T12:08:01.431Z with this URL: http://localhost:5001/api/getSheetData?spreadsheetId=1f3Rk4tCszNRsnnClRNI26UB8qPFtTUjAHD0sFglMJf4
2025-04-16T13:20:16.293Z - SUCCESS: Lead push scheduler started at 2025-04-16T13:20:16.285Z with schedule "*/1 * * * *" and URL: http://localhost:5001/api/PushLeads
2025-04-16T13:20:16.296Z - SUCCESS: Lead push scheduler started at 2025-04-16T13:20:16.296Z with schedule "*/1 * * * *" and URL: http://localhost:5001/api/getSheetData?spreadsheetId=1f3Rk4tCszNRsnnClRNI26UB8qPFtTUjAHD0sFglMJf4
2025-04-16T13:20:16.299Z - SUCCESS: Lead push scheduler started at 2025-04-16T13:20:16.298Z with schedule "*/1 * * * *" and URL: http://localhost:5001/api/getSheetData?spreadsheetId=1_J6mcwcZfxhUpjsOcQ2HORlynWa8IuBMA3uAHdSGbEY
2025-04-16T13:21:00.690Z - SUCCESS: Successfully ran scheduler at 2025-04-16T13:21:00.689Z with schedule "*/1 * * * *" and URL: http://localhost:5001/api/PushLeads
2025-04-16T13:21:00.693Z - SUCCESS: Successfully ran scheduler at 2025-04-16T13:21:00.690Z with this URL: http://localhost:5001/api/PushLeads
2025-04-16T13:21:01.832Z - SUCCESS: Triggering webhook not started becaues of data is not exist in excel  2025-04-16T13:21:01.823Z with this URL: http://localhost:5001/api/getSheetData?spreadsheetId=1f3Rk4tCszNRsnnClRNI26UB8qPFtTUjAHD0sFglMJf4
2025-04-16T13:21:02.122Z - SUCCESS: Triggering webhook not started becaues of data is not exist in excel  2025-04-16T13:21:02.121Z with this URL: http://localhost:5001/api/getSheetData?spreadsheetId=1_J6mcwcZfxhUpjsOcQ2HORlynWa8IuBMA3uAHdSGbEY
2025-04-16T13:21:29.901Z - SUCCESS: Lead push scheduler started at 2025-04-16T13:21:29.898Z with schedule "*/1 * * * *" and URL: http://localhost:5001/api/PushLeads
2025-04-16T13:21:29.902Z - SUCCESS: Lead push scheduler started at 2025-04-16T13:21:29.902Z with schedule "*/1 * * * *" and URL: http://localhost:5001/api/getSheetData?spreadsheetId=1f3Rk4tCszNRsnnClRNI26UB8qPFtTUjAHD0sFglMJf4
2025-04-16T13:21:29.905Z - SUCCESS: Lead push scheduler started at 2025-04-16T13:21:29.905Z with schedule "*/1 * * * *" and URL: http://localhost:5001/api/getSheetData?spreadsheetId=1_J6mcwcZfxhUpjsOcQ2HORlynWa8IuBMA3uAHdSGbEY
2025-04-16T13:21:59.777Z - SUCCESS: Lead push scheduler started at 2025-04-16T13:21:59.775Z with schedule "*/1 * * * *" and URL: http://localhost:5001/api/PushLeads
2025-04-16T13:21:59.779Z - SUCCESS: Lead push scheduler started at 2025-04-16T13:21:59.778Z with schedule "*/1 * * * *" and URL: http://localhost:5001/api/getSheetData?spreadsheetId=1f3Rk4tCszNRsnnClRNI26UB8qPFtTUjAHD0sFglMJf4
2025-04-16T13:21:59.781Z - SUCCESS: Lead push scheduler started at 2025-04-16T13:21:59.781Z with schedule "*/1 * * * *" and URL: http://localhost:5001/api/getSheetData?spreadsheetId=1_J6mcwcZfxhUpjsOcQ2HORlynWa8IuBMA3uAHdSGbEY
2025-04-16T13:22:00.974Z - SUCCESS: Successfully ran scheduler at 2025-04-16T13:22:00.973Z with schedule "*/1 * * * *" and URL: http://localhost:5001/api/PushLeads
2025-04-16T13:22:00.974Z - SUCCESS: Successfully ran scheduler at 2025-04-16T13:22:00.974Z with this URL: http://localhost:5001/api/PushLeads
2025-04-16T13:22:01.783Z - SUCCESS: Triggering webhook not started becaues of data is not exist in excel  2025-04-16T13:22:01.780Z with this URL: http://localhost:5001/api/getSheetData?spreadsheetId=1_J6mcwcZfxhUpjsOcQ2HORlynWa8IuBMA3uAHdSGbEY
2025-04-16T13:22:01.789Z - SUCCESS: Triggering webhook not started becaues of data is not exist in excel  2025-04-16T13:22:01.788Z with this URL: http://localhost:5001/api/getSheetData?spreadsheetId=1f3Rk4tCszNRsnnClRNI26UB8qPFtTUjAHD0sFglMJf4
