2025-05-21T06:13:25.140Z - SUCCESS: Lead push scheduler started at 2025-05-21T06:13:25.135Z with schedule "*/5 * * * *" and URL: http://localhost:5001/api/PushLeads
2025-05-21T06:13:25.142Z - SUCCESS: Lead push scheduler started at 2025-05-21T06:13:25.142Z with schedule "*/5 * * * *" and URL: http://localhost:5001/api/getSheetData?spreadsheetId=1f3Rk4tCszNRsnnClRNI26UB8qPFtTUjAHD0sFglMJf4
2025-05-21T06:13:25.144Z - SUCCESS: Lead push scheduler started at 2025-05-21T06:13:25.144Z with schedule "*/5 * * * *" and URL: http://localhost:5001/api/getSheetData?spreadsheetId=1_J6mcwcZfxhUpjsOcQ2HORlynWa8IuBMA3uAHdSGbEY
2025-05-21T10:20:42.937Z - SUCCESS: Lead push scheduler started at 2025-05-21T10:20:42.932Z with schedule "*/5 * * * *" and URL: http://localhost:5001/api/PushLeads
2025-05-21T10:20:42.940Z - SUCCESS: Lead push scheduler started at 2025-05-21T10:20:42.940Z with schedule "*/5 * * * *" and URL: http://localhost:5001/api/getSheetData?spreadsheetId=1f3Rk4tCszNRsnnClRNI26UB8qPFtTUjAHD0sFglMJf4
2025-05-21T10:20:42.944Z - SUCCESS: Lead push scheduler started at 2025-05-21T10:20:42.943Z with schedule "*/5 * * * *" and URL: http://localhost:5001/api/getSheetData?spreadsheetId=1_J6mcwcZfxhUpjsOcQ2HORlynWa8IuBMA3uAHdSGbEY
2025-05-21T10:22:03.171Z - SUCCESS: Lead push scheduler started at 2025-05-21T10:22:03.169Z with schedule "*/5 * * * *" and URL: http://localhost:5001/api/PushLeads
2025-05-21T10:22:03.173Z - SUCCESS: Lead push scheduler started at 2025-05-21T10:22:03.172Z with schedule "*/1 * * * *" and URL: http://localhost:5001/api/getSheetData?spreadsheetId=1f3Rk4tCszNRsnnClRNI26UB8qPFtTUjAHD0sFglMJf4
2025-05-21T10:22:03.175Z - SUCCESS: Lead push scheduler started at 2025-05-21T10:22:03.175Z with schedule "*/1 * * * *" and URL: http://localhost:5001/api/getSheetData?spreadsheetId=1_J6mcwcZfxhUpjsOcQ2HORlynWa8IuBMA3uAHdSGbEY
2025-05-21T10:23:00.821Z - SUCCESS: Triggering webhook not started becaues of data is not exist in excel  2025-05-21T10:23:00.820Z with this URL: http://localhost:5001/api/getSheetData?spreadsheetId=1f3Rk4tCszNRsnnClRNI26UB8qPFtTUjAHD0sFglMJf4
2025-05-21T10:23:00.828Z - SUCCESS: Triggering webhook not started becaues of data is not exist in excel  2025-05-21T10:23:00.827Z with this URL: http://localhost:5001/api/getSheetData?spreadsheetId=1_J6mcwcZfxhUpjsOcQ2HORlynWa8IuBMA3uAHdSGbEY
2025-05-21T10:24:03.129Z - SUCCESS: Lead push scheduler started at 2025-05-21T10:24:03.124Z with schedule "*/5 * * * *" and URL: http://localhost:5001/api/PushLeads
2025-05-21T10:24:03.130Z - SUCCESS: Lead push scheduler started at 2025-05-21T10:24:03.130Z with schedule "*/1 * * * *" and URL: http://localhost:5001/api/getSheetData?spreadsheetId=1f3Rk4tCszNRsnnClRNI26UB8qPFtTUjAHD0sFglMJf4
2025-05-21T10:24:03.133Z - SUCCESS: Lead push scheduler started at 2025-05-21T10:24:03.132Z with schedule "*/1 * * * *" and URL: http://localhost:5001/api/getSheetData?spreadsheetId=1_J6mcwcZfxhUpjsOcQ2HORlynWa8IuBMA3uAHdSGbEY
2025-05-21T10:25:00.771Z - SUCCESS: Triggering webhook not started becaues of data is not exist in excel  2025-05-21T10:25:00.770Z with this URL: http://localhost:5001/api/getSheetData?spreadsheetId=1f3Rk4tCszNRsnnClRNI26UB8qPFtTUjAHD0sFglMJf4
2025-05-21T10:25:00.781Z - SUCCESS: Triggering webhook not started becaues of data is not exist in excel  2025-05-21T10:25:00.780Z with this URL: http://localhost:5001/api/getSheetData?spreadsheetId=1_J6mcwcZfxhUpjsOcQ2HORlynWa8IuBMA3uAHdSGbEY
2025-05-21T10:25:00.785Z - SUCCESS: Successfully ran scheduler at 2025-05-21T10:25:00.783Z with schedule "*/5 * * * *" and URL: http://localhost:5001/api/PushLeads
2025-05-21T10:25:00.786Z - SUCCESS: Successfully ran scheduler at 2025-05-21T10:25:00.786Z with this URL: http://localhost:5001/api/PushLeads
2025-05-21T10:26:00.307Z - SUCCESS: Triggering webhook not started becaues of data is not exist in excel  2025-05-21T10:26:00.306Z with this URL: http://localhost:5001/api/getSheetData?spreadsheetId=1f3Rk4tCszNRsnnClRNI26UB8qPFtTUjAHD0sFglMJf4
2025-05-21T10:26:00.319Z - SUCCESS: Triggering webhook not started becaues of data is not exist in excel  2025-05-21T10:26:00.319Z with this URL: http://localhost:5001/api/getSheetData?spreadsheetId=1_J6mcwcZfxhUpjsOcQ2HORlynWa8IuBMA3uAHdSGbEY
2025-05-21T10:26:52.318Z - SUCCESS: Lead push scheduler started at 2025-05-21T10:26:52.315Z with schedule "*/1 * * * *" and URL: http://localhost:5001/api/getSheetData?spreadsheetId=1f3Rk4tCszNRsnnClRNI26UB8qPFtTUjAHD0sFglMJf4
2025-05-21T10:26:52.321Z - SUCCESS: Lead push scheduler started at 2025-05-21T10:26:52.320Z with schedule "*/1 * * * *" and URL: http://localhost:5001/api/getSheetData?spreadsheetId=1_J6mcwcZfxhUpjsOcQ2HORlynWa8IuBMA3uAHdSGbEY
2025-05-21T10:27:00.486Z - SUCCESS: Triggering webhook not started becaues of data is not exist in excel  2025-05-21T10:27:00.486Z with this URL: http://localhost:5001/api/getSheetData?spreadsheetId=1f3Rk4tCszNRsnnClRNI26UB8qPFtTUjAHD0sFglMJf4
2025-05-21T10:27:02.294Z - SUCCESS: Successfully ran scheduler at 2025-05-21T10:27:02.294Z with schedule "*/1 * * * *" and URL: http://localhost:5001/api/getSheetData?spreadsheetId=1_J6mcwcZfxhUpjsOcQ2HORlynWa8IuBMA3uAHdSGbEY
2025-05-21T10:27:02.296Z - SUCCESS: Successfully ran scheduler at 2025-05-21T10:27:02.295Z with this URL: http://localhost:5001/api/getSheetData?spreadsheetId=1_J6mcwcZfxhUpjsOcQ2HORlynWa8IuBMA3uAHdSGbEY
2025-05-21T10:43:16.589Z - SUCCESS: Lead push scheduler started at 2025-05-21T10:43:16.586Z with schedule "*/1 * * * *" and URL: http://shopapi.nirvasa.com/api/getSheetData?spreadsheetId=12SDDRulCmwL76bnETOhY4kUTdXsHMc2uQ0joP4rAcZ8
2025-05-21T10:44:01.645Z - SUCCESS: Triggering webhook not started becaues of data is not exist in excel  2025-05-21T10:44:01.644Z with this URL: http://shopapi.nirvasa.com/api/getSheetData?spreadsheetId=12SDDRulCmwL76bnETOhY4kUTdXsHMc2uQ0joP4rAcZ8
2025-05-21T10:50:29.307Z - SUCCESS: Lead push scheduler started at 2025-05-21T10:50:29.303Z with schedule "*/1 * * * *" and URL: http://shopapi.nirvasa.com/api/getSheetData?spreadsheetId=12SDDRulCmwL76bnETOhY4kUTdXsHMc2uQ0joP4rAcZ8
2025-05-21T10:51:01.983Z - SUCCESS: Triggering webhook not started becaues of data is not exist in excel  2025-05-21T10:51:01.982Z with this URL: http://shopapi.nirvasa.com/api/getSheetData?spreadsheetId=12SDDRulCmwL76bnETOhY4kUTdXsHMc2uQ0joP4rAcZ8
2025-05-21T10:52:01.425Z - SUCCESS: Triggering webhook not started becaues of data is not exist in excel  2025-05-21T10:52:01.424Z with this URL: http://shopapi.nirvasa.com/api/getSheetData?spreadsheetId=12SDDRulCmwL76bnETOhY4kUTdXsHMc2uQ0joP4rAcZ8
2025-05-21T10:52:15.021Z - SUCCESS: Lead push scheduler started at 2025-05-21T10:52:15.019Z with schedule "*/1 * * * *" and URL: http://shopapi.nirvasa.com/api/getSheetData?spreadsheetId=12SDDRulCmwL76bnETOhY4kUTdXsHMc2uQ0joP4rAcZ8
2025-05-21T10:53:01.530Z - SUCCESS: Triggering webhook not started becaues of data is not exist in excel  2025-05-21T10:53:01.530Z with this URL: http://shopapi.nirvasa.com/api/getSheetData?spreadsheetId=12SDDRulCmwL76bnETOhY4kUTdXsHMc2uQ0joP4rAcZ8
2025-05-21T10:53:42.039Z - SUCCESS: Lead push scheduler started at 2025-05-21T10:53:42.036Z with schedule "*/1 * * * *" and URL: http://shopapi.nirvasa.com/api/getSheetData?spreadsheetId=12SDDRulCmwL76bnETOhY4kUTdXsHMc2uQ0joP4rAcZ8
2025-05-21T10:54:01.258Z - SUCCESS: Triggering webhook not started becaues of data is not exist in excel  2025-05-21T10:54:01.258Z with this URL: http://shopapi.nirvasa.com/api/getSheetData?spreadsheetId=12SDDRulCmwL76bnETOhY4kUTdXsHMc2uQ0joP4rAcZ8
2025-05-21T10:57:06.033Z - SUCCESS: Lead push scheduler started at 2025-05-21T10:57:06.031Z with schedule "*/1 * * * *" and URL: http://shopapi.nirvasa.com/api/getSheetData?spreadsheetId=12SDDRulCmwL76bnETOhY4kUTdXsHMc2uQ0joP4rAcZ8
2025-05-21T10:58:20.178Z - SUCCESS: Lead push scheduler started at 2025-05-21T10:58:20.176Z with schedule "*/1 * * * *" and URL: http://shopapi.nirvasa.com/api/getSheetData?spreadsheetId=12SDDRulCmwL76bnETOhY4kUTdXsHMc2uQ0joP4rAcZ8
2025-05-21T10:59:56.737Z - SUCCESS: Lead push scheduler started at 2025-05-21T10:59:56.735Z with schedule "*/1 * * * *" and URL: http://shopapi.nirvasa.com/api/getSheetData?spreadsheetId=12SDDRulCmwL76bnETOhY4kUTdXsHMc2uQ0joP4rAcZ8
2025-05-21T11:00:02.072Z - SUCCESS: Triggering webhook not started becaues of data is not exist in excel  2025-05-21T11:00:02.071Z with this URL: http://shopapi.nirvasa.com/api/getSheetData?spreadsheetId=12SDDRulCmwL76bnETOhY4kUTdXsHMc2uQ0joP4rAcZ8
2025-05-21T11:01:01.556Z - SUCCESS: Triggering webhook not started becaues of data is not exist in excel  2025-05-21T11:01:01.554Z with this URL: http://shopapi.nirvasa.com/api/getSheetData?spreadsheetId=12SDDRulCmwL76bnETOhY4kUTdXsHMc2uQ0joP4rAcZ8
2025-05-21T11:01:20.599Z - SUCCESS: Lead push scheduler started at 2025-05-21T11:01:20.596Z with schedule "*/1 * * * *" and URL: http://shopapi.nirvasa.com/api/getSheetData?spreadsheetId=12SDDRulCmwL76bnETOhY4kUTdXsHMc2uQ0joP4rAcZ8
2025-05-21T11:02:01.151Z - SUCCESS: Triggering webhook not started becaues of data is not exist in excel  2025-05-21T11:02:01.150Z with this URL: http://shopapi.nirvasa.com/api/getSheetData?spreadsheetId=12SDDRulCmwL76bnETOhY4kUTdXsHMc2uQ0joP4rAcZ8
2025-05-21T11:02:36.286Z - SUCCESS: Lead push scheduler started at 2025-05-21T11:02:36.284Z with schedule "*/1 * * * *" and URL: http://shopapi.nirvasa.com/api/getSheetData?spreadsheetId=12SDDRulCmwL76bnETOhY4kUTdXsHMc2uQ0joP4rAcZ8
2025-05-21T11:04:07.108Z - SUCCESS: Lead push scheduler started at 2025-05-21T11:04:07.105Z with schedule "*/1 * * * *" and URL: http://shopapi.nirvasa.com/api/getSheetData?spreadsheetId=12SDDRulCmwL76bnETOhY4kUTdXsHMc2uQ0joP4rAcZ8
2025-05-21T11:06:59.987Z - SUCCESS: Lead push scheduler started at 2025-05-21T11:06:59.986Z with schedule "*/1 * * * *" and URL: http://shopapi.nirvasa.com/api/getSheetData?spreadsheetId=12SDDRulCmwL76bnETOhY4kUTdXsHMc2uQ0joP4rAcZ8
2025-05-21T11:08:18.200Z - SUCCESS: Lead push scheduler started at 2025-05-21T11:08:18.198Z with schedule "*/1 * * * *" and URL: http://shopapi.nirvasa.com/api/getSheetData?spreadsheetId=12SDDRulCmwL76bnETOhY4kUTdXsHMc2uQ0joP4rAcZ8
2025-05-21T11:10:05.289Z - SUCCESS: Lead push scheduler started at 2025-05-21T11:10:05.287Z with schedule "*/1 * * * *" and URL: http://shopapi.nirvasa.com/api/getSheetData?spreadsheetId=12SDDRulCmwL76bnETOhY4kUTdXsHMc2uQ0joP4rAcZ8
2025-05-21T11:12:28.460Z - SUCCESS: Lead push scheduler started at 2025-05-21T11:12:28.457Z with schedule "*/1 * * * *" and URL: http://shopapi.nirvasa.com/api/getSheetData?spreadsheetId=12SDDRulCmwL76bnETOhY4kUTdXsHMc2uQ0joP4rAcZ8
2025-05-21T11:17:43.192Z - SUCCESS: Lead push scheduler started at 2025-05-21T11:17:43.190Z with schedule "*/1 * * * *" and URL: http://shopapi.nirvasa.com/api/getSheetData?spreadsheetId=12SDDRulCmwL76bnETOhY4kUTdXsHMc2uQ0joP4rAcZ8
2025-05-21T11:18:34.114Z - SUCCESS: Lead push scheduler started at 2025-05-21T11:18:34.113Z with schedule "*/1 * * * *" and URL: http://shopapi.nirvasa.com/api/getSheetData?spreadsheetId=12SDDRulCmwL76bnETOhY4kUTdXsHMc2uQ0joP4rAcZ8
2025-05-21T12:29:37.037Z - SUCCESS: Lead push scheduler started at 2025-05-21T12:29:37.036Z with schedule "*/1 * * * *" and URL: http://shopapi.nirvasa.com/api/getSheetData?spreadsheetId=12SDDRulCmwL76bnETOhY4kUTdXsHMc2uQ0joP4rAcZ8
2025-05-21T12:30:01.394Z - SUCCESS: Triggering webhook not started becaues of data is not exist in excel  2025-05-21T12:30:01.394Z with this URL: http://shopapi.nirvasa.com/api/getSheetData?spreadsheetId=12SDDRulCmwL76bnETOhY4kUTdXsHMc2uQ0joP4rAcZ8
2025-05-21T12:31:01.723Z - SUCCESS: Triggering webhook not started becaues of data is not exist in excel  2025-05-21T12:31:01.722Z with this URL: http://shopapi.nirvasa.com/api/getSheetData?spreadsheetId=12SDDRulCmwL76bnETOhY4kUTdXsHMc2uQ0joP4rAcZ8
2025-05-21T12:32:01.329Z - SUCCESS: Triggering webhook not started becaues of data is not exist in excel  2025-05-21T12:32:01.329Z with this URL: http://shopapi.nirvasa.com/api/getSheetData?spreadsheetId=12SDDRulCmwL76bnETOhY4kUTdXsHMc2uQ0joP4rAcZ8
