2025-05-22T08:11:08.182Z - SUCCESS: Lead push scheduler started at 2025-05-22T08:11:08.176Z with schedule "*/5 * * * *" and URL: http://shopapi.nirvasa.com/api/PushLeads
2025-05-22T08:11:08.185Z - SUCCESS: Lead push scheduler started at 2025-05-22T08:11:08.184Z with schedule "*/5 * * * *" and URL: http://shopapi.nirvasa.com/api/getSheetData?spreadsheetId=12SDDRulCmwL76bnETOhY4kUTdXsHMc2uQ0joP4rAcZ8
2025-05-22T08:13:02.799Z - SUCCESS: Lead push scheduler started at 2025-05-22T08:13:02.796Z with schedule "*/1 * * * *" and URL: http://shopapi.nirvasa.com/api/PushLeads
2025-05-22T08:13:02.801Z - SUCCESS: Lead push scheduler started at 2025-05-22T08:13:02.801Z with schedule "*/1 * * * *" and URL: http://shopapi.nirvasa.com/api/getSheetData?spreadsheetId=12SDDRulCmwL76bnETOhY4kUTdXsHMc2uQ0joP4rAcZ8
2025-05-22T08:14:01.104Z - SUCCESS: Successfully ran scheduler at 2025-05-22T08:14:01.103Z with schedule "*/1 * * * *" and URL: http://shopapi.nirvasa.com/api/PushLeads
2025-05-22T08:14:01.105Z - SUCCESS: Successfully ran scheduler at 2025-05-22T08:14:01.105Z with this URL: http://shopapi.nirvasa.com/api/PushLeads
2025-05-22T08:14:01.517Z - SUCCESS: Triggering webhook not started becaues of data is not exist in excel  2025-05-22T08:14:01.516Z with this URL: http://shopapi.nirvasa.com/api/getSheetData?spreadsheetId=12SDDRulCmwL76bnETOhY4kUTdXsHMc2uQ0joP4rAcZ8
2025-05-22T08:15:00.884Z - SUCCESS: Successfully ran scheduler at 2025-05-22T08:15:00.883Z with schedule "*/1 * * * *" and URL: http://shopapi.nirvasa.com/api/PushLeads
2025-05-22T08:15:00.888Z - SUCCESS: Successfully ran scheduler at 2025-05-22T08:15:00.887Z with this URL: http://shopapi.nirvasa.com/api/PushLeads
2025-05-22T08:15:01.097Z - SUCCESS: Triggering webhook not started becaues of data is not exist in excel  2025-05-22T08:15:01.096Z with this URL: http://shopapi.nirvasa.com/api/getSheetData?spreadsheetId=12SDDRulCmwL76bnETOhY4kUTdXsHMc2uQ0joP4rAcZ8
2025-05-22T08:16:01.308Z - SUCCESS: Successfully ran scheduler at 2025-05-22T08:16:01.307Z with schedule "*/1 * * * *" and URL: http://shopapi.nirvasa.com/api/PushLeads
2025-05-22T08:16:01.311Z - SUCCESS: Successfully ran scheduler at 2025-05-22T08:16:01.310Z with this URL: http://shopapi.nirvasa.com/api/PushLeads
2025-05-22T08:16:01.819Z - SUCCESS: Triggering webhook not started becaues of data is not exist in excel  2025-05-22T08:16:01.818Z with this URL: http://shopapi.nirvasa.com/api/getSheetData?spreadsheetId=12SDDRulCmwL76bnETOhY4kUTdXsHMc2uQ0joP4rAcZ8
2025-05-22T08:17:01.007Z - SUCCESS: Successfully ran scheduler at 2025-05-22T08:17:01.006Z with schedule "*/1 * * * *" and URL: http://shopapi.nirvasa.com/api/PushLeads
2025-05-22T08:17:01.010Z - SUCCESS: Successfully ran scheduler at 2025-05-22T08:17:01.009Z with this URL: http://shopapi.nirvasa.com/api/PushLeads
2025-05-22T08:17:01.622Z - SUCCESS: Triggering webhook not started becaues of data is not exist in excel  2025-05-22T08:17:01.621Z with this URL: http://shopapi.nirvasa.com/api/getSheetData?spreadsheetId=12SDDRulCmwL76bnETOhY4kUTdXsHMc2uQ0joP4rAcZ8
2025-05-22T08:18:01.856Z - SUCCESS: Triggering webhook not started becaues of data is not exist in excel  2025-05-22T08:18:01.855Z with this URL: http://shopapi.nirvasa.com/api/getSheetData?spreadsheetId=12SDDRulCmwL76bnETOhY4kUTdXsHMc2uQ0joP4rAcZ8
2025-05-22T08:18:02.757Z - SUCCESS: Successfully ran scheduler at 2025-05-22T08:18:02.756Z with schedule "*/1 * * * *" and URL: http://shopapi.nirvasa.com/api/PushLeads
2025-05-22T08:18:02.760Z - SUCCESS: Successfully ran scheduler at 2025-05-22T08:18:02.759Z with this URL: http://shopapi.nirvasa.com/api/PushLeads
2025-05-22T08:19:01.129Z - SUCCESS: Successfully ran scheduler at 2025-05-22T08:19:01.128Z with schedule "*/1 * * * *" and URL: http://shopapi.nirvasa.com/api/PushLeads
2025-05-22T08:19:01.132Z - SUCCESS: Successfully ran scheduler at 2025-05-22T08:19:01.131Z with this URL: http://shopapi.nirvasa.com/api/PushLeads
2025-05-22T08:19:01.757Z - SUCCESS: Triggering webhook not started becaues of data is not exist in excel  2025-05-22T08:19:01.752Z with this URL: http://shopapi.nirvasa.com/api/getSheetData?spreadsheetId=12SDDRulCmwL76bnETOhY4kUTdXsHMc2uQ0joP4rAcZ8
2025-05-22T08:20:00.842Z - SUCCESS: Successfully ran scheduler at 2025-05-22T08:20:00.841Z with schedule "*/1 * * * *" and URL: http://shopapi.nirvasa.com/api/PushLeads
2025-05-22T08:20:00.845Z - SUCCESS: Successfully ran scheduler at 2025-05-22T08:20:00.844Z with this URL: http://shopapi.nirvasa.com/api/PushLeads
2025-05-22T08:20:01.390Z - SUCCESS: Triggering webhook not started becaues of data is not exist in excel  2025-05-22T08:20:01.386Z with this URL: http://shopapi.nirvasa.com/api/getSheetData?spreadsheetId=12SDDRulCmwL76bnETOhY4kUTdXsHMc2uQ0joP4rAcZ8
2025-05-22T08:21:01.455Z - SUCCESS: Successfully ran scheduler at 2025-05-22T08:21:01.453Z with schedule "*/1 * * * *" and URL: http://shopapi.nirvasa.com/api/PushLeads
2025-05-22T08:21:01.459Z - SUCCESS: Successfully ran scheduler at 2025-05-22T08:21:01.458Z with this URL: http://shopapi.nirvasa.com/api/PushLeads
2025-05-22T08:21:01.697Z - SUCCESS: Triggering webhook not started becaues of data is not exist in excel  2025-05-22T08:21:01.688Z with this URL: http://shopapi.nirvasa.com/api/getSheetData?spreadsheetId=12SDDRulCmwL76bnETOhY4kUTdXsHMc2uQ0joP4rAcZ8
2025-05-22T08:22:00.877Z - SUCCESS: Successfully ran scheduler at 2025-05-22T08:22:00.877Z with schedule "*/1 * * * *" and URL: http://shopapi.nirvasa.com/api/PushLeads
2025-05-22T08:22:00.879Z - SUCCESS: Successfully ran scheduler at 2025-05-22T08:22:00.878Z with this URL: http://shopapi.nirvasa.com/api/PushLeads
2025-05-22T08:22:01.118Z - SUCCESS: Triggering webhook not started becaues of data is not exist in excel  2025-05-22T08:22:01.117Z with this URL: http://shopapi.nirvasa.com/api/getSheetData?spreadsheetId=12SDDRulCmwL76bnETOhY4kUTdXsHMc2uQ0joP4rAcZ8
2025-05-22T08:23:01.743Z - SUCCESS: Lead push scheduler started at 2025-05-22T08:23:01.738Z with schedule "*/1 * * * *" and URL: http://shopapi.nirvasa.com/api/PushLeads
2025-05-22T08:23:01.744Z - SUCCESS: Lead push scheduler started at 2025-05-22T08:23:01.744Z with schedule "*/1 * * * *" and URL: http://shopapi.nirvasa.com/api/getSheetData?spreadsheetId=12SDDRulCmwL76bnETOhY4kUTdXsHMc2uQ0joP4rAcZ8
2025-05-22T08:24:01.293Z - SUCCESS: Triggering webhook not started becaues of data is not exist in excel  2025-05-22T08:24:01.292Z with this URL: http://shopapi.nirvasa.com/api/getSheetData?spreadsheetId=12SDDRulCmwL76bnETOhY4kUTdXsHMc2uQ0joP4rAcZ8
2025-05-22T08:24:01.306Z - SUCCESS: Successfully ran scheduler at 2025-05-22T08:24:01.305Z with schedule "*/1 * * * *" and URL: http://shopapi.nirvasa.com/api/PushLeads
2025-05-22T08:24:01.308Z - SUCCESS: Successfully ran scheduler at 2025-05-22T08:24:01.307Z with this URL: http://shopapi.nirvasa.com/api/PushLeads
2025-05-22T08:39:05.721Z - SUCCESS: Lead push scheduler started at 2025-05-22T08:39:05.719Z with schedule "*/1 * * * *" and URL: http://shopapi.nirvasa.com/api/getSheetData?spreadsheetId=12SDDRulCmwL76bnETOhY4kUTdXsHMc2uQ0joP4rAcZ8
2025-05-22T08:40:01.210Z - SUCCESS: Triggering webhook not started becaues of data is not exist in excel  2025-05-22T08:40:01.209Z with this URL: http://shopapi.nirvasa.com/api/getSheetData?spreadsheetId=12SDDRulCmwL76bnETOhY4kUTdXsHMc2uQ0joP4rAcZ8
2025-05-22T08:41:01.960Z - SUCCESS: Triggering webhook not started becaues of data is not exist in excel  2025-05-22T08:41:01.958Z with this URL: http://shopapi.nirvasa.com/api/getSheetData?spreadsheetId=12SDDRulCmwL76bnETOhY4kUTdXsHMc2uQ0joP4rAcZ8
2025-05-22T08:42:03.043Z - SUCCESS: Triggering webhook not started becaues of data is not exist in excel  2025-05-22T08:42:03.040Z with this URL: http://shopapi.nirvasa.com/api/getSheetData?spreadsheetId=12SDDRulCmwL76bnETOhY4kUTdXsHMc2uQ0joP4rAcZ8
2025-05-22T08:43:02.110Z - SUCCESS: Triggering webhook not started becaues of data is not exist in excel  2025-05-22T08:43:02.108Z with this URL: http://shopapi.nirvasa.com/api/getSheetData?spreadsheetId=12SDDRulCmwL76bnETOhY4kUTdXsHMc2uQ0joP4rAcZ8
2025-05-22T08:43:50.260Z - SUCCESS: Lead push scheduler started at 2025-05-22T08:43:50.258Z with schedule "*/1 * * * *" and URL: http://shopapi.nirvasa.com/api/getSheetData?spreadsheetId=12SDDRulCmwL76bnETOhY4kUTdXsHMc2uQ0joP4rAcZ8
2025-05-22T08:44:01.430Z - SUCCESS: Triggering webhook not started becaues of data is not exist in excel  2025-05-22T08:44:01.429Z with this URL: http://shopapi.nirvasa.com/api/getSheetData?spreadsheetId=12SDDRulCmwL76bnETOhY4kUTdXsHMc2uQ0joP4rAcZ8
2025-05-22T09:25:41.967Z - SUCCESS: Lead push scheduler started at 2025-05-22T09:25:41.965Z with schedule "*/1 * * * *" and URL: http://shopapi.nirvasa.com/api/getSheetData?spreadsheetId=12SDDRulCmwL76bnETOhY4kUTdXsHMc2uQ0joP4rAcZ8
2025-05-22T09:26:01.900Z - SUCCESS: Successfully ran scheduler at 2025-05-22T09:26:01.899Z with schedule "*/1 * * * *" and URL: http://shopapi.nirvasa.com/api/getSheetData?spreadsheetId=12SDDRulCmwL76bnETOhY4kUTdXsHMc2uQ0joP4rAcZ8
2025-05-22T09:26:01.902Z - SUCCESS: Successfully ran scheduler at 2025-05-22T09:26:01.901Z with this URL: http://shopapi.nirvasa.com/api/getSheetData?spreadsheetId=12SDDRulCmwL76bnETOhY4kUTdXsHMc2uQ0joP4rAcZ8
2025-05-22T09:27:02.390Z - SUCCESS: Successfully ran scheduler at 2025-05-22T09:27:02.389Z with schedule "*/1 * * * *" and URL: http://shopapi.nirvasa.com/api/getSheetData?spreadsheetId=12SDDRulCmwL76bnETOhY4kUTdXsHMc2uQ0joP4rAcZ8
2025-05-22T09:27:02.394Z - SUCCESS: Successfully ran scheduler at 2025-05-22T09:27:02.393Z with this URL: http://shopapi.nirvasa.com/api/getSheetData?spreadsheetId=12SDDRulCmwL76bnETOhY4kUTdXsHMc2uQ0joP4rAcZ8
2025-05-22T09:36:14.184Z - SUCCESS: Lead push scheduler started at 2025-05-22T09:36:14.182Z with schedule "*/1 * * * *" and URL: http://shopapi.nirvasa.com/api/getSheetData?spreadsheetId=12SDDRulCmwL76bnETOhY4kUTdXsHMc2uQ0joP4rAcZ8
2025-05-22T09:37:01.657Z - SUCCESS: Triggering webhook not started becaues of data is not exist in excel  2025-05-22T09:37:01.656Z with this URL: http://shopapi.nirvasa.com/api/getSheetData?spreadsheetId=12SDDRulCmwL76bnETOhY4kUTdXsHMc2uQ0joP4rAcZ8
2025-05-22T09:38:01.193Z - SUCCESS: Triggering webhook not started becaues of data is not exist in excel  2025-05-22T09:38:01.192Z with this URL: http://shopapi.nirvasa.com/api/getSheetData?spreadsheetId=12SDDRulCmwL76bnETOhY4kUTdXsHMc2uQ0joP4rAcZ8
2025-05-22T09:39:01.570Z - SUCCESS: Triggering webhook not started becaues of data is not exist in excel  2025-05-22T09:39:01.569Z with this URL: http://shopapi.nirvasa.com/api/getSheetData?spreadsheetId=12SDDRulCmwL76bnETOhY4kUTdXsHMc2uQ0joP4rAcZ8
2025-05-22T09:40:02.147Z - SUCCESS: Triggering webhook not started becaues of data is not exist in excel  2025-05-22T09:40:02.145Z with this URL: http://shopapi.nirvasa.com/api/getSheetData?spreadsheetId=12SDDRulCmwL76bnETOhY4kUTdXsHMc2uQ0joP4rAcZ8
2025-05-22T09:41:01.354Z - SUCCESS: Triggering webhook not started becaues of data is not exist in excel  2025-05-22T09:41:01.353Z with this URL: http://shopapi.nirvasa.com/api/getSheetData?spreadsheetId=12SDDRulCmwL76bnETOhY4kUTdXsHMc2uQ0joP4rAcZ8
2025-05-22T09:42:02.184Z - SUCCESS: Triggering webhook not started becaues of data is not exist in excel  2025-05-22T09:42:02.183Z with this URL: http://shopapi.nirvasa.com/api/getSheetData?spreadsheetId=12SDDRulCmwL76bnETOhY4kUTdXsHMc2uQ0joP4rAcZ8
2025-05-22T09:45:05.596Z - SUCCESS: Lead push scheduler started at 2025-05-22T09:45:05.590Z with schedule "*/1 * * * *" and URL: http://shopapi.nirvasa.com/api/getSheetData?spreadsheetId=12SDDRulCmwL76bnETOhY4kUTdXsHMc2uQ0joP4rAcZ8
2025-05-22T09:45:05.601Z - SUCCESS: Lead push scheduler started at 2025-05-22T09:45:05.601Z with schedule "*/1 * * * *" and URL: http://shopapi.nirvasa.com/api/getSheetData?spreadsheetId=1LVBpNn4DT1SW_LyNKPHotYpDAT3r21T16PliSIDquU8
2025-05-22T09:46:03.262Z - SUCCESS: Triggering webhook not started becaues of data is not exist in excel  2025-05-22T09:46:03.261Z with this URL: http://shopapi.nirvasa.com/api/getSheetData?spreadsheetId=12SDDRulCmwL76bnETOhY4kUTdXsHMc2uQ0joP4rAcZ8
2025-05-22T09:47:01.594Z - SUCCESS: Triggering webhook not started becaues of data is not exist in excel  2025-05-22T09:47:01.592Z with this URL: http://shopapi.nirvasa.com/api/getSheetData?spreadsheetId=12SDDRulCmwL76bnETOhY4kUTdXsHMc2uQ0joP4rAcZ8
2025-05-22T09:47:02.107Z - SUCCESS: Triggering webhook not started becaues of data is not exist in excel  2025-05-22T09:47:02.106Z with this URL: http://shopapi.nirvasa.com/api/getSheetData?spreadsheetId=1LVBpNn4DT1SW_LyNKPHotYpDAT3r21T16PliSIDquU8
2025-05-22T09:48:01.071Z - SUCCESS: Triggering webhook not started becaues of data is not exist in excel  2025-05-22T09:48:01.070Z with this URL: http://shopapi.nirvasa.com/api/getSheetData?spreadsheetId=12SDDRulCmwL76bnETOhY4kUTdXsHMc2uQ0joP4rAcZ8
2025-05-22T09:48:01.219Z - SUCCESS: Triggering webhook not started becaues of data is not exist in excel  2025-05-22T09:48:01.219Z with this URL: http://shopapi.nirvasa.com/api/getSheetData?spreadsheetId=1LVBpNn4DT1SW_LyNKPHotYpDAT3r21T16PliSIDquU8
2025-05-22T09:57:45.212Z - SUCCESS: Lead push scheduler started at 2025-05-22T09:57:45.209Z with schedule "*/1 * * * *" and URL: http://shopapi.nirvasa.com/api/getSheetData?spreadsheetId=1LVBpNn4DT1SW_LyNKPHotYpDAT3r21T16PliSIDquU8
2025-05-22T09:58:44.957Z - SUCCESS: Lead push scheduler started at 2025-05-22T09:58:44.954Z with schedule "*/1 * * * *" and URL: http://shopapi.nirvasa.com/api/getSheetData?spreadsheetId=1LVBpNn4DT1SW_LyNKPHotYpDAT3r21T16PliSIDquU8
2025-05-22T10:36:26.767Z - SUCCESS: Lead push scheduler started at 2025-05-22T10:36:26.762Z with schedule "*/1 * * * *" and URL: http://shopapi.nirvasa.com/api/getSheetData?spreadsheetId=12SDDRulCmwL76bnETOhY4kUTdXsHMc2uQ0joP4rAcZ8
2025-05-22T10:37:00.821Z - SUCCESS: Triggering webhook not started becaues of data is not exist in excel  2025-05-22T10:37:00.810Z with this URL: http://shopapi.nirvasa.com/api/getSheetData?spreadsheetId=12SDDRulCmwL76bnETOhY4kUTdXsHMc2uQ0joP4rAcZ8
2025-05-22T10:59:34.318Z - SUCCESS: Lead push scheduler started at 2025-05-22T10:59:34.314Z with schedule "*/1 * * * *" and URL: http://shopapi.nirvasa.com/api/PushLeads
2025-05-22T10:59:34.321Z - SUCCESS: Lead push scheduler started at 2025-05-22T10:59:34.320Z with schedule "*/1 * * * *" and URL: http://shopapi.nirvasa.com/api/getSheetData?spreadsheetId=12SDDRulCmwL76bnETOhY4kUTdXsHMc2uQ0joP4rAcZ8
2025-05-22T10:59:34.323Z - SUCCESS: Lead push scheduler started at 2025-05-22T10:59:34.323Z with schedule "*/1 * * * *" and URL: http://shopapi.nirvasa.com/api/getSheetData?spreadsheetId=1JjuIKKlbGsPaevpLm1JVzMBgjHTCwdOxdzsvnkerGZg
2025-05-22T11:00:01.704Z - SUCCESS: Successfully ran scheduler at 2025-05-22T11:00:01.703Z with schedule "*/1 * * * *" and URL: http://shopapi.nirvasa.com/api/PushLeads
2025-05-22T11:00:01.707Z - SUCCESS: Successfully ran scheduler at 2025-05-22T11:00:01.706Z with this URL: http://shopapi.nirvasa.com/api/PushLeads
2025-05-22T11:00:02.068Z - SUCCESS: Triggering webhook not started becaues of data is not exist in excel  2025-05-22T11:00:02.067Z with this URL: http://shopapi.nirvasa.com/api/getSheetData?spreadsheetId=12SDDRulCmwL76bnETOhY4kUTdXsHMc2uQ0joP4rAcZ8
2025-05-22T11:00:03.011Z - SUCCESS: Successfully ran scheduler at 2025-05-22T11:00:03.010Z with schedule "*/1 * * * *" and URL: http://shopapi.nirvasa.com/api/getSheetData?spreadsheetId=1JjuIKKlbGsPaevpLm1JVzMBgjHTCwdOxdzsvnkerGZg
2025-05-22T11:00:03.012Z - SUCCESS: Successfully ran scheduler at 2025-05-22T11:00:03.012Z with this URL: http://shopapi.nirvasa.com/api/getSheetData?spreadsheetId=1JjuIKKlbGsPaevpLm1JVzMBgjHTCwdOxdzsvnkerGZg
2025-05-22T11:01:00.763Z - SUCCESS: Successfully ran scheduler at 2025-05-22T11:01:00.762Z with schedule "*/1 * * * *" and URL: http://shopapi.nirvasa.com/api/PushLeads
2025-05-22T11:01:00.765Z - SUCCESS: Successfully ran scheduler at 2025-05-22T11:01:00.764Z with this URL: http://shopapi.nirvasa.com/api/PushLeads
2025-05-22T11:01:01.153Z - SUCCESS: Triggering webhook not started becaues of data is not exist in excel  2025-05-22T11:01:01.152Z with this URL: http://shopapi.nirvasa.com/api/getSheetData?spreadsheetId=12SDDRulCmwL76bnETOhY4kUTdXsHMc2uQ0joP4rAcZ8
2025-05-22T11:01:01.213Z - SUCCESS: Triggering webhook not started becaues of data is not exist in excel  2025-05-22T11:01:01.212Z with this URL: http://shopapi.nirvasa.com/api/getSheetData?spreadsheetId=1JjuIKKlbGsPaevpLm1JVzMBgjHTCwdOxdzsvnkerGZg
2025-05-22T11:02:01.295Z - SUCCESS: Successfully ran scheduler at 2025-05-22T11:02:01.294Z with schedule "*/1 * * * *" and URL: http://shopapi.nirvasa.com/api/PushLeads
2025-05-22T11:02:01.298Z - SUCCESS: Successfully ran scheduler at 2025-05-22T11:02:01.296Z with this URL: http://shopapi.nirvasa.com/api/PushLeads
2025-05-22T11:02:01.610Z - SUCCESS: Triggering webhook not started becaues of data is not exist in excel  2025-05-22T11:02:01.609Z with this URL: http://shopapi.nirvasa.com/api/getSheetData?spreadsheetId=1JjuIKKlbGsPaevpLm1JVzMBgjHTCwdOxdzsvnkerGZg
2025-05-22T11:02:01.854Z - SUCCESS: Triggering webhook not started becaues of data is not exist in excel  2025-05-22T11:02:01.853Z with this URL: http://shopapi.nirvasa.com/api/getSheetData?spreadsheetId=12SDDRulCmwL76bnETOhY4kUTdXsHMc2uQ0joP4rAcZ8
2025-05-22T11:02:20.819Z - SUCCESS: Lead push scheduler started at 2025-05-22T11:02:20.816Z with schedule "*/1 * * * *" and URL: http://shopapi.nirvasa.com/api/PushLeads
2025-05-22T11:02:20.820Z - SUCCESS: Lead push scheduler started at 2025-05-22T11:02:20.820Z with schedule "*/1 * * * *" and URL: http://shopapi.nirvasa.com/api/getSheetData?spreadsheetId=12SDDRulCmwL76bnETOhY4kUTdXsHMc2uQ0joP4rAcZ8
2025-05-22T11:02:20.822Z - SUCCESS: Lead push scheduler started at 2025-05-22T11:02:20.822Z with schedule "*/1 * * * *" and URL: http://shopapi.nirvasa.com/api/getSheetData?spreadsheetId=1JjuIKKlbGsPaevpLm1JVzMBgjHTCwdOxdzsvnkerGZg
2025-05-22T11:03:00.870Z - SUCCESS: Successfully ran scheduler at 2025-05-22T11:03:00.870Z with schedule "*/1 * * * *" and URL: http://shopapi.nirvasa.com/api/PushLeads
2025-05-22T11:03:00.872Z - SUCCESS: Successfully ran scheduler at 2025-05-22T11:03:00.871Z with this URL: http://shopapi.nirvasa.com/api/PushLeads
2025-05-22T11:03:01.209Z - SUCCESS: Triggering webhook not started becaues of data is not exist in excel  2025-05-22T11:03:01.208Z with this URL: http://shopapi.nirvasa.com/api/getSheetData?spreadsheetId=12SDDRulCmwL76bnETOhY4kUTdXsHMc2uQ0joP4rAcZ8
2025-05-22T11:03:01.314Z - SUCCESS: Triggering webhook not started becaues of data is not exist in excel  2025-05-22T11:03:01.313Z with this URL: http://shopapi.nirvasa.com/api/getSheetData?spreadsheetId=1JjuIKKlbGsPaevpLm1JVzMBgjHTCwdOxdzsvnkerGZg
2025-05-22T11:04:01.307Z - SUCCESS: Successfully ran scheduler at 2025-05-22T11:04:01.305Z with schedule "*/1 * * * *" and URL: http://shopapi.nirvasa.com/api/PushLeads
2025-05-22T11:04:01.309Z - SUCCESS: Successfully ran scheduler at 2025-05-22T11:04:01.308Z with this URL: http://shopapi.nirvasa.com/api/PushLeads
2025-05-22T11:04:01.666Z - SUCCESS: Triggering webhook not started becaues of data is not exist in excel  2025-05-22T11:04:01.665Z with this URL: http://shopapi.nirvasa.com/api/getSheetData?spreadsheetId=12SDDRulCmwL76bnETOhY4kUTdXsHMc2uQ0joP4rAcZ8
2025-05-22T11:04:01.697Z - SUCCESS: Triggering webhook not started becaues of data is not exist in excel  2025-05-22T11:04:01.696Z with this URL: http://shopapi.nirvasa.com/api/getSheetData?spreadsheetId=1JjuIKKlbGsPaevpLm1JVzMBgjHTCwdOxdzsvnkerGZg
2025-05-22T11:04:43.991Z - SUCCESS: Lead push scheduler started at 2025-05-22T11:04:43.989Z with schedule "*/1 * * * *" and URL: http://shopapi.nirvasa.com/api/PushLeads
2025-05-22T11:04:43.992Z - SUCCESS: Lead push scheduler started at 2025-05-22T11:04:43.992Z with schedule "*/1 * * * *" and URL: http://shopapi.nirvasa.com/api/getSheetData?spreadsheetId=12SDDRulCmwL76bnETOhY4kUTdXsHMc2uQ0joP4rAcZ8
2025-05-22T11:05:00.761Z - SUCCESS: Successfully ran scheduler at 2025-05-22T11:05:00.761Z with schedule "*/1 * * * *" and URL: http://shopapi.nirvasa.com/api/PushLeads
2025-05-22T11:05:00.762Z - SUCCESS: Successfully ran scheduler at 2025-05-22T11:05:00.762Z with this URL: http://shopapi.nirvasa.com/api/PushLeads
2025-05-22T11:05:01.155Z - SUCCESS: Triggering webhook not started becaues of data is not exist in excel  2025-05-22T11:05:01.154Z with this URL: http://shopapi.nirvasa.com/api/getSheetData?spreadsheetId=12SDDRulCmwL76bnETOhY4kUTdXsHMc2uQ0joP4rAcZ8
2025-05-22T11:05:23.952Z - SUCCESS: Lead push scheduler started at 2025-05-22T11:05:23.950Z with schedule "*/1 * * * *" and URL: http://shopapi.nirvasa.com/api/getSheetData?spreadsheetId=12SDDRulCmwL76bnETOhY4kUTdXsHMc2uQ0joP4rAcZ8
2025-05-22T11:06:01.428Z - SUCCESS: Triggering webhook not started becaues of data is not exist in excel  2025-05-22T11:06:01.428Z with this URL: http://shopapi.nirvasa.com/api/getSheetData?spreadsheetId=12SDDRulCmwL76bnETOhY4kUTdXsHMc2uQ0joP4rAcZ8
2025-05-22T11:16:59.670Z - SUCCESS: Lead push scheduler started at 2025-05-22T11:16:59.661Z with schedule "*/1 * * * *" and URL: http://shopapi.nirvasa.com/api/getSheetData?spreadsheetId=12SDDRulCmwL76bnETOhY4kUTdXsHMc2uQ0joP4rAcZ8
2025-05-22T11:16:59.675Z - SUCCESS: Lead push scheduler started at 2025-05-22T11:16:59.675Z with schedule "*/1 * * * *" and URL: http://shopapi.nirvasa.com/api/getSheetData?spreadsheetId=1JjuIKKlbGsPaevpLm1JVzMBgjHTCwdOxdzsvnkerGZg
2025-05-22T11:17:01.862Z - SUCCESS: Triggering webhook not started becaues of data is not exist in excel  2025-05-22T11:17:01.861Z with this URL: http://shopapi.nirvasa.com/api/getSheetData?spreadsheetId=12SDDRulCmwL76bnETOhY4kUTdXsHMc2uQ0joP4rAcZ8
2025-05-22T11:17:02.388Z - SUCCESS: Successfully ran scheduler at 2025-05-22T11:17:02.387Z with schedule "*/1 * * * *" and URL: http://shopapi.nirvasa.com/api/getSheetData?spreadsheetId=1JjuIKKlbGsPaevpLm1JVzMBgjHTCwdOxdzsvnkerGZg
2025-05-22T11:17:02.391Z - SUCCESS: Successfully ran scheduler at 2025-05-22T11:17:02.390Z with this URL: http://shopapi.nirvasa.com/api/getSheetData?spreadsheetId=1JjuIKKlbGsPaevpLm1JVzMBgjHTCwdOxdzsvnkerGZg
2025-05-22T11:18:01.261Z - SUCCESS: Triggering webhook not started becaues of data is not exist in excel  2025-05-22T11:18:01.259Z with this URL: http://shopapi.nirvasa.com/api/getSheetData?spreadsheetId=12SDDRulCmwL76bnETOhY4kUTdXsHMc2uQ0joP4rAcZ8
2025-05-22T11:18:01.358Z - SUCCESS: Triggering webhook not started becaues of data is not exist in excel  2025-05-22T11:18:01.355Z with this URL: http://shopapi.nirvasa.com/api/getSheetData?spreadsheetId=1JjuIKKlbGsPaevpLm1JVzMBgjHTCwdOxdzsvnkerGZg
2025-05-22T11:19:01.802Z - SUCCESS: Triggering webhook not started becaues of data is not exist in excel  2025-05-22T11:19:01.801Z with this URL: http://shopapi.nirvasa.com/api/getSheetData?spreadsheetId=12SDDRulCmwL76bnETOhY4kUTdXsHMc2uQ0joP4rAcZ8
2025-05-22T11:19:02.038Z - SUCCESS: Triggering webhook not started becaues of data is not exist in excel  2025-05-22T11:19:02.037Z with this URL: http://shopapi.nirvasa.com/api/getSheetData?spreadsheetId=1JjuIKKlbGsPaevpLm1JVzMBgjHTCwdOxdzsvnkerGZg
2025-05-22T11:20:01.258Z - SUCCESS: Triggering webhook not started becaues of data is not exist in excel  2025-05-22T11:20:01.256Z with this URL: http://shopapi.nirvasa.com/api/getSheetData?spreadsheetId=1JjuIKKlbGsPaevpLm1JVzMBgjHTCwdOxdzsvnkerGZg
2025-05-22T11:20:01.304Z - SUCCESS: Triggering webhook not started becaues of data is not exist in excel  2025-05-22T11:20:01.303Z with this URL: http://shopapi.nirvasa.com/api/getSheetData?spreadsheetId=12SDDRulCmwL76bnETOhY4kUTdXsHMc2uQ0joP4rAcZ8
2025-05-22T11:20:41.170Z - SUCCESS: Lead push scheduler started at 2025-05-22T11:20:41.168Z with schedule "*/1 * * * *" and URL: http://shopapi.nirvasa.com/api/getSheetData?spreadsheetId=12SDDRulCmwL76bnETOhY4kUTdXsHMc2uQ0joP4rAcZ8
2025-05-22T11:20:41.173Z - SUCCESS: Lead push scheduler started at 2025-05-22T11:20:41.172Z with schedule "*/1 * * * *" and URL: http://shopapi.nirvasa.com/api/getSheetData?spreadsheetId=1JjuIKKlbGsPaevpLm1JVzMBgjHTCwdOxdzsvnkerGZg
2025-05-22T11:21:01.482Z - SUCCESS: Triggering webhook not started becaues of data is not exist in excel  2025-05-22T11:21:01.481Z with this URL: http://shopapi.nirvasa.com/api/getSheetData?spreadsheetId=12SDDRulCmwL76bnETOhY4kUTdXsHMc2uQ0joP4rAcZ8
2025-05-22T11:21:01.733Z - SUCCESS: Triggering webhook not started becaues of data is not exist in excel  2025-05-22T11:21:01.731Z with this URL: http://shopapi.nirvasa.com/api/getSheetData?spreadsheetId=1JjuIKKlbGsPaevpLm1JVzMBgjHTCwdOxdzsvnkerGZg
2025-05-22T11:22:01.932Z - SUCCESS: Triggering webhook not started becaues of data is not exist in excel  2025-05-22T11:22:01.931Z with this URL: http://shopapi.nirvasa.com/api/getSheetData?spreadsheetId=12SDDRulCmwL76bnETOhY4kUTdXsHMc2uQ0joP4rAcZ8
2025-05-22T11:22:01.958Z - SUCCESS: Triggering webhook not started becaues of data is not exist in excel  2025-05-22T11:22:01.957Z with this URL: http://shopapi.nirvasa.com/api/getSheetData?spreadsheetId=1JjuIKKlbGsPaevpLm1JVzMBgjHTCwdOxdzsvnkerGZg
2025-05-22T11:23:01.367Z - SUCCESS: Triggering webhook not started becaues of data is not exist in excel  2025-05-22T11:23:01.366Z with this URL: http://shopapi.nirvasa.com/api/getSheetData?spreadsheetId=12SDDRulCmwL76bnETOhY4kUTdXsHMc2uQ0joP4rAcZ8
2025-05-22T11:23:01.555Z - SUCCESS: Triggering webhook not started becaues of data is not exist in excel  2025-05-22T11:23:01.553Z with this URL: http://shopapi.nirvasa.com/api/getSheetData?spreadsheetId=1JjuIKKlbGsPaevpLm1JVzMBgjHTCwdOxdzsvnkerGZg
2025-05-22T11:24:01.770Z - SUCCESS: Triggering webhook not started becaues of data is not exist in excel  2025-05-22T11:24:01.769Z with this URL: http://shopapi.nirvasa.com/api/getSheetData?spreadsheetId=12SDDRulCmwL76bnETOhY4kUTdXsHMc2uQ0joP4rAcZ8
2025-05-22T11:24:01.939Z - SUCCESS: Triggering webhook not started becaues of data is not exist in excel  2025-05-22T11:24:01.939Z with this URL: http://shopapi.nirvasa.com/api/getSheetData?spreadsheetId=1JjuIKKlbGsPaevpLm1JVzMBgjHTCwdOxdzsvnkerGZg
2025-05-22T11:25:01.275Z - SUCCESS: Triggering webhook not started becaues of data is not exist in excel  2025-05-22T11:25:01.274Z with this URL: http://shopapi.nirvasa.com/api/getSheetData?spreadsheetId=12SDDRulCmwL76bnETOhY4kUTdXsHMc2uQ0joP4rAcZ8
2025-05-22T11:25:01.474Z - SUCCESS: Triggering webhook not started becaues of data is not exist in excel  2025-05-22T11:25:01.473Z with this URL: http://shopapi.nirvasa.com/api/getSheetData?spreadsheetId=1JjuIKKlbGsPaevpLm1JVzMBgjHTCwdOxdzsvnkerGZg
2025-05-22T11:26:01.733Z - SUCCESS: Triggering webhook not started becaues of data is not exist in excel  2025-05-22T11:26:01.732Z with this URL: http://shopapi.nirvasa.com/api/getSheetData?spreadsheetId=12SDDRulCmwL76bnETOhY4kUTdXsHMc2uQ0joP4rAcZ8
2025-05-22T11:26:01.741Z - SUCCESS: Triggering webhook not started becaues of data is not exist in excel  2025-05-22T11:26:01.740Z with this URL: http://shopapi.nirvasa.com/api/getSheetData?spreadsheetId=1JjuIKKlbGsPaevpLm1JVzMBgjHTCwdOxdzsvnkerGZg
2025-05-22T11:28:46.457Z - SUCCESS: Lead push scheduler started at 2025-05-22T11:28:46.455Z with schedule "*/1 * * * *" and URL: http://shopapi.nirvasa.com/api/getSheetData?spreadsheetId=12SDDRulCmwL76bnETOhY4kUTdXsHMc2uQ0joP4rAcZ8
2025-05-22T11:28:46.461Z - SUCCESS: Lead push scheduler started at 2025-05-22T11:28:46.460Z with schedule "*/1 * * * *" and URL: http://shopapi.nirvasa.com/api/getSheetData?spreadsheetId=1JjuIKKlbGsPaevpLm1JVzMBgjHTCwdOxdzsvnkerGZg
2025-05-22T11:29:01.932Z - SUCCESS: Triggering webhook not started becaues of data is not exist in excel  2025-05-22T11:29:01.931Z with this URL: http://shopapi.nirvasa.com/api/getSheetData?spreadsheetId=1JjuIKKlbGsPaevpLm1JVzMBgjHTCwdOxdzsvnkerGZg
2025-05-22T11:29:02.263Z - SUCCESS: Successfully ran scheduler at 2025-05-22T11:29:02.262Z with schedule "*/1 * * * *" and URL: http://shopapi.nirvasa.com/api/getSheetData?spreadsheetId=12SDDRulCmwL76bnETOhY4kUTdXsHMc2uQ0joP4rAcZ8
2025-05-22T11:29:02.266Z - SUCCESS: Successfully ran scheduler at 2025-05-22T11:29:02.265Z with this URL: http://shopapi.nirvasa.com/api/getSheetData?spreadsheetId=12SDDRulCmwL76bnETOhY4kUTdXsHMc2uQ0joP4rAcZ8
2025-05-22T11:30:01.140Z - SUCCESS: Triggering webhook not started becaues of data is not exist in excel  2025-05-22T11:30:01.138Z with this URL: http://shopapi.nirvasa.com/api/getSheetData?spreadsheetId=12SDDRulCmwL76bnETOhY4kUTdXsHMc2uQ0joP4rAcZ8
2025-05-22T11:30:01.311Z - SUCCESS: Triggering webhook not started becaues of data is not exist in excel  2025-05-22T11:30:01.310Z with this URL: http://shopapi.nirvasa.com/api/getSheetData?spreadsheetId=1JjuIKKlbGsPaevpLm1JVzMBgjHTCwdOxdzsvnkerGZg
