2025-04-15T03:58:29.058Z - SUCCESS: Lead push scheduler started at 2025-04-15T03:58:29.057Z with schedule "*/1 * * * *" and URL: http://localhost:5001/api/getSheetData?spreadsheetId=1f3Rk4tCszNRsnnClRNI26UB8qPFtTUjAHD0sFglMJf4
2025-04-15T03:58:29.061Z - SUCCESS: Lead push scheduler started at 2025-04-15T03:58:29.061Z with schedule "*/1 * * * *" and URL: http://localhost:5001/api/getSheetData?spreadsheetId=1_J6mcwcZfxhUpjsOcQ2HORlynWa8IuBMA3uAHdSGbEY
2025-04-15T04:00:01.902Z - SUCCESS: Successfully ran scheduler at 2025-04-15T04:00:01.901Z with schedule "*/1 * * * *" and URL: http://localhost:5001/api/getSheetData?spreadsheetId=1_J6mcwcZfxhUpjsOcQ2HORlynWa8IuBMA3uAHdSGbEY
2025-04-15T04:00:01.903Z - SUCCESS: Successfully ran scheduler at 2025-04-15T04:00:01.903Z with schedule "*/1 * * * *" and URL: http://localhost:5001/api/getSheetData?spreadsheetId=1_J6mcwcZfxhUpjsOcQ2HORlynWa8IuBMA3uAHdSGbEY
2025-04-15T04:01:54.991Z - SUCCESS: Lead push scheduler started at 2025-04-15T04:01:54.990Z with schedule "*/1 * * * *" and URL: http://localhost:5001/api/getSheetData?spreadsheetId=1f3Rk4tCszNRsnnClRNI26UB8qPFtTUjAHD0sFglMJf4
2025-04-15T04:01:54.994Z - SUCCESS: Lead push scheduler started at 2025-04-15T04:01:54.993Z with schedule "*/1 * * * *" and URL: http://localhost:5001/api/getSheetData?spreadsheetId=1_J6mcwcZfxhUpjsOcQ2HORlynWa8IuBMA3uAHdSGbEY
2025-04-15T04:02:01.313Z - SUCCESS: Successfully ran scheduler at 2025-04-15T04:02:01.312Z with schedule "*/1 * * * *" and URL: http://localhost:5001/api/getSheetData?spreadsheetId=1_J6mcwcZfxhUpjsOcQ2HORlynWa8IuBMA3uAHdSGbEY
2025-04-15T04:02:01.313Z - SUCCESS: Successfully ran scheduler at 2025-04-15T04:02:01.313Z with schedule "*/1 * * * *" and URL: http://localhost:5001/api/getSheetData?spreadsheetId=1_J6mcwcZfxhUpjsOcQ2HORlynWa8IuBMA3uAHdSGbEY
2025-04-15T04:03:09.353Z - SUCCESS: Lead push scheduler started at 2025-04-15T04:03:09.352Z with schedule "*/1 * * * *" and URL: http://localhost:5001/api/getSheetData?spreadsheetId=1f3Rk4tCszNRsnnClRNI26UB8qPFtTUjAHD0sFglMJf4
2025-04-15T04:03:09.356Z - SUCCESS: Lead push scheduler started at 2025-04-15T04:03:09.356Z with schedule "*/1 * * * *" and URL: http://localhost:5001/api/getSheetData?spreadsheetId=1_J6mcwcZfxhUpjsOcQ2HORlynWa8IuBMA3uAHdSGbEY
2025-04-15T04:04:02.256Z - SUCCESS: Successfully ran scheduler at 2025-04-15T04:04:02.255Z with schedule "*/1 * * * *" and URL: http://localhost:5001/api/getSheetData?spreadsheetId=1_J6mcwcZfxhUpjsOcQ2HORlynWa8IuBMA3uAHdSGbEY
2025-04-15T04:04:02.257Z - SUCCESS: Successfully ran scheduler at 2025-04-15T04:04:02.256Z with schedule "*/1 * * * *" and URL: http://localhost:5001/api/getSheetData?spreadsheetId=1_J6mcwcZfxhUpjsOcQ2HORlynWa8IuBMA3uAHdSGbEY
2025-04-15T04:10:53.131Z - SUCCESS: Lead push scheduler started at 2025-04-15T04:10:53.122Z with schedule "*/1 * * * *" and URL: http://localhost:5001/api/getSheetData?spreadsheetId=1f3Rk4tCszNRsnnClRNI26UB8qPFtTUjAHD0sFglMJf4
2025-04-15T04:10:53.136Z - SUCCESS: Lead push scheduler started at 2025-04-15T04:10:53.136Z with schedule "*/1 * * * *" and URL: http://localhost:5001/api/getSheetData?spreadsheetId=1_J6mcwcZfxhUpjsOcQ2HORlynWa8IuBMA3uAHdSGbEY
2025-04-15T04:13:18.557Z - SUCCESS: Lead push scheduler started at 2025-04-15T04:13:18.555Z with schedule "*/1 * * * *" and URL: http://localhost:5001/api/getSheetData?spreadsheetId=1f3Rk4tCszNRsnnClRNI26UB8qPFtTUjAHD0sFglMJf4
2025-04-15T04:13:18.559Z - SUCCESS: Lead push scheduler started at 2025-04-15T04:13:18.559Z with schedule "*/1 * * * *" and URL: http://localhost:5001/api/getSheetData?spreadsheetId=1_J6mcwcZfxhUpjsOcQ2HORlynWa8IuBMA3uAHdSGbEY
2025-04-15T04:14:44.529Z - SUCCESS: Lead push scheduler started at 2025-04-15T04:14:44.528Z with schedule "*/1 * * * *" and URL: http://localhost:5001/api/getSheetData?spreadsheetId=1f3Rk4tCszNRsnnClRNI26UB8qPFtTUjAHD0sFglMJf4
2025-04-15T04:14:44.532Z - SUCCESS: Lead push scheduler started at 2025-04-15T04:14:44.531Z with schedule "*/1 * * * *" and URL: http://localhost:5001/api/getSheetData?spreadsheetId=1_J6mcwcZfxhUpjsOcQ2HORlynWa8IuBMA3uAHdSGbEY
2025-04-15T04:36:25.686Z - SUCCESS: Lead push scheduler started at 2025-04-15T04:36:25.685Z with schedule "*/1 * * * *" and URL: http://localhost:5001/api/PushLeads
2025-04-15T04:36:25.688Z - SUCCESS: Lead push scheduler started at 2025-04-15T04:36:25.687Z with schedule "*/1 * * * *" and URL: http://localhost:5001/api/getSheetData?spreadsheetId=1f3Rk4tCszNRsnnClRNI26UB8qPFtTUjAHD0sFglMJf4
2025-04-15T04:36:25.690Z - SUCCESS: Lead push scheduler started at 2025-04-15T04:36:25.690Z with schedule "*/1 * * * *" and URL: http://localhost:5001/api/getSheetData?spreadsheetId=1_J6mcwcZfxhUpjsOcQ2HORlynWa8IuBMA3uAHdSGbEY
2025-04-15T04:37:01.067Z - SUCCESS: Successfully ran scheduler at 2025-04-15T04:37:01.067Z with schedule "*/1 * * * *" and URL: http://localhost:5001/api/PushLeads
2025-04-15T04:37:01.068Z - SUCCESS: Successfully ran scheduler at 2025-04-15T04:37:01.068Z with schedule "*/1 * * * *" and URL: http://localhost:5001/api/PushLeads
2025-04-15T04:37:02.763Z - SUCCESS: Successfully ran scheduler at 2025-04-15T04:37:02.762Z with schedule "*/1 * * * *" and URL: http://localhost:5001/api/getSheetData?spreadsheetId=1_J6mcwcZfxhUpjsOcQ2HORlynWa8IuBMA3uAHdSGbEY
2025-04-15T04:37:02.765Z - SUCCESS: Successfully ran scheduler at 2025-04-15T04:37:02.764Z with schedule "*/1 * * * *" and URL: http://localhost:5001/api/getSheetData?spreadsheetId=1_J6mcwcZfxhUpjsOcQ2HORlynWa8IuBMA3uAHdSGbEY
2025-04-15T04:38:00.930Z - SUCCESS: Successfully ran scheduler at 2025-04-15T04:38:00.929Z with schedule "*/1 * * * *" and URL: http://localhost:5001/api/PushLeads
2025-04-15T04:38:00.931Z - SUCCESS: Successfully ran scheduler at 2025-04-15T04:38:00.930Z with schedule "*/1 * * * *" and URL: http://localhost:5001/api/PushLeads
2025-04-15T04:53:07.479Z - SUCCESS: Lead push scheduler started at 2025-04-15T04:53:07.471Z with schedule "*/1 * * * *" and URL: http://localhost:5001/api/getSheetData?spreadsheetId=1f3Rk4tCszNRsnnClRNI26UB8qPFtTUjAHD0sFglMJf4
2025-04-15T04:53:07.485Z - SUCCESS: Lead push scheduler started at 2025-04-15T04:53:07.484Z with schedule "*/1 * * * *" and URL: http://localhost:5001/api/getSheetData?spreadsheetId=1_J6mcwcZfxhUpjsOcQ2HORlynWa8IuBMA3uAHdSGbEY
2025-04-15T04:56:50.275Z - SUCCESS: Lead push scheduler started at 2025-04-15T04:56:50.273Z with schedule "*/1 * * * *" and URL: http://localhost:5001/api/getSheetData?spreadsheetId=1f3Rk4tCszNRsnnClRNI26UB8qPFtTUjAHD0sFglMJf4
2025-04-15T04:56:50.278Z - SUCCESS: Lead push scheduler started at 2025-04-15T04:56:50.277Z with schedule "*/1 * * * *" and URL: http://localhost:5001/api/getSheetData?spreadsheetId=1_J6mcwcZfxhUpjsOcQ2HORlynWa8IuBMA3uAHdSGbEY
2025-04-15T04:57:01.866Z - SUCCESS: Successfully ran scheduler at 2025-04-15T04:57:01.865Z with schedule "*/1 * * * *" and URL: http://localhost:5001/api/getSheetData?spreadsheetId=1_J6mcwcZfxhUpjsOcQ2HORlynWa8IuBMA3uAHdSGbEY
2025-04-15T04:57:01.867Z - SUCCESS: Successfully ran scheduler at 2025-04-15T04:57:01.866Z with schedule "*/1 * * * *" and URL: http://localhost:5001/api/getSheetData?spreadsheetId=1_J6mcwcZfxhUpjsOcQ2HORlynWa8IuBMA3uAHdSGbEY
2025-04-15T05:00:59.344Z - SUCCESS: Lead push scheduler started at 2025-04-15T05:00:59.343Z with schedule "*/1 * * * *" and URL: http://localhost:5001/api/getSheetData?spreadsheetId=1f3Rk4tCszNRsnnClRNI26UB8qPFtTUjAHD0sFglMJf4
2025-04-15T05:00:59.346Z - SUCCESS: Lead push scheduler started at 2025-04-15T05:00:59.346Z with schedule "*/1 * * * *" and URL: http://localhost:5001/api/getSheetData?spreadsheetId=1_J6mcwcZfxhUpjsOcQ2HORlynWa8IuBMA3uAHdSGbEY
2025-04-15T05:01:01.864Z - SUCCESS: Successfully ran scheduler at 2025-04-15T05:01:01.863Z with schedule "*/1 * * * *" and URL: http://localhost:5001/api/getSheetData?spreadsheetId=1_J6mcwcZfxhUpjsOcQ2HORlynWa8IuBMA3uAHdSGbEY
2025-04-15T05:01:01.868Z - SUCCESS: Successfully ran scheduler at 2025-04-15T05:01:01.865Z with schedule "*/1 * * * *" and URL: http://localhost:5001/api/getSheetData?spreadsheetId=1_J6mcwcZfxhUpjsOcQ2HORlynWa8IuBMA3uAHdSGbEY
2025-04-15T05:13:36.097Z - SUCCESS: Lead push scheduler started at 2025-04-15T05:13:36.095Z with schedule "*/1 * * * *" and URL: http://localhost:5001/api/getSheetData?spreadsheetId=1f3Rk4tCszNRsnnClRNI26UB8qPFtTUjAHD0sFglMJf4
2025-04-15T05:13:36.100Z - SUCCESS: Lead push scheduler started at 2025-04-15T05:13:36.100Z with schedule "*/1 * * * *" and URL: http://localhost:5001/api/getSheetData?spreadsheetId=1_J6mcwcZfxhUpjsOcQ2HORlynWa8IuBMA3uAHdSGbEY
2025-04-15T05:14:01.888Z - SUCCESS: Successfully ran scheduler at 2025-04-15T05:14:01.887Z with schedule "*/1 * * * *" and URL: http://localhost:5001/api/getSheetData?spreadsheetId=1_J6mcwcZfxhUpjsOcQ2HORlynWa8IuBMA3uAHdSGbEY
2025-04-15T05:14:01.890Z - SUCCESS: Successfully ran scheduler at 2025-04-15T05:14:01.889Z with schedule "*/1 * * * *" and URL: http://localhost:5001/api/getSheetData?spreadsheetId=1_J6mcwcZfxhUpjsOcQ2HORlynWa8IuBMA3uAHdSGbEY
2025-04-15T05:19:48.977Z - SUCCESS: Lead push scheduler started at 2025-04-15T05:19:48.976Z with schedule "*/1 * * * *" and URL: http://localhost:5001/api/getSheetData?spreadsheetId=1f3Rk4tCszNRsnnClRNI26UB8qPFtTUjAHD0sFglMJf4
2025-04-15T05:19:48.979Z - SUCCESS: Lead push scheduler started at 2025-04-15T05:19:48.979Z with schedule "*/1 * * * *" and URL: http://localhost:5001/api/getSheetData?spreadsheetId=1_J6mcwcZfxhUpjsOcQ2HORlynWa8IuBMA3uAHdSGbEY
2025-04-15T05:20:01.638Z - SUCCESS: Successfully ran scheduler at 2025-04-15T05:20:01.637Z with schedule "*/1 * * * *" and URL: http://localhost:5001/api/getSheetData?spreadsheetId=1_J6mcwcZfxhUpjsOcQ2HORlynWa8IuBMA3uAHdSGbEY
2025-04-15T05:20:01.642Z - SUCCESS: Successfully ran scheduler at 2025-04-15T05:20:01.640Z with schedule "*/1 * * * *" and URL: http://localhost:5001/api/getSheetData?spreadsheetId=1_J6mcwcZfxhUpjsOcQ2HORlynWa8IuBMA3uAHdSGbEY
2025-04-15T05:23:41.027Z - SUCCESS: Lead push scheduler started at 2025-04-15T05:23:41.026Z with schedule "*/1 * * * *" and URL: http://localhost:5001/api/getSheetData?spreadsheetId=1f3Rk4tCszNRsnnClRNI26UB8qPFtTUjAHD0sFglMJf4
2025-04-15T05:23:41.030Z - SUCCESS: Lead push scheduler started at 2025-04-15T05:23:41.029Z with schedule "*/1 * * * *" and URL: http://localhost:5001/api/getSheetData?spreadsheetId=1_J6mcwcZfxhUpjsOcQ2HORlynWa8IuBMA3uAHdSGbEY
2025-04-15T05:24:20.147Z - SUCCESS: Lead push scheduler started at 2025-04-15T05:24:20.146Z with schedule "*/1 * * * *" and URL: http://localhost:5001/api/getSheetData?spreadsheetId=1f3Rk4tCszNRsnnClRNI26UB8qPFtTUjAHD0sFglMJf4
2025-04-15T05:24:20.150Z - SUCCESS: Lead push scheduler started at 2025-04-15T05:24:20.150Z with schedule "*/1 * * * *" and URL: http://localhost:5001/api/getSheetData?spreadsheetId=1_J6mcwcZfxhUpjsOcQ2HORlynWa8IuBMA3uAHdSGbEY
2025-04-15T05:25:03.318Z - SUCCESS: Successfully ran scheduler at 2025-04-15T05:25:03.317Z with schedule "*/1 * * * *" and URL: http://localhost:5001/api/getSheetData?spreadsheetId=1_J6mcwcZfxhUpjsOcQ2HORlynWa8IuBMA3uAHdSGbEY
2025-04-15T05:25:03.321Z - SUCCESS: Successfully ran scheduler at 2025-04-15T05:25:03.320Z with schedule "*/1 * * * *" and URL: http://localhost:5001/api/getSheetData?spreadsheetId=1_J6mcwcZfxhUpjsOcQ2HORlynWa8IuBMA3uAHdSGbEY
2025-04-15T06:19:34.887Z - SUCCESS: Lead push scheduler started at 2025-04-15T06:19:34.883Z with schedule "*/1 * * * *" and URL: http://localhost:5001/api/getSheetData?spreadsheetId=1f3Rk4tCszNRsnnClRNI26UB8qPFtTUjAHD0sFglMJf4
2025-04-15T06:19:34.891Z - SUCCESS: Lead push scheduler started at 2025-04-15T06:19:34.891Z with schedule "*/1 * * * *" and URL: http://localhost:5001/api/getSheetData?spreadsheetId=1_J6mcwcZfxhUpjsOcQ2HORlynWa8IuBMA3uAHdSGbEY
2025-04-15T06:20:02.459Z - SUCCESS: Successfully ran scheduler at 2025-04-15T06:20:02.458Z with schedule "*/1 * * * *" and URL: http://localhost:5001/api/getSheetData?spreadsheetId=1_J6mcwcZfxhUpjsOcQ2HORlynWa8IuBMA3uAHdSGbEY
2025-04-15T06:20:02.460Z - SUCCESS: Successfully ran scheduler at 2025-04-15T06:20:02.460Z with schedule "*/1 * * * *" and URL: http://localhost:5001/api/getSheetData?spreadsheetId=1_J6mcwcZfxhUpjsOcQ2HORlynWa8IuBMA3uAHdSGbEY
2025-04-15T06:30:17.833Z - SUCCESS: Lead push scheduler started at 2025-04-15T06:30:17.832Z with schedule "*/1 * * * *" and URL: http://localhost:5001/api/getSheetData?spreadsheetId=1f3Rk4tCszNRsnnClRNI26UB8qPFtTUjAHD0sFglMJf4
2025-04-15T06:30:17.836Z - SUCCESS: Lead push scheduler started at 2025-04-15T06:30:17.836Z with schedule "*/1 * * * *" and URL: http://localhost:5001/api/getSheetData?spreadsheetId=1_J6mcwcZfxhUpjsOcQ2HORlynWa8IuBMA3uAHdSGbEY
2025-04-15T06:31:23.453Z - SUCCESS: Successfully ran scheduler at 2025-04-15T06:31:23.453Z with schedule "*/1 * * * *" and URL: http://localhost:5001/api/getSheetData?spreadsheetId=1_J6mcwcZfxhUpjsOcQ2HORlynWa8IuBMA3uAHdSGbEY
2025-04-15T06:31:23.455Z - SUCCESS: Successfully ran scheduler at 2025-04-15T06:31:23.454Z with schedule "*/1 * * * *" and URL: http://localhost:5001/api/getSheetData?spreadsheetId=1_J6mcwcZfxhUpjsOcQ2HORlynWa8IuBMA3uAHdSGbEY
2025-04-15T06:35:05.491Z - SUCCESS: Lead push scheduler started at 2025-04-15T06:35:05.490Z with schedule "*/1 * * * *" and URL: http://localhost:5001/api/getSheetData?spreadsheetId=1f3Rk4tCszNRsnnClRNI26UB8qPFtTUjAHD0sFglMJf4
2025-04-15T06:35:05.494Z - SUCCESS: Lead push scheduler started at 2025-04-15T06:35:05.494Z with schedule "*/1 * * * *" and URL: http://localhost:5001/api/getSheetData?spreadsheetId=1_J6mcwcZfxhUpjsOcQ2HORlynWa8IuBMA3uAHdSGbEY
2025-04-15T06:37:15.330Z - SUCCESS: Lead push scheduler started at 2025-04-15T06:37:15.329Z with schedule "*/1 * * * *" and URL: http://localhost:5001/api/getSheetData?spreadsheetId=1f3Rk4tCszNRsnnClRNI26UB8qPFtTUjAHD0sFglMJf4
2025-04-15T06:37:15.333Z - SUCCESS: Lead push scheduler started at 2025-04-15T06:37:15.333Z with schedule "*/1 * * * *" and URL: http://localhost:5001/api/getSheetData?spreadsheetId=1_J6mcwcZfxhUpjsOcQ2HORlynWa8IuBMA3uAHdSGbEY
2025-04-15T06:38:57.402Z - SUCCESS: Lead push scheduler started at 2025-04-15T06:38:57.401Z with schedule "*/1 * * * *" and URL: http://localhost:5001/api/getSheetData?spreadsheetId=1f3Rk4tCszNRsnnClRNI26UB8qPFtTUjAHD0sFglMJf4
2025-04-15T06:38:57.405Z - SUCCESS: Lead push scheduler started at 2025-04-15T06:38:57.405Z with schedule "*/1 * * * *" and URL: http://localhost:5001/api/getSheetData?spreadsheetId=1_J6mcwcZfxhUpjsOcQ2HORlynWa8IuBMA3uAHdSGbEY
2025-04-15T06:39:02.066Z - SUCCESS: Successfully ran scheduler at 2025-04-15T06:39:02.066Z with schedule "*/1 * * * *" and URL: http://localhost:5001/api/getSheetData?spreadsheetId=1_J6mcwcZfxhUpjsOcQ2HORlynWa8IuBMA3uAHdSGbEY
2025-04-15T06:39:02.067Z - SUCCESS: Successfully ran scheduler at 2025-04-15T06:39:02.067Z with schedule "*/1 * * * *" and URL: http://localhost:5001/api/getSheetData?spreadsheetId=1_J6mcwcZfxhUpjsOcQ2HORlynWa8IuBMA3uAHdSGbEY
2025-04-15T06:44:15.447Z - SUCCESS: Lead push scheduler started at 2025-04-15T06:44:15.446Z with schedule "*/1 * * * *" and URL: http://localhost:5001/api/getSheetData?spreadsheetId=1f3Rk4tCszNRsnnClRNI26UB8qPFtTUjAHD0sFglMJf4
2025-04-15T06:44:15.450Z - SUCCESS: Lead push scheduler started at 2025-04-15T06:44:15.450Z with schedule "*/1 * * * *" and URL: http://localhost:5001/api/getSheetData?spreadsheetId=1_J6mcwcZfxhUpjsOcQ2HORlynWa8IuBMA3uAHdSGbEY
2025-04-15T06:45:02.822Z - SUCCESS: Successfully ran scheduler at 2025-04-15T06:45:02.822Z with schedule "*/1 * * * *" and URL: http://localhost:5001/api/getSheetData?spreadsheetId=1_J6mcwcZfxhUpjsOcQ2HORlynWa8IuBMA3uAHdSGbEY
2025-04-15T06:45:02.823Z - SUCCESS: Successfully ran scheduler at 2025-04-15T06:45:02.823Z with schedule "*/1 * * * *" and URL: http://localhost:5001/api/getSheetData?spreadsheetId=1_J6mcwcZfxhUpjsOcQ2HORlynWa8IuBMA3uAHdSGbEY
2025-04-15T06:46:02.059Z - SUCCESS: Lead push scheduler started at 2025-04-15T06:46:02.058Z with schedule "*/1 * * * *" and URL: http://localhost:5001/api/getSheetData?spreadsheetId=1f3Rk4tCszNRsnnClRNI26UB8qPFtTUjAHD0sFglMJf4
2025-04-15T06:46:02.061Z - SUCCESS: Lead push scheduler started at 2025-04-15T06:46:02.061Z with schedule "*/1 * * * *" and URL: http://localhost:5001/api/getSheetData?spreadsheetId=1_J6mcwcZfxhUpjsOcQ2HORlynWa8IuBMA3uAHdSGbEY
2025-04-15T06:47:02.444Z - SUCCESS: Successfully ran scheduler at 2025-04-15T06:47:02.444Z with schedule "*/1 * * * *" and URL: http://localhost:5001/api/getSheetData?spreadsheetId=1_J6mcwcZfxhUpjsOcQ2HORlynWa8IuBMA3uAHdSGbEY
2025-04-15T06:47:02.445Z - SUCCESS: Successfully ran scheduler at 2025-04-15T06:47:02.445Z with schedule "*/1 * * * *" and URL: http://localhost:5001/api/getSheetData?spreadsheetId=1_J6mcwcZfxhUpjsOcQ2HORlynWa8IuBMA3uAHdSGbEY
2025-04-15T06:59:03.430Z - SUCCESS: Lead push scheduler started at 2025-04-15T06:59:03.429Z with schedule "*/1 * * * *" and URL: http://localhost:5001/api/getSheetData?spreadsheetId=1f3Rk4tCszNRsnnClRNI26UB8qPFtTUjAHD0sFglMJf4
2025-04-15T06:59:03.433Z - SUCCESS: Lead push scheduler started at 2025-04-15T06:59:03.433Z with schedule "*/1 * * * *" and URL: http://localhost:5001/api/getSheetData?spreadsheetId=1_J6mcwcZfxhUpjsOcQ2HORlynWa8IuBMA3uAHdSGbEY
2025-04-15T07:00:02.923Z - SUCCESS: Successfully ran scheduler at 2025-04-15T07:00:02.923Z with schedule "*/1 * * * *" and URL: http://localhost:5001/api/getSheetData?spreadsheetId=1_J6mcwcZfxhUpjsOcQ2HORlynWa8IuBMA3uAHdSGbEY
2025-04-15T07:00:02.924Z - SUCCESS: Successfully ran scheduler at 2025-04-15T07:00:02.924Z with schedule "*/1 * * * *" and URL: http://localhost:5001/api/getSheetData?spreadsheetId=1_J6mcwcZfxhUpjsOcQ2HORlynWa8IuBMA3uAHdSGbEY
2025-04-15T07:03:51.069Z - SUCCESS: Lead push scheduler started at 2025-04-15T07:03:51.068Z with schedule "*/1 * * * *" and URL: http://localhost:5001/api/getSheetData?spreadsheetId=1f3Rk4tCszNRsnnClRNI26UB8qPFtTUjAHD0sFglMJf4
2025-04-15T07:03:51.071Z - SUCCESS: Lead push scheduler started at 2025-04-15T07:03:51.071Z with schedule "*/1 * * * *" and URL: http://localhost:5001/api/getSheetData?spreadsheetId=1_J6mcwcZfxhUpjsOcQ2HORlynWa8IuBMA3uAHdSGbEY
2025-04-15T07:04:02.029Z - SUCCESS: Successfully ran scheduler at 2025-04-15T07:04:02.028Z with schedule "*/1 * * * *" and URL: http://localhost:5001/api/getSheetData?spreadsheetId=1_J6mcwcZfxhUpjsOcQ2HORlynWa8IuBMA3uAHdSGbEY
2025-04-15T07:04:02.032Z - SUCCESS: Successfully ran scheduler at 2025-04-15T07:04:02.031Z with schedule "*/1 * * * *" and URL: http://localhost:5001/api/getSheetData?spreadsheetId=1_J6mcwcZfxhUpjsOcQ2HORlynWa8IuBMA3uAHdSGbEY
2025-04-15T07:06:40.800Z - SUCCESS: Lead push scheduler started at 2025-04-15T07:06:40.799Z with schedule "*/1 * * * *" and URL: http://localhost:5001/api/getSheetData?spreadsheetId=1f3Rk4tCszNRsnnClRNI26UB8qPFtTUjAHD0sFglMJf4
2025-04-15T07:06:40.803Z - SUCCESS: Lead push scheduler started at 2025-04-15T07:06:40.803Z with schedule "*/1 * * * *" and URL: http://localhost:5001/api/getSheetData?spreadsheetId=1_J6mcwcZfxhUpjsOcQ2HORlynWa8IuBMA3uAHdSGbEY
2025-04-15T07:07:55.916Z - SUCCESS: Lead push scheduler started at 2025-04-15T07:07:55.915Z with schedule "*/1 * * * *" and URL: http://localhost:5001/api/getSheetData?spreadsheetId=1f3Rk4tCszNRsnnClRNI26UB8qPFtTUjAHD0sFglMJf4
2025-04-15T07:07:55.919Z - SUCCESS: Lead push scheduler started at 2025-04-15T07:07:55.918Z with schedule "*/1 * * * *" and URL: http://localhost:5001/api/getSheetData?spreadsheetId=1_J6mcwcZfxhUpjsOcQ2HORlynWa8IuBMA3uAHdSGbEY
2025-04-15T07:08:02.775Z - SUCCESS: Successfully ran scheduler at 2025-04-15T07:08:02.775Z with schedule "*/1 * * * *" and URL: http://localhost:5001/api/getSheetData?spreadsheetId=1_J6mcwcZfxhUpjsOcQ2HORlynWa8IuBMA3uAHdSGbEY
2025-04-15T07:08:02.776Z - SUCCESS: Successfully ran scheduler at 2025-04-15T07:08:02.776Z with schedule "*/1 * * * *" and URL: http://localhost:5001/api/getSheetData?spreadsheetId=1_J6mcwcZfxhUpjsOcQ2HORlynWa8IuBMA3uAHdSGbEY
2025-04-15T07:39:49.311Z - SUCCESS: Lead push scheduler started at 2025-04-15T07:39:49.301Z with schedule "*/1 * * * *" and URL: http://localhost:5001/api/PushLeads
2025-04-15T07:39:49.315Z - SUCCESS: Lead push scheduler started at 2025-04-15T07:39:49.314Z with schedule "*/1 * * * *" and URL: http://localhost:5001/api/getSheetData?spreadsheetId=1f3Rk4tCszNRsnnClRNI26UB8qPFtTUjAHD0sFglMJf4
2025-04-15T07:39:49.319Z - SUCCESS: Lead push scheduler started at 2025-04-15T07:39:49.319Z with schedule "*/1 * * * *" and URL: http://localhost:5001/api/getSheetData?spreadsheetId=1_J6mcwcZfxhUpjsOcQ2HORlynWa8IuBMA3uAHdSGbEY
2025-04-15T07:40:00.595Z - SUCCESS: Successfully ran scheduler at 2025-04-15T07:40:00.595Z with schedule "*/1 * * * *" and URL: http://localhost:5001/api/PushLeads
2025-04-15T07:40:00.596Z - SUCCESS: Successfully ran scheduler at 2025-04-15T07:40:00.596Z with schedule "*/1 * * * *" and URL: http://localhost:5001/api/PushLeads
2025-04-15T07:41:00.939Z - SUCCESS: Successfully ran scheduler at 2025-04-15T07:41:00.938Z with schedule "*/1 * * * *" and URL: http://localhost:5001/api/PushLeads
2025-04-15T07:41:00.940Z - SUCCESS: Successfully ran scheduler at 2025-04-15T07:41:00.939Z with schedule "*/1 * * * *" and URL: http://localhost:5001/api/PushLeads
2025-04-15T07:41:44.410Z - SUCCESS: Lead push scheduler started at 2025-04-15T07:41:44.408Z with schedule "*/1 * * * *" and URL: http://localhost:5001/api/PushLeads
2025-04-15T07:41:44.411Z - SUCCESS: Lead push scheduler started at 2025-04-15T07:41:44.411Z with schedule "*/1 * * * *" and URL: http://localhost:5001/api/getSheetData?spreadsheetId=1f3Rk4tCszNRsnnClRNI26UB8qPFtTUjAHD0sFglMJf4
2025-04-15T07:41:44.414Z - SUCCESS: Lead push scheduler started at 2025-04-15T07:41:44.413Z with schedule "*/1 * * * *" and URL: http://localhost:5001/api/getSheetData?spreadsheetId=1_J6mcwcZfxhUpjsOcQ2HORlynWa8IuBMA3uAHdSGbEY
2025-04-15T07:42:00.714Z - SUCCESS: Successfully ran scheduler at 2025-04-15T07:42:00.714Z with schedule "*/1 * * * *" and URL: http://localhost:5001/api/PushLeads
2025-04-15T07:42:00.716Z - SUCCESS: Successfully ran scheduler at 2025-04-15T07:42:00.716Z with schedule "*/1 * * * *" and URL: http://localhost:5001/api/PushLeads
2025-04-15T07:42:02.355Z - SUCCESS: Successfully ran scheduler at 2025-04-15T07:42:02.354Z with schedule "*/1 * * * *" and URL: http://localhost:5001/api/getSheetData?spreadsheetId=1_J6mcwcZfxhUpjsOcQ2HORlynWa8IuBMA3uAHdSGbEY
2025-04-15T07:42:02.357Z - SUCCESS: Successfully ran scheduler at 2025-04-15T07:42:02.356Z with schedule "*/1 * * * *" and URL: http://localhost:5001/api/getSheetData?spreadsheetId=1_J6mcwcZfxhUpjsOcQ2HORlynWa8IuBMA3uAHdSGbEY
2025-04-15T11:18:20.858Z - SUCCESS: Lead push scheduler started at 2025-04-15T11:18:20.857Z with schedule "*/1 * * * *" and URL: http://localhost:5001/api/getSheetData?spreadsheetId=1f3Rk4tCszNRsnnClRNI26UB8qPFtTUjAHD0sFglMJf4
2025-04-15T11:18:20.862Z - SUCCESS: Lead push scheduler started at 2025-04-15T11:18:20.862Z with schedule "*/1 * * * *" and URL: http://localhost:5001/api/getSheetData?spreadsheetId=1_J6mcwcZfxhUpjsOcQ2HORlynWa8IuBMA3uAHdSGbEY
2025-04-15T11:19:02.229Z - SUCCESS: Successfully ran scheduler at 2025-04-15T11:19:02.228Z with schedule "*/1 * * * *" and URL: http://localhost:5001/api/getSheetData?spreadsheetId=1_J6mcwcZfxhUpjsOcQ2HORlynWa8IuBMA3uAHdSGbEY
2025-04-15T11:19:02.230Z - SUCCESS: Successfully ran scheduler at 2025-04-15T11:19:02.230Z with schedule "*/1 * * * *" and URL: http://localhost:5001/api/getSheetData?spreadsheetId=1_J6mcwcZfxhUpjsOcQ2HORlynWa8IuBMA3uAHdSGbEY
