2025-04-16T05:14:02.426Z - ERROR: Error triggering webhook Request failed with status code 500  2025-04-16T05:14:02.423Z with schedule "*/1 * * * *" and URL: http://localhost:5001/api/getSheetData?spreadsheetId=1f3Rk4tCszNRsnnClRNI26UB8qPFtTUjAHD0sFglMJf4
2025-04-16T05:14:02.432Z - ERROR: Error triggering webhook Request failed with status code 500  2025-04-16T05:14:02.431Z with schedule "*/1 * * * *" and URL: http://localhost:5001/api/getSheetData?spreadsheetId=1_J6mcwcZfxhUpjsOcQ2HORlynWa8IuBMA3uAHdSGbEY
2025-04-16T05:15:01.181Z - ERROR: Error triggering webhook Request failed with status code 500  2025-04-16T05:15:01.180Z with schedule "*/1 * * * *" and URL: http://localhost:5001/api/getSheetData?spreadsheetId=1f3Rk4tCszNRsnnClRNI26UB8qPFtTUjAHD0sFglMJf4
2025-04-16T05:15:01.297Z - ERROR: Error triggering webhook Request failed with status code 500  2025-04-16T05:15:01.296Z with schedule "*/1 * * * *" and URL: http://localhost:5001/api/getSheetData?spreadsheetId=1_J6mcwcZfxhUpjsOcQ2HORlynWa8IuBMA3uAHdSGbEY
2025-04-16T05:16:01.644Z - ERROR: Error triggering webhook Request failed with status code 500  2025-04-16T05:16:01.643Z with schedule "*/1 * * * *" and URL: http://localhost:5001/api/getSheetData?spreadsheetId=1_J6mcwcZfxhUpjsOcQ2HORlynWa8IuBMA3uAHdSGbEY
2025-04-16T05:16:01.792Z - ERROR: Error triggering webhook Request failed with status code 500  2025-04-16T05:16:01.791Z with schedule "*/1 * * * *" and URL: http://localhost:5001/api/getSheetData?spreadsheetId=1f3Rk4tCszNRsnnClRNI26UB8qPFtTUjAHD0sFglMJf4
2025-04-16T05:18:01.910Z - ERROR: Error triggering webhook Request failed with status code 500  2025-04-16T05:18:01.909Z with schedule "*/1 * * * *" and URL: http://localhost:5001/api/getSheetData?spreadsheetId=1f3Rk4tCszNRsnnClRNI26UB8qPFtTUjAHD0sFglMJf4
2025-04-16T05:18:01.973Z - ERROR: Error triggering webhook Request failed with status code 500  2025-04-16T05:18:01.970Z with schedule "*/1 * * * *" and URL: http://localhost:5001/api/getSheetData?spreadsheetId=1_J6mcwcZfxhUpjsOcQ2HORlynWa8IuBMA3uAHdSGbEY
2025-04-16T05:20:01.509Z - ERROR: Error triggering webhook Request failed with status code 500  2025-04-16T05:20:01.509Z with schedule "*/1 * * * *" and URL: http://localhost:5001/api/getSheetData?spreadsheetId=1f3Rk4tCszNRsnnClRNI26UB8qPFtTUjAHD0sFglMJf4
2025-04-16T05:21:01.532Z - ERROR: Error triggering webhook Request failed with status code 500  2025-04-16T05:21:01.530Z with schedule "*/1 * * * *" and URL: http://localhost:5001/api/getSheetData?spreadsheetId=1f3Rk4tCszNRsnnClRNI26UB8qPFtTUjAHD0sFglMJf4
2025-04-16T05:21:01.731Z - ERROR: Error triggering webhook Request failed with status code 500  2025-04-16T05:21:01.728Z with schedule "*/1 * * * *" and URL: http://localhost:5001/api/getSheetData?spreadsheetId=1_J6mcwcZfxhUpjsOcQ2HORlynWa8IuBMA3uAHdSGbEY
2025-04-16T05:23:01.436Z - ERROR: Error triggering webhook Request failed with status code 500  2025-04-16T05:23:01.436Z with schedule "*/1 * * * *" and URL: http://localhost:5001/api/getSheetData?spreadsheetId=1f3Rk4tCszNRsnnClRNI26UB8qPFtTUjAHD0sFglMJf4
2025-04-16T05:24:01.541Z - ERROR: Error triggering webhook Request failed with status code 500  2025-04-16T05:24:01.539Z with schedule "*/1 * * * *" and URL: http://localhost:5001/api/getSheetData?spreadsheetId=1f3Rk4tCszNRsnnClRNI26UB8qPFtTUjAHD0sFglMJf4
2025-04-16T05:24:02.765Z - ERROR: Error triggering webhook Request failed with status code 500  2025-04-16T05:24:02.764Z with schedule "*/1 * * * *" and URL: http://localhost:5001/api/getSheetData?spreadsheetId=1_J6mcwcZfxhUpjsOcQ2HORlynWa8IuBMA3uAHdSGbEY
2025-04-16T05:25:01.035Z - ERROR: Error triggering webhook Request failed with status code 500  2025-04-16T05:25:01.035Z with schedule "*/1 * * * *" and URL: http://localhost:5001/api/getSheetData?spreadsheetId=1_J6mcwcZfxhUpjsOcQ2HORlynWa8IuBMA3uAHdSGbEY
2025-04-16T05:25:01.045Z - ERROR: Error triggering webhook Request failed with status code 500  2025-04-16T05:25:01.044Z with schedule "*/1 * * * *" and URL: http://localhost:5001/api/getSheetData?spreadsheetId=1f3Rk4tCszNRsnnClRNI26UB8qPFtTUjAHD0sFglMJf4
2025-04-16T05:35:01.744Z - ERROR: Error triggering webhook Request failed with status code 500  2025-04-16T05:35:01.743Z with schedule "*/1 * * * *" and URL: http://localhost:5001/api/getSheetData?spreadsheetId=1f3Rk4tCszNRsnnClRNI26UB8qPFtTUjAHD0sFglMJf4
2025-04-16T06:29:01.867Z - ERROR: Error triggering webhook Request failed with status code 500  2025-04-16T06:29:01.866Z with schedule "*/1 * * * *" and URL: http://localhost:5001/api/getSheetData?spreadsheetId=1f3Rk4tCszNRsnnClRNI26UB8qPFtTUjAHD0sFglMJf4
2025-04-16T06:30:02.098Z - ERROR: Error triggering webhook Request failed with status code 500  2025-04-16T06:30:02.098Z with schedule "*/1 * * * *" and URL: http://localhost:5001/api/getSheetData?spreadsheetId=1f3Rk4tCszNRsnnClRNI26UB8qPFtTUjAHD0sFglMJf4
2025-04-16T06:31:01.363Z - ERROR: Error triggering webhook Request failed with status code 500  2025-04-16T06:31:01.363Z with schedule "*/1 * * * *" and URL: http://localhost:5001/api/getSheetData?spreadsheetId=1f3Rk4tCszNRsnnClRNI26UB8qPFtTUjAHD0sFglMJf4
2025-04-16T06:33:02.002Z - ERROR: Error triggering webhook Request failed with status code 500  2025-04-16T06:33:02.000Z with schedule "*/1 * * * *" and URL: http://localhost:5001/api/getSheetData?spreadsheetId=1f3Rk4tCszNRsnnClRNI26UB8qPFtTUjAHD0sFglMJf4
2025-04-16T06:49:01.677Z - ERROR: Error triggering webhook Request failed with status code 500  2025-04-16T06:49:01.675Z with schedule "*/1 * * * *" and URL: http://localhost:5001/api/getSheetData?spreadsheetId=1f3Rk4tCszNRsnnClRNI26UB8qPFtTUjAHD0sFglMJf4
2025-04-16T06:50:01.598Z - ERROR: Error triggering webhook Request failed with status code 500  2025-04-16T06:50:01.597Z with schedule "*/1 * * * *" and URL: http://localhost:5001/api/getSheetData?spreadsheetId=1_J6mcwcZfxhUpjsOcQ2HORlynWa8IuBMA3uAHdSGbEY
2025-04-16T06:50:02.291Z - ERROR: Error triggering webhook Request failed with status code 500  2025-04-16T06:50:02.289Z with schedule "*/1 * * * *" and URL: http://localhost:5001/api/getSheetData?spreadsheetId=1f3Rk4tCszNRsnnClRNI26UB8qPFtTUjAHD0sFglMJf4
2025-04-16T06:52:01.025Z - ERROR: Error triggering webhook Request failed with status code 500  2025-04-16T06:52:01.024Z with schedule "*/1 * * * *" and URL: http://localhost:5001/api/getSheetData?spreadsheetId=1f3Rk4tCszNRsnnClRNI26UB8qPFtTUjAHD0sFglMJf4
2025-04-16T06:52:01.045Z - ERROR: Error triggering webhook Request failed with status code 500  2025-04-16T06:52:01.044Z with schedule "*/1 * * * *" and URL: http://localhost:5001/api/getSheetData?spreadsheetId=1_J6mcwcZfxhUpjsOcQ2HORlynWa8IuBMA3uAHdSGbEY
2025-04-16T06:53:01.412Z - ERROR: Error triggering webhook Request failed with status code 500  2025-04-16T06:53:01.411Z with schedule "*/1 * * * *" and URL: http://localhost:5001/api/getSheetData?spreadsheetId=1f3Rk4tCszNRsnnClRNI26UB8qPFtTUjAHD0sFglMJf4
2025-04-16T06:53:01.768Z - ERROR: Error triggering webhook Request failed with status code 500  2025-04-16T06:53:01.767Z with schedule "*/1 * * * *" and URL: http://localhost:5001/api/getSheetData?spreadsheetId=1_J6mcwcZfxhUpjsOcQ2HORlynWa8IuBMA3uAHdSGbEY
2025-04-16T06:54:00.921Z - ERROR: Error triggering webhook Request failed with status code 500  2025-04-16T06:54:00.919Z with schedule "*/1 * * * *" and URL: http://localhost:5001/api/getSheetData?spreadsheetId=1_J6mcwcZfxhUpjsOcQ2HORlynWa8IuBMA3uAHdSGbEY
2025-04-16T06:54:00.935Z - ERROR: Error triggering webhook Request failed with status code 500  2025-04-16T06:54:00.934Z with schedule "*/1 * * * *" and URL: http://localhost:5001/api/getSheetData?spreadsheetId=1f3Rk4tCszNRsnnClRNI26UB8qPFtTUjAHD0sFglMJf4
2025-04-16T06:55:01.472Z - ERROR: Error triggering webhook Request failed with status code 500  2025-04-16T06:55:01.471Z with schedule "*/1 * * * *" and URL: http://localhost:5001/api/getSheetData?spreadsheetId=1f3Rk4tCszNRsnnClRNI26UB8qPFtTUjAHD0sFglMJf4
2025-04-16T06:55:01.501Z - ERROR: Error triggering webhook Request failed with status code 500  2025-04-16T06:55:01.501Z with schedule "*/1 * * * *" and URL: http://localhost:5001/api/getSheetData?spreadsheetId=1_J6mcwcZfxhUpjsOcQ2HORlynWa8IuBMA3uAHdSGbEY
2025-04-16T06:56:00.648Z - ERROR: Error triggering webhook Request failed with status code 500  2025-04-16T06:56:00.647Z with schedule "*/1 * * * *" and URL: http://localhost:5001/api/getSheetData?spreadsheetId=1f3Rk4tCszNRsnnClRNI26UB8qPFtTUjAHD0sFglMJf4
2025-04-16T06:56:00.652Z - ERROR: Error triggering webhook Request failed with status code 500  2025-04-16T06:56:00.652Z with schedule "*/1 * * * *" and URL: http://localhost:5001/api/getSheetData?spreadsheetId=1_J6mcwcZfxhUpjsOcQ2HORlynWa8IuBMA3uAHdSGbEY
2025-04-16T07:36:01.315Z - ERROR: Error triggering webhook Request failed with status code 500  2025-04-16T07:36:01.315Z with schedule "*/1 * * * *" and URL: http://localhost:5001/api/getSheetData?spreadsheetId=1f3Rk4tCszNRsnnClRNI26UB8qPFtTUjAHD0sFglMJf4
2025-04-16T07:37:01.347Z - ERROR: Error triggering webhook Request failed with status code 500  2025-04-16T07:37:01.347Z with schedule "*/1 * * * *" and URL: http://localhost:5001/api/getSheetData?spreadsheetId=1_J6mcwcZfxhUpjsOcQ2HORlynWa8IuBMA3uAHdSGbEY
2025-04-16T07:37:01.369Z - ERROR: Error triggering webhook Request failed with status code 500  2025-04-16T07:37:01.368Z with schedule "*/1 * * * *" and URL: http://localhost:5001/api/getSheetData?spreadsheetId=1f3Rk4tCszNRsnnClRNI26UB8qPFtTUjAHD0sFglMJf4
2025-04-16T07:38:00.793Z - ERROR: Error triggering webhook Request failed with status code 500  2025-04-16T07:38:00.791Z with schedule "*/1 * * * *" and URL: http://localhost:5001/api/getSheetData?spreadsheetId=1_J6mcwcZfxhUpjsOcQ2HORlynWa8IuBMA3uAHdSGbEY
2025-04-16T07:38:00.803Z - ERROR: Error triggering webhook Request failed with status code 500  2025-04-16T07:38:00.802Z with schedule "*/1 * * * *" and URL: http://localhost:5001/api/getSheetData?spreadsheetId=1f3Rk4tCszNRsnnClRNI26UB8qPFtTUjAHD0sFglMJf4
2025-04-16T07:52:01.633Z - ERROR: Error triggering webhook Request failed with status code 500  2025-04-16T07:52:01.633Z with schedule "*/1 * * * *" and URL: http://localhost:5001/api/getSheetData?spreadsheetId=1f3Rk4tCszNRsnnClRNI26UB8qPFtTUjAHD0sFglMJf4
2025-04-16T07:53:00.631Z - ERROR: Error triggering webhook Request failed with status code 500  2025-04-16T07:53:00.630Z with schedule "*/1 * * * *" and URL: http://localhost:5001/api/getSheetData?spreadsheetId=1_J6mcwcZfxhUpjsOcQ2HORlynWa8IuBMA3uAHdSGbEY
2025-04-16T07:53:00.635Z - ERROR: Error triggering webhook Request failed with status code 500  2025-04-16T07:53:00.634Z with schedule "*/1 * * * *" and URL: http://localhost:5001/api/getSheetData?spreadsheetId=1f3Rk4tCszNRsnnClRNI26UB8qPFtTUjAHD0sFglMJf4
2025-04-16T07:56:01.341Z - ERROR: Error triggering webhook Request failed with status code 500  2025-04-16T07:56:01.340Z with schedule "*/1 * * * *" and URL: http://localhost:5001/api/getSheetData?spreadsheetId=1_J6mcwcZfxhUpjsOcQ2HORlynWa8IuBMA3uAHdSGbEY
2025-04-16T07:56:01.353Z - ERROR: Error triggering webhook Request failed with status code 500  2025-04-16T07:56:01.352Z with schedule "*/1 * * * *" and URL: http://localhost:5001/api/getSheetData?spreadsheetId=1f3Rk4tCszNRsnnClRNI26UB8qPFtTUjAHD0sFglMJf4
2025-04-16T08:00:01.967Z - ERROR: Error triggering webhook Request failed with status code 500  2025-04-16T08:00:01.967Z with schedule "*/1 * * * *" and URL: http://localhost:5001/api/getSheetData?spreadsheetId=1f3Rk4tCszNRsnnClRNI26UB8qPFtTUjAHD0sFglMJf4
2025-04-16T08:00:01.981Z - ERROR: Error triggering webhook Request failed with status code 500  2025-04-16T08:00:01.981Z with schedule "*/1 * * * *" and URL: http://localhost:5001/api/getSheetData?spreadsheetId=1_J6mcwcZfxhUpjsOcQ2HORlynWa8IuBMA3uAHdSGbEY
2025-04-16T08:06:01.400Z - ERROR: Error triggering webhook Request failed with status code 500  2025-04-16T08:06:01.399Z with schedule "*/1 * * * *" and URL: http://localhost:5001/api/getSheetData?spreadsheetId=1f3Rk4tCszNRsnnClRNI26UB8qPFtTUjAHD0sFglMJf4
2025-04-16T08:06:01.446Z - ERROR: Error triggering webhook Request failed with status code 500  2025-04-16T08:06:01.446Z with schedule "*/1 * * * *" and URL: http://localhost:5001/api/getSheetData?spreadsheetId=1_J6mcwcZfxhUpjsOcQ2HORlynWa8IuBMA3uAHdSGbEY
2025-04-16T08:07:01.312Z - ERROR: Error triggering webhook Request failed with status code 500  2025-04-16T08:07:01.311Z with schedule "*/1 * * * *" and URL: http://localhost:5001/api/getSheetData?spreadsheetId=1f3Rk4tCszNRsnnClRNI26UB8qPFtTUjAHD0sFglMJf4
2025-04-16T08:07:01.379Z - ERROR: Error triggering webhook Request failed with status code 500  2025-04-16T08:07:01.378Z with schedule "*/1 * * * *" and URL: http://localhost:5001/api/getSheetData?spreadsheetId=1_J6mcwcZfxhUpjsOcQ2HORlynWa8IuBMA3uAHdSGbEY
2025-04-16T08:08:00.722Z - ERROR: Error triggering webhook   2025-04-16T08:08:00.722Z with schedule "*/1 * * * *" and URL: http://localhost:5001/api/getSheetData?spreadsheetId=1f3Rk4tCszNRsnnClRNI26UB8qPFtTUjAHD0sFglMJf4
2025-04-16T08:09:01.117Z - ERROR: Error triggering webhook Request failed with status code 500  2025-04-16T08:09:01.117Z with schedule "*/1 * * * *" and URL: http://localhost:5001/api/getSheetData?spreadsheetId=1_J6mcwcZfxhUpjsOcQ2HORlynWa8IuBMA3uAHdSGbEY
2025-04-16T08:09:01.121Z - ERROR: Error triggering webhook Request failed with status code 500  2025-04-16T08:09:01.120Z with schedule "*/1 * * * *" and URL: http://localhost:5001/api/getSheetData?spreadsheetId=1f3Rk4tCszNRsnnClRNI26UB8qPFtTUjAHD0sFglMJf4
2025-04-16T08:10:01.177Z - ERROR: Error triggering webhook Request failed with status code 500  2025-04-16T08:10:01.176Z with schedule "*/1 * * * *" and URL: http://localhost:5001/api/getSheetData?spreadsheetId=1f3Rk4tCszNRsnnClRNI26UB8qPFtTUjAHD0sFglMJf4
2025-04-16T08:10:01.184Z - ERROR: Error triggering webhook Request failed with status code 500  2025-04-16T08:10:01.184Z with schedule "*/1 * * * *" and URL: http://localhost:5001/api/getSheetData?spreadsheetId=1_J6mcwcZfxhUpjsOcQ2HORlynWa8IuBMA3uAHdSGbEY
2025-04-16T08:11:00.677Z - ERROR: Error triggering webhook Request failed with status code 500  2025-04-16T08:11:00.677Z with schedule "*/1 * * * *" and URL: http://localhost:5001/api/getSheetData?spreadsheetId=1f3Rk4tCszNRsnnClRNI26UB8qPFtTUjAHD0sFglMJf4
2025-04-16T08:11:00.682Z - ERROR: Error triggering webhook Request failed with status code 500  2025-04-16T08:11:00.682Z with schedule "*/1 * * * *" and URL: http://localhost:5001/api/getSheetData?spreadsheetId=1_J6mcwcZfxhUpjsOcQ2HORlynWa8IuBMA3uAHdSGbEY
2025-04-16T08:12:01.180Z - ERROR: Error triggering webhook Request failed with status code 500  2025-04-16T08:12:01.180Z with schedule "*/1 * * * *" and URL: http://localhost:5001/api/getSheetData?spreadsheetId=1f3Rk4tCszNRsnnClRNI26UB8qPFtTUjAHD0sFglMJf4
2025-04-16T08:12:01.203Z - ERROR: Error triggering webhook Request failed with status code 500  2025-04-16T08:12:01.203Z with schedule "*/1 * * * *" and URL: http://localhost:5001/api/getSheetData?spreadsheetId=1_J6mcwcZfxhUpjsOcQ2HORlynWa8IuBMA3uAHdSGbEY
2025-04-16T08:13:01.583Z - ERROR: Error triggering webhook Request failed with status code 500  2025-04-16T08:13:01.582Z with schedule "*/1 * * * *" and URL: http://localhost:5001/api/getSheetData?spreadsheetId=1f3Rk4tCszNRsnnClRNI26UB8qPFtTUjAHD0sFglMJf4
2025-04-16T08:13:01.589Z - ERROR: Error triggering webhook Request failed with status code 500  2025-04-16T08:13:01.588Z with schedule "*/1 * * * *" and URL: http://localhost:5001/api/getSheetData?spreadsheetId=1_J6mcwcZfxhUpjsOcQ2HORlynWa8IuBMA3uAHdSGbEY
2025-04-16T08:14:00.809Z - ERROR: Error triggering webhook Request failed with status code 500  2025-04-16T08:14:00.809Z with schedule "*/1 * * * *" and URL: http://localhost:5001/api/getSheetData?spreadsheetId=1_J6mcwcZfxhUpjsOcQ2HORlynWa8IuBMA3uAHdSGbEY
2025-04-16T08:14:00.816Z - ERROR: Error triggering webhook Request failed with status code 500  2025-04-16T08:14:00.816Z with schedule "*/1 * * * *" and URL: http://localhost:5001/api/getSheetData?spreadsheetId=1f3Rk4tCszNRsnnClRNI26UB8qPFtTUjAHD0sFglMJf4
2025-04-16T08:16:01.321Z - ERROR: Azeem1 Request failed with status code 500  2025-04-16T08:16:01.321Z with schedule "*/1 * * * *" and URL: http://localhost:5001/api/getSheetData?spreadsheetId=1_J6mcwcZfxhUpjsOcQ2HORlynWa8IuBMA3uAHdSGbEY
2025-04-16T08:16:01.327Z - ERROR: Azeem1 Request failed with status code 500  2025-04-16T08:16:01.327Z with schedule "*/1 * * * *" and URL: http://localhost:5001/api/getSheetData?spreadsheetId=1f3Rk4tCszNRsnnClRNI26UB8qPFtTUjAHD0sFglMJf4
2025-04-16T08:17:01.654Z - ERROR: Azeem1 Request failed with status code 500  2025-04-16T08:17:01.653Z with schedule "*/1 * * * *" and URL: http://localhost:5001/api/getSheetData?spreadsheetId=1f3Rk4tCszNRsnnClRNI26UB8qPFtTUjAHD0sFglMJf4
2025-04-16T08:17:01.696Z - ERROR: Azeem1 Request failed with status code 500  2025-04-16T08:17:01.696Z with schedule "*/1 * * * *" and URL: http://localhost:5001/api/getSheetData?spreadsheetId=1_J6mcwcZfxhUpjsOcQ2HORlynWa8IuBMA3uAHdSGbEY
2025-04-16T08:18:01.308Z - ERROR: Azeem1 Request failed with status code 500  2025-04-16T08:18:01.307Z with schedule "*/1 * * * *" and URL: http://localhost:5001/api/getSheetData?spreadsheetId=1f3Rk4tCszNRsnnClRNI26UB8qPFtTUjAHD0sFglMJf4
2025-04-16T08:18:01.313Z - ERROR: Azeem1 Request failed with status code 500  2025-04-16T08:18:01.313Z with schedule "*/1 * * * *" and URL: http://localhost:5001/api/getSheetData?spreadsheetId=1_J6mcwcZfxhUpjsOcQ2HORlynWa8IuBMA3uAHdSGbEY
2025-04-16T08:19:01.458Z - ERROR: Azeem1 Request failed with status code 500  2025-04-16T08:19:01.458Z with schedule "*/1 * * * *" and URL: http://localhost:5001/api/getSheetData?spreadsheetId=1f3Rk4tCszNRsnnClRNI26UB8qPFtTUjAHD0sFglMJf4
2025-04-16T08:19:01.466Z - ERROR: Azeem1 Request failed with status code 500  2025-04-16T08:19:01.465Z with schedule "*/1 * * * *" and URL: http://localhost:5001/api/getSheetData?spreadsheetId=1_J6mcwcZfxhUpjsOcQ2HORlynWa8IuBMA3uAHdSGbEY
2025-04-16T08:20:00.967Z - ERROR: Azeem1 Request failed with status code 500  2025-04-16T08:20:00.966Z with schedule "*/1 * * * *" and URL: http://localhost:5001/api/getSheetData?spreadsheetId=1f3Rk4tCszNRsnnClRNI26UB8qPFtTUjAHD0sFglMJf4
2025-04-16T08:20:00.970Z - ERROR: Azeem1 Request failed with status code 500  2025-04-16T08:20:00.969Z with schedule "*/1 * * * *" and URL: http://localhost:5001/api/getSheetData?spreadsheetId=1_J6mcwcZfxhUpjsOcQ2HORlynWa8IuBMA3uAHdSGbEY
2025-04-16T08:21:01.422Z - ERROR: Azeem1 Request failed with status code 500  2025-04-16T08:21:01.422Z with schedule "*/1 * * * *" and URL: http://localhost:5001/api/getSheetData?spreadsheetId=1_J6mcwcZfxhUpjsOcQ2HORlynWa8IuBMA3uAHdSGbEY
2025-04-16T08:21:01.425Z - ERROR: Azeem1 Request failed with status code 500  2025-04-16T08:21:01.425Z with schedule "*/1 * * * *" and URL: http://localhost:5001/api/getSheetData?spreadsheetId=1f3Rk4tCszNRsnnClRNI26UB8qPFtTUjAHD0sFglMJf4
2025-04-16T09:16:02.586Z - ERROR: Error triggering webhook Request failed with status code 500  2025-04-16T09:16:02.586Z with schedule "*/1 * * * *" and URL: http://localhost:5001/api/getSheetData?spreadsheetId=1f3Rk4tCszNRsnnClRNI26UB8qPFtTUjAHD0sFglMJf4
2025-04-16T09:16:03.506Z - ERROR: Error triggering webhook Request failed with status code 500  2025-04-16T09:16:03.505Z with schedule "*/1 * * * *" and URL: http://localhost:5001/api/getSheetData?spreadsheetId=1_J6mcwcZfxhUpjsOcQ2HORlynWa8IuBMA3uAHdSGbEY
2025-04-16T09:17:01.052Z - ERROR: Error triggering webhook Request failed with status code 500  2025-04-16T09:17:01.051Z with schedule "*/1 * * * *" and URL: http://localhost:5001/api/getSheetData?spreadsheetId=1f3Rk4tCszNRsnnClRNI26UB8qPFtTUjAHD0sFglMJf4
2025-04-16T09:17:01.056Z - ERROR: Error triggering webhook Request failed with status code 500  2025-04-16T09:17:01.056Z with schedule "*/1 * * * *" and URL: http://localhost:5001/api/getSheetData?spreadsheetId=1_J6mcwcZfxhUpjsOcQ2HORlynWa8IuBMA3uAHdSGbEY
